05-10 12:53:03.098  1481  2961 I chatty  : uid=1000(system) watchdog expire 5 lines
05-10 12:53:41.564  1109  1319 E storaged: getDiskStats failed with result NOT_SUPPORTED and size 0
05-10 12:53:41.684  1481  1597 I chatty  : uid=1000(system) BroadcastQueue expire 110 lines
05-10 12:54:04.046  1481  1481 I chatty  : uid=1000 system_server expire 8 lines
05-10 12:54:41.565  1109  1319 E storaged: getDiskStats failed with result NOT_SUPPORTED and size 0
05-10 12:54:50.554  1481  1597 I chatty  : uid=1000(system) BroadcastQueue expire 33 lines
05-10 12:54:59.888  1481  1743 I chatty  : uid=1000(system) Binder:1481_5 expire 15 lines
05-10 12:55:01.787   709   739 E NetlinkEvent: NetlinkEvent::FindParam(): Parameter 'INTERFACE' not found
05-10 12:55:01.787   709   739 E NetlinkEvent: NetlinkEvent::FindParam(): Parameter 'STATE' not found
05-10 12:55:01.787   709   739 E NetlinkEvent: NetlinkEvent::FindParam(): Parameter 'TIME_NS' not found
05-10 12:55:01.787   709   739 E NetlinkEvent: NetlinkEvent::FindParam(): Parameter 'UID' not found
05-10 12:55:06.384 12350 12350 D ViewRootImpl: swipeFromBottom mIgnoring true downY 2305 mScreenHeight 2340 mStatusBarHeight 54 globalScale 1.125
05-10 12:55:06.452  1481  2192 I chatty  : uid=1000(system) InputDispatcher expire 9 lines
05-10 12:55:06.560  1481  4112 I chatty  : uid=1000(system) Binder:1481_12 expire 53 lines
05-10 12:55:06.626  1481  2154 I chatty  : uid=1000(system) android.anim.lf expire 23 lines
05-10 12:55:06.662  1481  1597 I chatty  : uid=1000(system) BroadcastQueue expire 13 lines
05-10 12:55:10.299  1481  2193 I chatty  : uid=1000(system) InputReader expire 5 lines
05-10 12:55:10.302  1481  2581 I chatty  : uid=1000(system) aceService.Main expire 1 line
05-10 12:55:10.555  1481  1698 I chatty  : uid=1000(system) android.display expire 3 lines
05-10 12:55:10.781  1481  1696 I chatty  : uid=1000(system) android.fg expire 3 lines
05-10 12:55:10.831  1481  1598 I chatty  : uid=1000(system) ActivityManager expire 2 lines
05-10 12:55:11.464  8630  8630 W FingerprintManager: Invalid acquired message: 6, 3
05-10 12:55:11.467  1481  1743 I chatty  : uid=1000(system) Binder:1481_5 expire 6 lines
05-10 12:55:11.473  1481  1759 I chatty  : uid=1000(system) PowerManagerSer expire 4 lines
05-10 12:55:11.555  1481  3321 I chatty  : uid=1000(system) Binder:1481_A expire 2 lines
05-10 12:55:11.727  1481  3523 I chatty  : uid=1000(system) Binder:1481_D expire 3 lines
05-10 12:55:11.734  1481  4591 I chatty  : uid=1000(system) Binder:1481_14 expire 2 lines
05-10 12:55:12.148  1481  9999 I chatty  : uid=1000(system) Binder:1481_1F expire 2 lines
05-10 12:55:12.148  1481  1720 I chatty  : uid=1000(system) Binder:1481_3 expire 1 line
05-10 12:55:12.149  1481  4661 I chatty  : uid=1000(system) Binder:1481_16 expire 2 lines
05-10 12:55:12.167  1481  1720 I chatty  : uid=1000(system) Binder:1481_3 expire 4 lines
05-10 12:55:12.168  1481  1592 I chatty  : uid=1000(system) android.ui expire 10 lines
05-10 12:55:12.173  1481  1698 I chatty  : uid=1000(system) android.display expire 6 lines
05-10 12:55:13.698  1481  1559 I chatty  : uid=1000(system) android.bg expire 3 lines
05-10 12:55:13.966  1481  3523 I chatty  : uid=1000(system) Binder:1481_D expire 5 lines
05-10 12:55:13.970  1481  9972 I chatty  : uid=1000(system) Binder:1481_1D expire 6 lines
05-10 12:55:13.979  1481  1759 I chatty  : uid=1000(system) PowerManagerSer expire 6 lines
05-10 12:55:15.015  1481  1598 I chatty  : uid=1000(system) ActivityManager expire 4 lines
05-10 12:55:23.966  1481  2579 I chatty  : uid=1000(system) BackTouchSensor expire 4 lines
05-10 12:55:23.966  1481  9499 I chatty  : uid=1000(system) Binder:1481_18 expire 17 lines
05-10 12:55:23.968  1481  1481 I chatty  : uid=1000 system_server expire 10 lines
05-10 12:55:24.016  1481  3007 I chatty  : uid=1000(system) Binder:1481_8 expire 17 lines
05-10 12:55:24.116  1481  2524 I chatty  : uid=1000(system) ConnectivitySer expire 4 lines
05-10 12:55:24.317  8630  8630 W FingerprintManager: resetTimeout, packageName = com.android.systemui
05-10 12:55:24.320  1481  1780 I chatty  : uid=1000(system) Thread-4 expire 1 line
05-10 12:55:24.320  1481  1696 I chatty  : uid=1000(system) android.fg expire 4 lines
05-10 12:55:24.373  1481  2153 I chatty  : uid=1000(system) android.anim expire 20 lines
05-10 12:55:24.397  1481  2184 I chatty  : uid=1000(system) PhoneWinHandler expire 1 line
05-10 12:55:24.492  8630  8630 W FingerprintManager: resetTimeout, packageName = com.android.systemui
05-10 12:55:24.528  1481  2566 I chatty  : uid=1000(system) MotorManager expire 5 lines
05-10 12:55:24.651  1481  9627 I chatty  : uid=1000(system) Binder:1481_1C expire 1 line
05-10 12:55:24.661  1481  1597 I chatty  : uid=1000(system) BroadcastQueue expire 70 lines
05-10 12:55:25.430  1481  1743 I chatty  : uid=1000(system) Binder:1481_5 expire 4 lines
05-10 12:55:29.755  1481  1514 I chatty  : uid=1000(system) Binder:1481_2 expire 1 line
05-10 12:55:29.954  1481  2154 I chatty  : uid=1000(system) android.anim.lf expire 38 lines
05-10 12:55:30.232  1481  1591 I chatty  : uid=1000(system) ActivityManager expire 1 line
05-10 12:55:31.579 15776 15776 D ViewRootImpl: swipeFromBottom mIgnoring true downY 2337 mScreenHeight 2340 mStatusBarHeight 54 globalScale 1.125
05-10 12:55:31.650  1481  2654 I chatty  : uid=1000(system) LazyTaskWriterT expire 3 lines
05-10 12:55:33.143  1481  2961 I chatty  : uid=1000(system) watchdog expire 3 lines
05-10 12:55:35.170  1481  3691 I chatty  : uid=1000(system) Binder:1481_11 expire 16 lines
05-10 12:55:40.874   709   739 E NetlinkEvent: NetlinkEvent::FindParam(): Parameter 'INTERFACE' not found
05-10 12:55:40.874   709   739 E NetlinkEvent: NetlinkEvent::FindParam(): Parameter 'STATE' not found
05-10 12:55:40.874   709   739 E NetlinkEvent: NetlinkEvent::FindParam(): Parameter 'TIME_NS' not found
05-10 12:55:40.874   709   739 E NetlinkEvent: NetlinkEvent::FindParam(): Parameter 'UID' not found
05-10 12:55:41.602  1109  1319 E storaged: getDiskStats failed with result NOT_SUPPORTED and size 0
05-10 12:55:43.837  1481  1597 I chatty  : uid=1000(system) BroadcastQueue expire 33 lines
05-10 12:55:46.770   709   739 E NetlinkEvent: NetlinkEvent::FindParam(): Parameter 'INTERFACE' not found
05-10 12:55:46.770   709   739 E NetlinkEvent: NetlinkEvent::FindParam(): Parameter 'STATE' not found
05-10 12:55:46.770   709   739 E NetlinkEvent: NetlinkEvent::FindParam(): Parameter 'TIME_NS' not found
05-10 12:55:46.770   709   739 E NetlinkEvent: NetlinkEvent::FindParam(): Parameter 'UID' not found
05-10 12:55:49.289  1481  9499 I chatty  : uid=1000(system) Binder:1481_18 expire 1 line
05-10 12:55:52.648   709   739 E NetlinkEvent: NetlinkEvent::FindParam(): Parameter 'INTERFACE' not found
05-10 12:55:52.648   709   739 E NetlinkEvent: NetlinkEvent::FindParam(): Parameter 'STATE' not found
05-10 12:55:52.648   709   739 E NetlinkEvent: NetlinkEvent::FindParam(): Parameter 'TIME_NS' not found
05-10 12:55:52.648   709   739 E NetlinkEvent: NetlinkEvent::FindParam(): Parameter 'UID' not found
05-10 12:55:55.620  1481  3518 I chatty  : uid=1000(system) Binder:1481_C expire 1 line
05-10 12:55:58.525   709   739 E NetlinkEvent: NetlinkEvent::FindParam(): Parameter 'INTERFACE' not found
05-10 12:55:58.526   709   739 E NetlinkEvent: NetlinkEvent::FindParam(): Parameter 'STATE' not found
05-10 12:55:58.526   709   739 E NetlinkEvent: NetlinkEvent::FindParam(): Parameter 'TIME_NS' not found
05-10 12:55:58.526   709   739 E NetlinkEvent: NetlinkEvent::FindParam(): Parameter 'UID' not found
05-10 12:55:59.722  1481  1597 I chatty  : uid=1000(system) BroadcastQueue expire 66 lines
05-10 12:56:04.430   709   739 E NetlinkEvent: NetlinkEvent::FindParam(): Parameter 'INTERFACE' not found
05-10 12:56:04.430   709   739 E NetlinkEvent: NetlinkEvent::FindParam(): Parameter 'STATE' not found
05-10 12:56:04.430   709   739 E NetlinkEvent: NetlinkEvent::FindParam(): Parameter 'TIME_NS' not found
05-10 12:56:04.430   709   739 E NetlinkEvent: NetlinkEvent::FindParam(): Parameter 'UID' not found
05-10 12:56:20.454  1481  9567 I chatty  : uid=1000(system) Binder:1481_19 expire 2 lines
05-10 12:56:20.474  1481  3007 I chatty  : uid=1000(system) Binder:1481_8 expire 5 lines
05-10 12:56:20.690  1481  2153 I chatty  : uid=1000(system) android.anim expire 7 lines
05-10 12:56:37.966  1481  4112 I chatty  : uid=1000(system) Binder:1481_12 expire 1 line
05-10 12:56:41.603  1109  1319 E storaged: getDiskStats failed with result NOT_SUPPORTED and size 0
05-10 12:56:42.709  1481  1597 I chatty  : uid=1000(system) BroadcastQueue expire 132 lines
05-10 12:56:47.822  1481  1759 I chatty  : uid=1000(system) PowerManagerSer expire 2 lines
05-10 12:56:49.783  1481  3691 I chatty  : uid=1000(system) Binder:1481_11 expire 2 lines
05-10 12:56:54.929  1481  3192 I chatty  : uid=1000(system) Binder:1481_9 expire 4 lines
05-10 12:56:59.248  1481  1592 I chatty  : uid=1000(system) android.ui expire 10 lines
05-10 12:57:03.152  1481  2961 I chatty  : uid=1000(system) watchdog expire 10 lines
05-10 12:57:41.608  1109  1319 E storaged: getDiskStats failed with result NOT_SUPPORTED and size 0
05-10 12:57:46.692  1481  1597 I chatty  : uid=1000(system) BroadcastQueue expire 110 lines
05-10 12:58:41.613  1109  1319 E storaged: getDiskStats failed with result NOT_SUPPORTED and size 0
05-10 12:58:44.817  1481  1597 I chatty  : uid=1000(system) BroadcastQueue expire 110 lines
05-10 12:58:52.723  1481  1591 I chatty  : uid=1000(system) ActivityManager expire 3 lines
05-10 12:58:52.847  1481  9499 I chatty  : uid=1000(system) Binder:1481_18 expire 1 line
05-10 12:58:52.848  1481  1743 I chatty  : uid=1000(system) Binder:1481_5 expire 1 line
05-10 12:58:52.851  1481  9999 I chatty  : uid=1000(system) Binder:1481_1F expire 5 lines
05-10 12:58:55.922  1481  1598 I chatty  : uid=1000(system) ActivityManager expire 3 lines
05-10 12:59:41.616  1109  1319 E storaged: getDiskStats failed with result NOT_SUPPORTED and size 0
05-10 12:59:43.692  1481  1597 I chatty  : uid=1000(system) BroadcastQueue expire 44 lines
05-10 12:59:44.045   709   739 E NetlinkEvent: NetlinkEvent::FindParam(): Parameter 'INTERFACE' not found
05-10 12:59:44.045   709   739 E NetlinkEvent: NetlinkEvent::FindParam(): Parameter 'STATE' not found
05-10 12:59:44.045   709   739 E NetlinkEvent: NetlinkEvent::FindParam(): Parameter 'TIME_NS' not found
05-10 12:59:44.045   709   739 E NetlinkEvent: NetlinkEvent::FindParam(): Parameter 'UID' not found
05-10 12:59:59.960   709   739 E NetlinkEvent: NetlinkEvent::FindParam(): Parameter 'INTERFACE' not found
05-10 12:59:59.960   709   739 E NetlinkEvent: NetlinkEvent::FindParam(): Parameter 'STATE' not found
05-10 12:59:59.960   709   739 E NetlinkEvent: NetlinkEvent::FindParam(): Parameter 'TIME_NS' not found
05-10 12:59:59.960   709   739 E NetlinkEvent: NetlinkEvent::FindParam(): Parameter 'UID' not found
05-10 13:00:00.008  1481  1481 I chatty  : uid=1000 system_server expire 5 lines
05-10 13:00:00.045  1481  3518 I chatty  : uid=1000(system) Binder:1481_C expire 7 lines
05-10 13:00:05.699  1481  1597 I chatty  : uid=1000(system) BroadcastQueue expire 33 lines
05-10 13:00:05.818   709   739 E NetlinkEvent: NetlinkEvent::FindParam(): Parameter 'INTERFACE' not found
05-10 13:00:05.818   709   739 E NetlinkEvent: NetlinkEvent::FindParam(): Parameter 'STATE' not found
05-10 13:00:05.818   709   739 E NetlinkEvent: NetlinkEvent::FindParam(): Parameter 'TIME_NS' not found
05-10 13:00:05.818   709   739 E NetlinkEvent: NetlinkEvent::FindParam(): Parameter 'UID' not found
05-10 13:00:11.729   709   739 E NetlinkEvent: NetlinkEvent::FindParam(): Parameter 'INTERFACE' not found
05-10 13:00:11.729   709   739 E NetlinkEvent: NetlinkEvent::FindParam(): Parameter 'STATE' not found
05-10 13:00:11.729   709   739 E NetlinkEvent: NetlinkEvent::FindParam(): Parameter 'TIME_NS' not found
05-10 13:00:11.729   709   739 E NetlinkEvent: NetlinkEvent::FindParam(): Parameter 'UID' not found
05-10 13:00:17.606   709   739 E NetlinkEvent: NetlinkEvent::FindParam(): Parameter 'INTERFACE' not found
05-10 13:00:17.606   709   739 E NetlinkEvent: NetlinkEvent::FindParam(): Parameter 'STATE' not found
05-10 13:00:17.606   709   739 E NetlinkEvent: NetlinkEvent::FindParam(): Parameter 'TIME_NS' not found
05-10 13:00:17.606   709   739 E NetlinkEvent: NetlinkEvent::FindParam(): Parameter 'UID' not found
05-10 13:00:20.836  1481  1597 I chatty  : uid=1000(system) BroadcastQueue expire 44 lines
05-10 13:00:23.505   709   739 E NetlinkEvent: NetlinkEvent::FindParam(): Parameter 'INTERFACE' not found
05-10 13:00:23.505   709   739 E NetlinkEvent: NetlinkEvent::FindParam(): Parameter 'STATE' not found
05-10 13:00:23.505   709   739 E NetlinkEvent: NetlinkEvent::FindParam(): Parameter 'TIME_NS' not found
05-10 13:00:23.505   709   739 E NetlinkEvent: NetlinkEvent::FindParam(): Parameter 'UID' not found
05-10 13:00:23.550 15776 15776 D ViewRootImpl: swipeFromBottom mIgnoring true downY 2328 mScreenHeight 2340 mStatusBarHeight 54 globalScale 1.125
05-10 13:00:23.907  1481  3526 I chatty  : uid=1000(system) Binder:1481_10 expire 16 lines
05-10 13:00:23.943  1481  2566 I chatty  : uid=1000(system) MotorManager expire 7 lines
05-10 13:00:27.122  1481  2654 I chatty  : uid=1000(system) LazyTaskWriterT expire 4 lines
05-10 13:00:29.610  1481  3525 I chatty  : uid=1000(system) Binder:1481_F expire 13 lines
05-10 13:00:30.097  1481  2153 I chatty  : uid=1000(system) android.anim expire 16 lines
05-10 13:00:41.620  1109  1319 E storaged: getDiskStats failed with result NOT_SUPPORTED and size 0
05-10 13:00:42.586  1481  1597 I chatty  : uid=1000(system) BroadcastQueue expire 121 lines
05-10 13:00:42.808  1481  3525 I chatty  : uid=1000(system) Binder:1481_F expire 13 lines
05-10 13:00:45.434  1481  3526 I chatty  : uid=1000(system) Binder:1481_10 expire 23 lines
05-10 13:01:30.779  1481  9974 I chatty  : uid=1000(system) Binder:1481_1E expire 2 lines
05-10 13:01:31.567  1481  3523 I chatty  : uid=1000(system) Binder:1481_D expire 1 line
05-10 13:01:41.622  1109  1319 E storaged: getDiskStats failed with result NOT_SUPPORTED and size 0
05-10 13:01:41.719  1481  1597 I chatty  : uid=1000(system) BroadcastQueue expire 44 lines
05-10 13:01:46.109   709   739 E NetlinkEvent: NetlinkEvent::FindParam(): Parameter 'INTERFACE' not found
05-10 13:01:46.109   709   739 E NetlinkEvent: NetlinkEvent::FindParam(): Parameter 'STATE' not found
05-10 13:01:46.109   709   739 E NetlinkEvent: NetlinkEvent::FindParam(): Parameter 'TIME_NS' not found
05-10 13:01:46.109   709   739 E NetlinkEvent: NetlinkEvent::FindParam(): Parameter 'UID' not found
05-10 13:02:02.053   709   739 E NetlinkEvent: NetlinkEvent::FindParam(): Parameter 'INTERFACE' not found
05-10 13:02:02.053   709   739 E NetlinkEvent: NetlinkEvent::FindParam(): Parameter 'STATE' not found
05-10 13:02:02.053   709   739 E NetlinkEvent: NetlinkEvent::FindParam(): Parameter 'TIME_NS' not found
05-10 13:02:02.053   709   739 E NetlinkEvent: NetlinkEvent::FindParam(): Parameter 'UID' not found
05-10 13:02:02.702  1481  1597 I chatty  : uid=1000(system) BroadcastQueue expire 22 lines
05-10 13:02:03.180  1481  2961 I chatty  : uid=1000(system) watchdog expire 4 lines
05-10 13:02:07.959   709   739 E NetlinkEvent: NetlinkEvent::FindParam(): Parameter 'INTERFACE' not found
05-10 13:02:07.960   709   739 E NetlinkEvent: NetlinkEvent::FindParam(): Parameter 'STATE' not found
05-10 13:02:07.960   709   739 E NetlinkEvent: NetlinkEvent::FindParam(): Parameter 'TIME_NS' not found
05-10 13:02:07.960   709   739 E NetlinkEvent: NetlinkEvent::FindParam(): Parameter 'UID' not found
05-10 13:02:13.839   709   739 E NetlinkEvent: NetlinkEvent::FindParam(): Parameter 'INTERFACE' not found
05-10 13:02:13.839   709   739 E NetlinkEvent: NetlinkEvent::FindParam(): Parameter 'STATE' not found
05-10 13:02:13.839   709   739 E NetlinkEvent: NetlinkEvent::FindParam(): Parameter 'TIME_NS' not found
05-10 13:02:13.839   709   739 E NetlinkEvent: NetlinkEvent::FindParam(): Parameter 'UID' not found
05-10 13:02:19.716   709   739 E NetlinkEvent: NetlinkEvent::FindParam(): Parameter 'INTERFACE' not found
05-10 13:02:19.716   709   739 E NetlinkEvent: NetlinkEvent::FindParam(): Parameter 'STATE' not found
05-10 13:02:19.716   709   739 E NetlinkEvent: NetlinkEvent::FindParam(): Parameter 'TIME_NS' not found
05-10 13:02:19.716   709   739 E NetlinkEvent: NetlinkEvent::FindParam(): Parameter 'UID' not found
05-10 13:02:23.693  1481  1597 I chatty  : uid=1000(system) BroadcastQueue expire 33 lines
05-10 13:02:25.607   709   739 E NetlinkEvent: NetlinkEvent::FindParam(): Parameter 'INTERFACE' not found
05-10 13:02:25.607   709   739 E NetlinkEvent: NetlinkEvent::FindParam(): Parameter 'STATE' not found
05-10 13:02:25.607   709   739 E NetlinkEvent: NetlinkEvent::FindParam(): Parameter 'TIME_NS' not found
05-10 13:02:25.607   709   739 E NetlinkEvent: NetlinkEvent::FindParam(): Parameter 'UID' not found
05-10 13:02:41.626  1109  1319 E storaged: getDiskStats failed with result NOT_SUPPORTED and size 0
05-10 13:02:45.711  1481  1597 I chatty  : uid=1000(system) BroadcastQueue expire 44 lines
05-10 13:03:00.076  1481  4661 I chatty  : uid=1000(system) Binder:1481_16 expire 6 lines
05-10 13:03:00.076  1481  4657 I chatty  : uid=1000(system) Binder:1481_15 expire 4 lines
05-10 13:03:00.095  1481  1698 I chatty  : uid=1000(system) android.display expire 2 lines
05-10 13:03:01.260 17863 17863 E LoadedApk: Unable to instantiate appComponentFactory
05-10 13:03:01.260 17863 17863 E LoadedApk: java.lang.ClassNotFoundException: Didn't find class "android.support.v4.app.CoreComponentFactory" on path: DexPathList[[zip file "/system/framework/com.coloros.statistics.jar", zip file "/system/app/RecentTask/RecentTask.apk"],nativeLibraryDirectories=[/system/app/RecentTask/lib/arm64, /system/app/RecentTask/RecentTask.apk!/lib/arm64-v8a, /system/lib64, /system/lib64]]
05-10 13:03:01.260 17863 17863 E LoadedApk: 	at dalvik.system.BaseDexClassLoader.findClass(BaseDexClassLoader.java:134)
05-10 13:03:01.260 17863 17863 E LoadedApk: 	at java.lang.ClassLoader.loadClass(ClassLoader.java:379)
05-10 13:03:01.260 17863 17863 E LoadedApk: 	at java.lang.ClassLoader.loadClass(ClassLoader.java:312)
05-10 13:03:01.260 17863 17863 E LoadedApk: 	at android.app.LoadedApk.createAppFactory(LoadedApk.java:238)
05-10 13:03:01.260 17863 17863 E LoadedApk: 	at android.app.LoadedApk.createOrUpdateClassLoaderLocked(LoadedApk.java:778)
05-10 13:03:01.260 17863 17863 E LoadedApk: 	at android.app.LoadedApk.getClassLoader(LoadedApk.java:857)
05-10 13:03:01.260 17863 17863 E LoadedApk: 	at android.app.LoadedApk.getResources(LoadedApk.java:1092)
05-10 13:03:01.260 17863 17863 E LoadedApk: 	at android.app.ContextImpl.createAppContext(ContextImpl.java:2467)
05-10 13:03:01.260 17863 17863 E LoadedApk: 	at android.app.ActivityThread.handleBindApplication(ActivityThread.java:6143)
05-10 13:03:01.260 17863 17863 E LoadedApk: 	at android.app.ActivityThread.access$1400(ActivityThread.java:219)
05-10 13:03:01.260 17863 17863 E LoadedApk: 	at android.app.ActivityThread$H.handleMessage(ActivityThread.java:1835)
05-10 13:03:01.260 17863 17863 E LoadedApk: 	at android.os.Handler.dispatchMessage(Handler.java:106)
05-10 13:03:01.260 17863 17863 E LoadedApk: 	at android.os.Looper.loop(Looper.java:227)
05-10 13:03:01.260 17863 17863 E LoadedApk: 	at android.app.ActivityThread.main(ActivityThread.java:7182)
05-10 13:03:01.260 17863 17863 E LoadedApk: 	at java.lang.reflect.Method.invoke(Native Method)
05-10 13:03:01.260 17863 17863 E LoadedApk: 	at com.android.internal.os.RuntimeInit$MethodAndArgsCaller.run(RuntimeInit.java:575)
05-10 13:03:01.260 17863 17863 E LoadedApk: 	at com.android.internal.os.ZygoteInit.main(ZygoteInit.java:903)
05-10 13:03:06.702  1481  1597 I chatty  : uid=1000(system) BroadcastQueue expire 55 lines
05-10 13:03:26.206  1481  1592 I chatty  : uid=1000(system) android.ui expire 8 lines
05-10 13:03:41.627  1109  1319 E storaged: getDiskStats failed with result NOT_SUPPORTED and size 0
05-10 13:03:43.824  1481  1597 I chatty  : uid=1000(system) BroadcastQueue expire 22 lines
05-10 13:03:53.138  1481  9972 I chatty  : uid=1000(system) Binder:1481_1D expire 1 line
05-10 13:03:53.138  1481  3371 I chatty  : uid=1000(system) Binder:1481_B expire 1 line
05-10 13:03:53.139  1481  4591 I chatty  : uid=1000(system) Binder:1481_14 expire 1 line
05-10 13:03:53.151  1481  4177 I chatty  : uid=1000(system) Binder:1481_13 expire 11 lines
05-10 13:03:54.594  1481  1597 I chatty  : uid=1000(system) BroadcastQueue expire 32 lines
05-10 13:04:03.190  1481  2961 I chatty  : uid=1000(system) watchdog expire 5 lines
05-10 13:04:41.629  1109  1319 E storaged: getDiskStats failed with result NOT_SUPPORTED and size 0
05-10 13:04:42.706  1481  1597 I chatty  : uid=1000(system) BroadcastQueue expire 88 lines
05-10 13:04:56.106  1481  3371 I chatty  : uid=1000(system) Binder:1481_B expire 14 lines
05-10 13:04:56.172  1481  9999 I chatty  : uid=1000(system) Binder:1481_1F expire 10 lines
05-10 13:04:56.209  1481  2566 I chatty  : uid=1000(system) MotorManager expire 5 lines
05-10 13:04:56.731  1481  2153 I chatty  : uid=1000(system) android.anim expire 11 lines
05-10 13:04:56.737  1481  1591 I chatty  : uid=1000(system) ActivityManager expire 3 lines
05-10 13:04:59.719  1481  2654 I chatty  : uid=1000(system) LazyTaskWriterT expire 3 lines
05-10 13:05:41.631  1109  1319 E storaged: getDiskStats failed with result NOT_SUPPORTED and size 0
05-10 13:05:51.825  1481  1597 I chatty  : uid=1000(system) BroadcastQueue expire 24 lines
05-10 13:06:04.290  1481 10099 I chatty  : uid=1000(system) Binder:1481_20 expire 12 lines
05-10 13:06:04.514  1481  4737 I chatty  : uid=1000(system) Binder:1481_17 expire 8 lines
05-10 13:06:08.616  1481  1592 I chatty  : uid=1000(system) android.ui expire 4 lines
05-10 13:06:09.202  1481  2193 I chatty  : uid=1000(system) InputReader expire 7 lines
05-10 13:06:09.208  1481  2581 I chatty  : uid=1000(system) aceService.Main expire 1 line
05-10 13:06:09.210  1481  1481 I chatty  : uid=1000 system_server expire 11 lines
05-10 13:06:09.389  1481  1759 I chatty  : uid=1000(system) PowerManagerSer expire 25 lines
05-10 13:06:09.473  1481  1698 I chatty  : uid=1000(system) android.display expire 12 lines
05-10 13:06:09.499  1481  9972 I chatty  : uid=1000(system) Binder:1481_1D expire 46 lines
05-10 13:06:09.543  1481  3007 I chatty  : uid=1000(system) Binder:1481_8 expire 21 lines
05-10 13:06:09.552  1481  4661 I chatty  : uid=1000(system) Binder:1481_16 expire 28 lines
05-10 13:06:09.701  1481  1696 I chatty  : uid=1000(system) android.fg expire 8 lines
05-10 13:06:09.757  1481  1598 I chatty  : uid=1000(system) ActivityManager expire 1 line
05-10 13:06:10.007  1481  1559 I chatty  : uid=1000(system) android.bg expire 5 lines
05-10 13:06:10.353  8630  8630 W FingerprintManager: Invalid acquired message: 6, 3
05-10 13:06:10.377  1481  3371 I chatty  : uid=1000(system) Binder:1481_B expire 4 lines
05-10 13:06:10.443  1481  1597 I chatty  : uid=1000(system) BroadcastQueue expire 13 lines
05-10 13:06:10.454  1481  9499 I chatty  : uid=1000(system) Binder:1481_18 expire 1 line
05-10 13:06:34.305  8630  8630 W FingerprintManager: Invalid acquired message: 6, 3
05-10 13:06:34.308  1481  9974 I chatty  : uid=1000(system) Binder:1481_1E expire 4 lines
05-10 13:06:34.309  1481  9972 I chatty  : uid=1000(system) Binder:1481_1D expire 6 lines
05-10 13:06:34.313  1481  1759 I chatty  : uid=1000(system) PowerManagerSer expire 6 lines
05-10 13:06:35.762  1481  4661 I chatty  : uid=1000(system) Binder:1481_16 expire 10 lines
05-10 13:06:35.762  1481  4177 I chatty  : uid=1000(system) Binder:1481_13 expire 1 line
05-10 13:06:35.871  1481  2184 I chatty  : uid=1000(system) PhoneWinHandler expire 1 line
05-10 13:06:35.910  1481  2524 I chatty  : uid=1000(system) ConnectivitySer expire 4 lines
05-10 13:06:37.133  8630  8630 W FingerprintManager: resetTimeout, packageName = com.android.systemui
05-10 13:06:37.133  1481  1780 I chatty  : uid=1000(system) Thread-4 expire 1 line
05-10 13:06:37.168  8630  8630 W FingerprintManager: resetTimeout, packageName = com.android.systemui
05-10 13:06:37.201  1481  9621 I chatty  : uid=1000(system) Binder:1481_1A expire 4 lines
05-10 13:06:37.221  1481  1481 I chatty  : uid=1000 system_server expire 11 lines
05-10 13:06:37.401  1481  1597 I chatty  : uid=1000(system) BroadcastQueue expire 42 lines
05-10 13:06:37.718  1481  1592 I chatty  : uid=1000(system) android.ui expire 19 lines
05-10 13:06:38.163  1481  9999 I chatty  : uid=1000(system) Binder:1481_1F expire 7 lines
05-10 13:06:38.163  1481  2566 I chatty  : uid=1000(system) MotorManager expire 3 lines
05-10 13:06:38.330  1481  3007 I chatty  : uid=1000(system) Binder:1481_8 expire 8 lines
05-10 13:06:38.339  1481  2153 I chatty  : uid=1000(system) android.anim expire 5 lines
05-10 13:06:38.345  1481  1591 I chatty  : uid=1000(system) ActivityManager expire 2 lines
05-10 13:06:41.386  1481  2654 I chatty  : uid=1000(system) LazyTaskWriterT expire 2 lines
05-10 13:06:44.762  1481  2961 I chatty  : uid=1000(system) watchdog expire 11 lines
05-10 13:06:53.185  1109  1319 E storaged: getDiskStats failed with result NOT_SUPPORTED and size 0
05-10 13:06:56.394  1481  1597 I chatty  : uid=1000(system) BroadcastQueue expire 64 lines
05-10 13:07:53.187  1109  1319 E storaged: getDiskStats failed with result NOT_SUPPORTED and size 0
05-10 13:08:00.372  1481  1597 I chatty  : uid=1000(system) BroadcastQueue expire 56 lines
05-10 13:08:03.005  1481  3523 I chatty  : uid=1000(system) Binder:1481_D expire 11 lines
05-10 13:08:07.743  1481  1598 I chatty  : uid=1000(system) ActivityManager expire 5 lines
05-10 13:08:07.774  1481  1743 I chatty  : uid=1000(system) Binder:1481_5 expire 18 lines
05-10 13:08:09.109  1481  9974 I chatty  : uid=1000(system) Binder:1481_1E expire 22 lines
05-10 13:08:53.189  1109  1319 E storaged: getDiskStats failed with result NOT_SUPPORTED and size 0
05-10 13:08:54.136  1481  1597 I chatty  : uid=1000(system) BroadcastQueue expire 48 lines
05-10 13:09:53.192  1109  1319 E storaged: getDiskStats failed with result NOT_SUPPORTED and size 0
05-10 13:09:53.266  1481  1597 I chatty  : uid=1000(system) BroadcastQueue expire 91 lines
05-10 13:10:01.511  1481  9621 I chatty  : uid=1000(system) Binder:1481_1A expire 37 lines
05-10 13:10:38.340  1481  9972 I chatty  : uid=1000(system) Binder:1481_1D expire 17 lines
05-10 13:10:38.354  1481  2755 I chatty  : uid=1000(system) Binder:1481_6 expire 1 line
05-10 13:10:38.354  1481  2524 I chatty  : uid=1000(system) ConnectivitySer expire 1 line
05-10 13:10:53.194  1109  1319 E storaged: getDiskStats failed with result NOT_SUPPORTED and size 0
05-10 13:10:57.268  1481  1597 I chatty  : uid=1000(system) BroadcastQueue expire 54 lines
05-10 13:11:38.330  1481  9499 I chatty  : uid=1000(system) Binder:1481_18 expire 1 line
05-10 13:11:53.200  1109  1319 E storaged: getDiskStats failed with result NOT_SUPPORTED and size 0
05-10 13:11:55.387  1481  1597 I chatty  : uid=1000(system) BroadcastQueue expire 17 lines
05-10 13:11:58.268  1481  9567 I chatty  : uid=1000(system) Binder:1481_19 expire 8 lines
05-10 13:12:01.200  8769  8769 E SchedPolicy: set_timerslack_ns write failed: Operation not permitted
05-10 13:12:01.506  8769  8769 E SchedPolicy: set_timerslack_ns write failed: Operation not permitted
05-10 13:12:01.557  1481  1592 I chatty  : uid=1000(system) android.ui expire 5 lines
05-10 13:12:01.589  8769  8769 E SchedPolicy: set_timerslack_ns write failed: Operation not permitted
05-10 13:12:01.776  1481  1514 I chatty  : uid=1000(system) Binder:1481_2 expire 12 lines
05-10 13:12:05.733 18648 18648 E ActivityThread: Failed to find provider info for com.tencent.mm.coolassist.debugprovider
05-10 13:12:05.737 18634 18634 E ActivityThread: Failed to find provider info for com.tencent.mm.coolassist.debugprovider
05-10 13:12:06.129  1481  1597 I chatty  : uid=1000(system) BroadcastQueue expire 22 lines
05-10 13:12:13.387  1481  2193 I chatty  : uid=1000(system) InputReader expire 5 lines
05-10 13:12:13.394  1481  2581 I chatty  : uid=1000(system) aceService.Main expire 1 line
05-10 13:12:13.615  1481  1759 I chatty  : uid=1000(system) PowerManagerSer expire 20 lines
05-10 13:12:13.705  1481  1698 I chatty  : uid=1000(system) android.display expire 5 lines
05-10 13:12:13.946  1481  1696 I chatty  : uid=1000(system) android.fg expire 3 lines
05-10 13:12:14.287  1481  1559 I chatty  : uid=1000(system) android.bg expire 2 lines
05-10 13:12:14.605  8630  8630 W FingerprintManager: Invalid acquired message: 6, 3
05-10 13:12:14.607  1481  9974 I chatty  : uid=1000(system) Binder:1481_1E expire 3 lines
05-10 13:12:14.607  1481  9972 I chatty  : uid=1000(system) Binder:1481_1D expire 3 lines
05-10 13:12:14.611  1481  1743 I chatty  : uid=1000(system) Binder:1481_5 expire 3 lines
05-10 13:12:14.621  8769  8769 E SchedPolicy: set_timerslack_ns write failed: Operation not permitted
05-10 13:12:14.637  1481  1514 I chatty  : uid=1000(system) Binder:1481_2 expire 4 lines
05-10 13:12:14.702  1481  1592 I chatty  : uid=1000(system) android.ui expire 10 lines
05-10 13:12:14.788  1481  2961 I chatty  : uid=1000(system) watchdog expire 3 lines
05-10 13:12:15.021  1481  1696 I chatty  : uid=1000(system) android.fg expire 5 lines
05-10 13:12:15.022  1481  1481 I chatty  : uid=1000 system_server expire 8 lines
05-10 13:12:15.130  1481  1759 I chatty  : uid=1000(system) PowerManagerSer expire 11 lines
05-10 13:12:16.309  1481  1559 I chatty  : uid=1000(system) android.bg expire 4 lines
05-10 13:12:17.044  1481  3321 I chatty  : uid=1000(system) Binder:1481_A expire 8 lines
05-10 13:12:17.116  1481  1698 I chatty  : uid=1000(system) android.display expire 6 lines
05-10 13:12:32.128  1481  1743 I chatty  : uid=1000(system) Binder:1481_5 expire 6 lines
05-10 13:12:32.570  1481  9567 I chatty  : uid=1000(system) Binder:1481_19 expire 11 lines
05-10 13:12:32.631  1481  9974 I chatty  : uid=1000(system) Binder:1481_1E expire 6 lines
05-10 13:12:34.728  1481  2193 I chatty  : uid=1000(system) InputReader expire 2 lines
05-10 13:12:34.733  8630  8630 W FingerprintManager: Invalid acquired message: 6, 3
05-10 13:12:34.880  1481  3518 I chatty  : uid=1000(system) Binder:1481_C expire 1 line
05-10 13:12:34.922  1481  2184 I chatty  : uid=1000(system) PhoneWinHandler expire 1 line
05-10 13:12:34.960  1481  2524 I chatty  : uid=1000(system) ConnectivitySer expire 4 lines
05-10 13:12:35.928  1481  9972 I chatty  : uid=1000(system) Binder:1481_1D expire 2 lines
05-10 13:12:35.930  1481  3525 I chatty  : uid=1000(system) Binder:1481_F expire 20 lines
05-10 13:12:36.331  8630  8630 W FingerprintManager: resetTimeout, packageName = com.android.systemui
05-10 13:12:36.333  1481  1780 I chatty  : uid=1000(system) Thread-4 expire 1 line
05-10 13:12:36.364  8630  8630 W FingerprintManager: resetTimeout, packageName = com.android.systemui
05-10 13:12:36.371  1481  2566 I chatty  : uid=1000(system) MotorManager expire 8 lines
05-10 13:12:36.399  1481  1720 I chatty  : uid=1000(system) Binder:1481_3 expire 4 lines
05-10 13:12:36.443  1481  2153 I chatty  : uid=1000(system) android.anim expire 12 lines
05-10 13:12:36.504  1481  1597 I chatty  : uid=1000(system) BroadcastQueue expire 51 lines
05-10 13:12:36.642  8769  8769 E SchedPolicy: set_timerslack_ns write failed: Operation not permitted
05-10 13:12:36.674  1481  9621 I chatty  : uid=1000(system) Binder:1481_1A expire 17 lines
05-10 13:12:37.253  1481  3691 I chatty  : uid=1000(system) Binder:1481_11 expire 5 lines
05-10 13:12:37.364  8769  8769 D ViewRootImpl: swipeFromBottom mIgnoring true downY 2335 mScreenHeight 2340 mStatusBarHeight 54 globalScale 1.125
05-10 13:12:37.988  1481  2755 I chatty  : uid=1000(system) Binder:1481_6 expire 18 lines
05-10 13:12:43.846  1481  2654 I chatty  : uid=1000(system) LazyTaskWriterT expire 4 lines
05-10 13:12:50.741  8769  8769 D ViewRootImpl: swipeFromBottom mIgnoring true downY 2312 mScreenHeight 2340 mStatusBarHeight 54 globalScale 1.125
05-10 13:12:50.742  1481  1592 I chatty  : uid=1000(system) android.ui expire 15 lines
05-10 13:12:51.547  8769  8769 D ViewRootImpl: swipeFromBottom mIgnoring true downY 2329 mScreenHeight 2340 mStatusBarHeight 54 globalScale 1.125
05-10 13:12:51.681  1481  3525 I chatty  : uid=1000(system) Binder:1481_F expire 8 lines
05-10 13:12:52.071  1481  2153 I chatty  : uid=1000(system) android.anim expire 11 lines
05-10 13:12:52.076  1481  1591 I chatty  : uid=1000(system) ActivityManager expire 3 lines
05-10 13:12:52.299  1481  2981 I chatty  : uid=1000(system) Binder:1481_7 expire 2 lines
05-10 13:12:52.423  1481  2755 I chatty  : uid=1000(system) Binder:1481_6 expire 10 lines
05-10 13:12:53.084  8769  8769 E SchedPolicy: set_timerslack_ns write failed: Operation not permitted
05-10 13:12:55.107  1481  1597 I chatty  : uid=1000(system) BroadcastQueue expire 30 lines
05-10 13:12:59.951  1109  1319 E storaged: getDiskStats failed with result NOT_SUPPORTED and size 0
05-10 13:13:14.865  1481  9627 I chatty  : uid=1000(system) Binder:1481_1C expire 1 line
05-10 13:13:24.914 15776 15776 D ViewRootImpl: swipeFromBottom mIgnoring true downY 2331 mScreenHeight 2340 mStatusBarHeight 54 globalScale 1.125
05-10 13:13:24.917  1481  1592 I chatty  : uid=1000(system) android.ui expire 2 lines
05-10 13:13:25.305  1481  2153 I chatty  : uid=1000(system) android.anim expire 11 lines
05-10 13:13:27.120  1481  1597 I chatty  : uid=1000(system) BroadcastQueue expire 42 lines
05-10 13:13:28.227  1481  2654 I chatty  : uid=1000(system) LazyTaskWriterT expire 5 lines
05-10 13:13:32.694  1481  9621 I chatty  : uid=1000(system) Binder:1481_1A expire 19 lines
05-10 13:13:32.710  1481  2566 I chatty  : uid=1000(system) MotorManager expire 5 lines
05-10 13:13:32.930  1481  3691 I chatty  : uid=1000(system) Binder:1481_11 expire 46 lines
05-10 13:13:33.259  1481  2755 I chatty  : uid=1000(system) Binder:1481_6 expire 13 lines
05-10 13:13:33.479  1481  1598 I chatty  : uid=1000(system) ActivityManager expire 3 lines
05-10 13:13:51.548  1481  2961 I chatty  : uid=1000(system) watchdog expire 4 lines
05-10 13:13:59.955  1109  1319 E storaged: getDiskStats failed with result NOT_SUPPORTED and size 0
05-10 13:14:04.992  1481  1597 I chatty  : uid=1000(system) BroadcastQueue expire 18 lines
05-10 13:14:19.303  1481  1720 I chatty  : uid=1000(system) Binder:1481_3 expire 10 lines
05-10 13:14:19.444 15776 15776 E ActivityThread: Activity com.ss.android.article.base.feature.detail2.view.NewDetailActivity has leaked IntentReceiver com.ss.android.common.util.k@931f6d4 that was originally registered here. Are you missing a call to unregisterReceiver()?
05-10 13:14:19.444 15776 15776 E ActivityThread: android.app.IntentReceiverLeaked: Activity com.ss.android.article.base.feature.detail2.view.NewDetailActivity has leaked IntentReceiver com.ss.android.common.util.k@931f6d4 that was originally registered here. Are you missing a call to unregisterReceiver()?
05-10 13:14:19.444 15776 15776 E ActivityThread: 	at android.app.LoadedApk$ReceiverDispatcher.<init>(LoadedApk.java:1560)
05-10 13:14:19.444 15776 15776 E ActivityThread: 	at android.app.LoadedApk.getReceiverDispatcher(LoadedApk.java:1271)
05-10 13:14:19.444 15776 15776 E ActivityThread: 	at android.app.ContextImpl.registerReceiverInternal(ContextImpl.java:1505)
05-10 13:14:19.444 15776 15776 E ActivityThread: 	at android.app.ContextImpl.registerReceiver(ContextImpl.java:1478)
05-10 13:14:19.444 15776 15776 E ActivityThread: 	at android.app.ContextImpl.registerReceiver(ContextImpl.java:1466)
05-10 13:14:19.444 15776 15776 E ActivityThread: 	at android.content.ContextWrapper.registerReceiver(ContextWrapper.java:634)
05-10 13:14:19.444 15776 15776 E ActivityThread: 	at com.ss.android.common.util.NetworkStatusMonitor.start(Unknown Source:28)
05-10 13:14:19.444 15776 15776 E ActivityThread: 	at com.ss.android.common.util.NetworkStatusMonitor.<init>(Unknown Source:12)
05-10 13:14:19.444 15776 15776 E ActivityThread: 	at com.ss.android.article.base.feature.detail2.article.NewArticleDetailFragment.a(Unknown Source:917)
05-10 13:14:19.444 15776 15776 E ActivityThread: 	at com.bytedance.frameworks.a.d.a.onCreateView(Unknown Source:12)
05-10 13:14:19.444 15776 15776 E ActivityThread: 	at com.ss.android.article.base.feature.detail2.article.NewArticleDetailFragment.onCreateView(Unknown Source:3)
05-10 13:14:19.444 15776 15776 E ActivityThread: 	at android.support.v4.app.Fragment.performCreateView(Unknown Source:9)
05-10 13:14:19.444 15776 15776 E ActivityThread: 	at android.support.v4.app.FragmentManagerImpl.moveToState(Unknown Source:478)
05-10 13:14:19.444 15776 15776 E ActivityThread: 	at android.support.v4.app.FragmentManagerImpl.moveToState(Unknown Source:54)
05-10 13:14:19.444 15776 15776 E ActivityThread: 	at android.support.v4.app.BackStackRecord.run(Unknown Source:326)
05-10 13:14:19.444 15776 15776 E ActivityThread: 	at android.support.v4.app.FragmentManagerImpl.execPendingActions(Unknown Source:105)
05-10 13:14:19.444 15776 15776 E ActivityThread: 	at android.support.v4.app.FragmentController.execPendingActions(Unknown Source:4)
05-10 13:14:19.444 15776 15776 E ActivityThread: 	at android.support.v4.app.FragmentActivity.onStart(Unknown Source:32)
05-10 13:14:19.444 15776 15776 E ActivityThread: 	at com.ss.android.article.base.activity.LiterBaseActivity.onStart(Unknown Source:0)
05-10 13:14:19.444 15776 15776 E ActivityThread: 	at com.ss.android.article.base.activity.SSMvpActivity.onStart(Unknown Source:0)
05-10 13:14:19.444 15776 15776 E ActivityThread: 	at android.app.Instrumentation.callActivityOnStart(Instrumentation.java:1392)
05-10 13:14:19.444 15776 15776 E ActivityThread: 	at android.app.Activity.performStart(Activity.java:7336)
05-10 13:14:19.444 15776 15776 E ActivityThread: 	at android.app.ActivityThread.handleStartActivity(ActivityThread.java:3162)
05-10 13:14:19.444 15776 15776 E ActivityThread: 	at android.app.servertransaction.TransactionExecutor.performLifecycleSequence(TransactionExecutor.java:180)
05-10 13:14:19.444 15776 15776 E ActivityThread: 	at android.app.servertransaction.TransactionExecutor.cycleToPath(TransactionExecutor.java:165)
05-10 13:14:19.444 15776 15776 E ActivityThread: 	at android.app.servertransaction.TransactionExecutor.executeLifecycleState(TransactionExecutor.java:142)
05-10 13:14:19.444 15776 15776 E ActivityThread: 	at android.app.servertransaction.TransactionExecutor.execute(TransactionExecutor.java:70)
05-10 13:14:19.444 15776 15776 E ActivityThread: 	at android.app.ActivityThread$H.handleMessage(ActivityThread.java:2012)
05-10 13:14:19.444 15776 15776 E ActivityThread: 	at com.ss.android.newmedia.app.a.handleMessage(Unknown Source:56)
05-10 13:14:19.444 15776 15776 E ActivityThread: 	at com.bytedance.frameworks.plugin.hook.ActivityThreadHandlerHook.handleMessage(Unknown Source:118)
05-10 13:14:19.444 15776 15776 E ActivityThread: 	at android.os.Handler.dispatchMessage(Handler.java:102)
05-10 13:14:19.444 15776 15776 E ActivityThread: 	at android.os.Looper.loop(Looper.java:227)
05-10 13:14:19.444 15776 15776 E ActivityThread: 	at android.app.ActivityThread.main(ActivityThread.java:7182)
05-10 13:14:19.444 15776 15776 E ActivityThread: 	at java.lang.reflect.Method.invoke(Native Method)
05-10 13:14:19.444 15776 15776 E ActivityThread: 	at com.android.internal.os.RuntimeInit$MethodAndArgsCaller.run(RuntimeInit.java:575)
05-10 13:14:19.444 15776 15776 E ActivityThread: 	at com.android.internal.os.ZygoteInit.main(ZygoteInit.java:903)
05-10 13:14:19.463  1481  2981 I chatty  : uid=1000(system) Binder:1481_7 expire 15 lines
05-10 13:14:19.464  1481  1592 I chatty  : uid=1000(system) android.ui expire 5 lines
05-10 13:14:20.864  1481  1597 I chatty  : uid=1000(system) BroadcastQueue expire 42 lines
05-10 13:14:47.633  1481  9627 I chatty  : uid=1000(system) Binder:1481_1C expire 15 lines
05-10 13:14:48.122  1481  2153 I chatty  : uid=1000(system) android.anim expire 8 lines
05-10 13:14:48.128  1481  1591 I chatty  : uid=1000(system) ActivityManager expire 1 line
05-10 13:14:54.607 15776 15776 E ActivityThread: Activity com.ss.android.article.base.feature.detail2.view.NewDetailActivity has leaked IntentReceiver com.ss.android.common.util.k@21cdce7 that was originally registered here. Are you missing a call to unregisterReceiver()?
05-10 13:14:54.607 15776 15776 E ActivityThread: android.app.IntentReceiverLeaked: Activity com.ss.android.article.base.feature.detail2.view.NewDetailActivity has leaked IntentReceiver com.ss.android.common.util.k@21cdce7 that was originally registered here. Are you missing a call to unregisterReceiver()?
05-10 13:14:54.607 15776 15776 E ActivityThread: 	at android.app.LoadedApk$ReceiverDispatcher.<init>(LoadedApk.java:1560)
05-10 13:14:54.607 15776 15776 E ActivityThread: 	at android.app.LoadedApk.getReceiverDispatcher(LoadedApk.java:1271)
05-10 13:14:54.607 15776 15776 E ActivityThread: 	at android.app.ContextImpl.registerReceiverInternal(ContextImpl.java:1505)
05-10 13:14:54.607 15776 15776 E ActivityThread: 	at android.app.ContextImpl.registerReceiver(ContextImpl.java:1478)
05-10 13:14:54.607 15776 15776 E ActivityThread: 	at android.app.ContextImpl.registerReceiver(ContextImpl.java:1466)
05-10 13:14:54.607 15776 15776 E ActivityThread: 	at android.content.ContextWrapper.registerReceiver(ContextWrapper.java:634)
05-10 13:14:54.607 15776 15776 E ActivityThread: 	at com.ss.android.common.util.NetworkStatusMonitor.start(Unknown Source:28)
05-10 13:14:54.607 15776 15776 E ActivityThread: 	at com.ss.android.common.util.NetworkStatusMonitor.<init>(Unknown Source:12)
05-10 13:14:54.607 15776 15776 E ActivityThread: 	at com.ss.android.article.base.feature.detail2.article.NewArticleDetailFragment.a(Unknown Source:917)
05-10 13:14:54.607 15776 15776 E ActivityThread: 	at com.bytedance.frameworks.a.d.a.onCreateView(Unknown Source:12)
05-10 13:14:54.607 15776 15776 E ActivityThread: 	at com.ss.android.article.base.feature.detail2.article.NewArticleDetailFragment.onCreateView(Unknown Source:3)
05-10 13:14:54.607 15776 15776 E ActivityThread: 	at android.support.v4.app.Fragment.performCreateView(Unknown Source:9)
05-10 13:14:54.607 15776 15776 E ActivityThread: 	at android.support.v4.app.FragmentManagerImpl.moveToState(Unknown Source:478)
05-10 13:14:54.607 15776 15776 E ActivityThread: 	at android.support.v4.app.FragmentManagerImpl.moveToState(Unknown Source:54)
05-10 13:14:54.607 15776 15776 E ActivityThread: 	at android.support.v4.app.BackStackRecord.run(Unknown Source:326)
05-10 13:14:54.607 15776 15776 E ActivityThread: 	at android.support.v4.app.FragmentManagerImpl.execPendingActions(Unknown Source:105)
05-10 13:14:54.607 15776 15776 E ActivityThread: 	at android.support.v4.app.FragmentController.execPendingActions(Unknown Source:4)
05-10 13:14:54.607 15776 15776 E ActivityThread: 	at android.support.v4.app.FragmentActivity.onStart(Unknown Source:32)
05-10 13:14:54.607 15776 15776 E ActivityThread: 	at com.ss.android.article.base.activity.LiterBaseActivity.onStart(Unknown Source:0)
05-10 13:14:54.607 15776 15776 E ActivityThread: 	at com.ss.android.article.base.activity.SSMvpActivity.onStart(Unknown Source:0)
05-10 13:14:54.607 15776 15776 E ActivityThread: 	at android.app.Instrumentation.callActivityOnStart(Instrumentation.java:1392)
05-10 13:14:54.607 15776 15776 E ActivityThread: 	at android.app.Activity.performStart(Activity.java:7336)
05-10 13:14:54.607 15776 15776 E ActivityThread: 	at android.app.ActivityThread.handleStartActivity(ActivityThread.java:3162)
05-10 13:14:54.607 15776 15776 E ActivityThread: 	at android.app.servertransaction.TransactionExecutor.performLifecycleSequence(TransactionExecutor.java:180)
05-10 13:14:54.607 15776 15776 E ActivityThread: 	at android.app.servertransaction.TransactionExecutor.cycleToPath(TransactionExecutor.java:165)
05-10 13:14:54.607 15776 15776 E ActivityThread: 	at android.app.servertransaction.TransactionExecutor.executeLifecycleState(TransactionExecutor.java:142)
05-10 13:14:54.607 15776 15776 E ActivityThread: 	at android.app.servertransaction.TransactionExecutor.execute(TransactionExecutor.java:70)
05-10 13:14:54.607 15776 15776 E ActivityThread: 	at android.app.ActivityThread$H.handleMessage(ActivityThread.java:2012)
05-10 13:14:54.607 15776 15776 E ActivityThread: 	at com.ss.android.newmedia.app.a.handleMessage(Unknown Source:56)
05-10 13:14:54.607 15776 15776 E ActivityThread: 	at com.bytedance.frameworks.plugin.hook.ActivityThreadHandlerHook.handleMessage(Unknown Source:118)
05-10 13:14:54.607 15776 15776 E ActivityThread: 	at android.os.Handler.dispatchMessage(Handler.java:102)
05-10 13:14:54.607 15776 15776 E ActivityThread: 	at android.os.Looper.loop(Looper.java:227)
05-10 13:14:54.607 15776 15776 E ActivityThread: 	at android.app.ActivityThread.main(ActivityThread.java:7182)
05-10 13:14:54.607 15776 15776 E ActivityThread: 	at java.lang.reflect.Method.invoke(Native Method)
05-10 13:14:54.607 15776 15776 E ActivityThread: 	at com.android.internal.os.RuntimeInit$MethodAndArgsCaller.run(RuntimeInit.java:575)
05-10 13:14:54.607 15776 15776 E ActivityThread: 	at com.android.internal.os.ZygoteInit.main(ZygoteInit.java:903)
05-10 13:14:54.638  1481  9621 I chatty  : uid=1000(system) Binder:1481_1A expire 9 lines
05-10 13:14:57.987  1481  1597 I chatty  : uid=1000(system) BroadcastQueue expire 7 lines
05-10 13:14:59.957  1109  1319 E storaged: getDiskStats failed with result NOT_SUPPORTED and size 0
05-10 13:15:03.693  1481  2193 I chatty  : uid=1000(system) InputReader expire 7 lines
05-10 13:15:03.698  1481  1481 I chatty  : uid=1000 system_server expire 13 lines
05-10 13:15:03.698  1481  2581 I chatty  : uid=1000(system) aceService.Main expire 1 line
05-10 13:15:03.890  1481  1759 I chatty  : uid=1000(system) PowerManagerSer expire 27 lines
05-10 13:15:03.951  1481  1720 I chatty  : uid=1000(system) Binder:1481_3 expire 13 lines
05-10 13:15:03.959  1481  1698 I chatty  : uid=1000(system) android.display expire 11 lines
05-10 13:15:04.020  1481  9567 I chatty  : uid=1000(system) Binder:1481_19 expire 16 lines
05-10 13:15:04.167  1481  1696 I chatty  : uid=1000(system) android.fg expire 7 lines
05-10 13:15:04.849  1481  1559 I chatty  : uid=1000(system) android.bg expire 5 lines
05-10 13:15:05.025  8630  8630 W FingerprintManager: Invalid acquired message: 6, 3
05-10 13:15:05.580  1481  1513 I chatty  : uid=1000(system) Binder:1481_1 expire 5 lines
05-10 13:15:06.986  1481  2755 I chatty  : uid=1000(system) Binder:1481_6 expire 2 lines
05-10 13:15:10.467  1481  3691 I chatty  : uid=1000(system) Binder:1481_11 expire 5 lines
05-10 13:16:04.441  1481 11024 I chatty  : uid=1000 system_server expire 1 line
05-10 13:16:04.442  1481 10099 I chatty  : uid=1000(system) Binder:1481_20 expire 4 lines
05-10 13:16:36.527  8630  8630 W FingerprintManager: Invalid acquired message: 6, 3
05-10 13:16:36.529  1481  2981 I chatty  : uid=1000(system) Binder:1481_7 expire 3 lines
05-10 13:16:36.533  1481  1759 I chatty  : uid=1000(system) PowerManagerSer expire 5 lines
05-10 13:16:36.543  1481  1668 I chatty  : uid=1000(system) batterystats-wo expire 1 line
05-10 13:16:37.049  1481  9567 I chatty  : uid=1000(system) Binder:1481_19 expire 2 lines
05-10 13:16:37.241  1481  2184 I chatty  : uid=1000(system) PhoneWinHandler expire 1 line
05-10 13:16:37.308  1481  2524 I chatty  : uid=1000(system) ConnectivitySer expire 4 lines
05-10 13:16:37.548  1481  1592 I chatty  : uid=1000(system) android.ui expire 10 lines
05-10 13:16:38.267  1481  2981 I chatty  : uid=1000(system) Binder:1481_7 expire 1 line
05-10 13:16:38.267  1481  1720 I chatty  : uid=1000(system) Binder:1481_3 expire 17 lines
05-10 13:16:38.267  1481  1481 I chatty  : uid=1000 system_server expire 8 lines
05-10 13:16:38.268  1481  2755 I chatty  : uid=1000(system) Binder:1481_6 expire 6 lines
05-10 13:16:38.277  1481  1698 I chatty  : uid=1000(system) android.display expire 2 lines
05-10 13:16:38.897  1481  3526 I chatty  : uid=1000(system) Binder:1481_10 expire 10 lines
05-10 13:16:39.031  1481  3691 I chatty  : uid=1000(system) Binder:1481_11 expire 4 lines
05-10 13:16:39.324  8630  8630 W FingerprintManager: Invalid acquired message: 6, 3
05-10 13:16:41.114  1481  2195 I chatty  : uid=1000(system) HwBinder:1481_2 expire 3 lines
05-10 13:16:43.135  1481  1780 I chatty  : uid=1000(system) Thread-4 expire 2 lines
05-10 13:16:43.254  1481  2573 I chatty  : uid=1000(system) icsService.Main expire 3 lines
05-10 13:16:45.362  1481  3525 I chatty  : uid=1000(system) Binder:1481_F expire 5 lines
05-10 13:16:45.637  1481  9999 I chatty  : uid=1000(system) Binder:1481_1F expire 8 lines
05-10 13:16:50.631  8630  8630 W FingerprintManager: resetTimeout, packageName = com.android.systemui
05-10 13:16:50.669  8630  8630 W FingerprintManager: resetTimeout, packageName = com.android.systemui
05-10 13:16:50.678  1481  2566 I chatty  : uid=1000(system) MotorManager expire 5 lines
05-10 13:16:50.707  1481  1513 I chatty  : uid=1000(system) Binder:1481_1 expire 2 lines
05-10 13:16:50.714  1481  2153 I chatty  : uid=1000(system) android.anim expire 10 lines
05-10 13:16:50.730  1481  9567 I chatty  : uid=1000(system) Binder:1481_19 expire 2 lines
05-10 13:16:50.789  1481  1597 I chatty  : uid=1000(system) BroadcastQueue expire 58 lines
05-10 13:16:50.994  1481  3518 I chatty  : uid=1000(system) Binder:1481_C expire 11 lines
05-10 13:16:51.447  1481  1598 I chatty  : uid=1000(system) ActivityManager expire 3 lines
05-10 13:16:51.607  1481  4112 I chatty  : uid=1000(system) Binder:1481_12 expire 1 line
05-10 13:16:51.697  1481  9621 I chatty  : uid=1000(system) Binder:1481_1A expire 1 line
05-10 13:16:59.555  1481  1591 I chatty  : uid=1000(system) ActivityManager expire 2 lines
05-10 13:17:02.604  1481  2654 I chatty  : uid=1000(system) LazyTaskWriterT expire 4 lines
