05-10 15:04:47.749  1481  2154 V ColorCornerRadiusAnimation: applyTransformation currentRadius =:108.526505,callerandroid.view.animation.Animation.getTransformation:911 android.view.animation.Animation.getTransformation:985 android.view.animation.AnimationSet.getTransformation:384 com.android.server.wm.WindowAnimationSpec.apply:98 com.android.server.wm.SurfaceAnimationRunner.applyTransformation:231 com.android.server.wm.SurfaceAnimationRunner.lambda$startAnimationLocked$3:181 
05-10 15:04:47.749  1481  2154 V ColorCornerRadiusAnimation:  t =:Transformation{alpha=1.0 matrix=[1.0, 0.0, 0.0][0.0, 1.0, 0.0][0.0, 0.0, 1.0]}
05-10 15:04:47.766  1481  2154 V ColorCornerRadiusAnimation: applyTransformation currentRadius =:106.49565,callerandroid.view.animation.Animation.getTransformation:911 android.view.animation.Animation.getTransformation:985 android.view.animation.AnimationSet.getTransformation:384 com.android.server.wm.WindowAnimationSpec.apply:98 com.android.server.wm.SurfaceAnimationRunner.applyTransformation:231 com.android.server.wm.SurfaceAnimationRunner.lambda$startAnimationLocked$3:181 
05-10 15:04:47.766  1481  2154 V ColorCornerRadiusAnimation:  t =:Transformation{alpha=1.0 matrix=[1.0, 0.0, 0.0][0.0, 1.0, 0.0][0.0, 0.0, 1.0]}
05-10 15:04:47.782  1481  2154 V ColorCornerRadiusAnimation: applyTransformation currentRadius =:105.1252,callerandroid.view.animation.Animation.getTransformation:911 android.view.animation.Animation.getTransformation:985 android.view.animation.AnimationSet.getTransformation:384 com.android.server.wm.WindowAnimationSpec.apply:98 com.android.server.wm.SurfaceAnimationRunner.applyTransformation:231 com.android.server.wm.SurfaceAnimationRunner.lambda$startAnimationLocked$3:181 
05-10 15:04:47.782  1481  2154 V ColorCornerRadiusAnimation:  t =:Transformation{alpha=1.0 matrix=[1.0, 0.0, 0.0][0.0, 1.0, 0.0][0.0, 0.0, 1.0]}
05-10 15:04:47.799  1481  2154 V ColorCornerRadiusAnimation: applyTransformation currentRadius =:104.00415,callerandroid.view.animation.Animation.getTransformation:911 android.view.animation.Animation.getTransformation:985 android.view.animation.AnimationSet.getTransformation:384 com.android.server.wm.WindowAnimationSpec.apply:98 com.android.server.wm.SurfaceAnimationRunner.applyTransformation:231 com.android.server.wm.SurfaceAnimationRunner.lambda$startAnimationLocked$3:181 
05-10 15:04:47.799  1481  2154 V ColorCornerRadiusAnimation:  t =:Transformation{alpha=1.0 matrix=[1.0, 0.0, 0.0][0.0, 1.0, 0.0][0.0, 0.0, 1.0]}
05-10 15:04:47.816  1481  2154 V ColorCornerRadiusAnimation: applyTransformation currentRadius =:103.122284,callerandroid.view.animation.Animation.getTransformation:911 android.view.animation.Animation.getTransformation:985 android.view.animation.AnimationSet.getTransformation:384 com.android.server.wm.WindowAnimationSpec.apply:98 com.android.server.wm.SurfaceAnimationRunner.applyTransformation:231 com.android.server.wm.SurfaceAnimationRunner.lambda$startAnimationLocked$3:181 
05-10 15:04:47.816  1481  2154 V ColorCornerRadiusAnimation:  t =:Transformation{alpha=1.0 matrix=[1.0, 0.0, 0.0][0.0, 1.0, 0.0][0.0, 0.0, 1.0]}
05-10 15:04:47.824  1481  1514 D ActivityManager: getContentProviderImpl, cpr:ContentProviderRecord{9a5bbca u0 com.coloros.safecenter/.common.provider.SafeProvider}, name:com.color.provider.SafeProvider callingPid 32712
05-10 15:04:47.824  1481  1514 D ActivityManager: getContentProviderImpl 02, cpr:ContentProviderRecord{9a5bbca u0 com.coloros.safecenter/.common.provider.SafeProvider}
05-10 15:04:47.829  1481  1514 D Dex2oatManagerService: registerCallback from pid:32712 from uid:1000
05-10 15:04:47.832  1481  2154 V ColorCornerRadiusAnimation: applyTransformation currentRadius =:102.674194,callerandroid.view.animation.Animation.getTransformation:911 android.view.animation.Animation.getTransformation:985 android.view.animation.AnimationSet.getTransformation:384 com.android.server.wm.WindowAnimationSpec.apply:98 com.android.server.wm.SurfaceAnimationRunner.applyTransformation:231 com.android.server.wm.SurfaceAnimationRunner.lambda$startAnimationLocked$3:181 
05-10 15:04:47.832  1481  2154 V ColorCornerRadiusAnimation:  t =:Transformation{alpha=1.0 matrix=[1.0, 0.0, 0.0][0.0, 1.0, 0.0][0.0, 0.0, 1.0]}
05-10 15:04:47.850  1481  2154 V ColorCornerRadiusAnimation: applyTransformation currentRadius =:102.24609,callerandroid.view.animation.Animation.getTransformation:911 android.view.animation.Animation.getTransformation:985 android.view.animation.AnimationSet.getTransformation:384 com.android.server.wm.WindowAnimationSpec.apply:98 com.android.server.wm.SurfaceAnimationRunner.applyTransformation:231 com.android.server.wm.SurfaceAnimationRunner.lambda$startAnimationLocked$3:181 
05-10 15:04:47.850  1481  2154 V ColorCornerRadiusAnimation:  t =:Transformation{alpha=1.0 matrix=[1.0, 0.0, 0.0][0.0, 1.0, 0.0][0.0, 0.0, 1.0]}
05-10 15:04:47.866  1481  2154 V ColorCornerRadiusAnimation: applyTransformation currentRadius =:102.05765,callerandroid.view.animation.Animation.getTransformation:911 android.view.animation.Animation.getTransformation:985 android.view.animation.AnimationSet.getTransformation:384 com.android.server.wm.WindowAnimationSpec.apply:98 com.android.server.wm.SurfaceAnimationRunner.applyTransformation:231 com.android.server.wm.SurfaceAnimationRunner.lambda$startAnimationLocked$3:181 
05-10 15:04:47.866  1481  2154 V ColorCornerRadiusAnimation:  t =:Transformation{alpha=1.0 matrix=[1.0, 0.0, 0.0][0.0, 1.0, 0.0][0.0, 0.0, 1.0]}
05-10 15:04:47.882  1481  2154 V ColorCornerRadiusAnimation: applyTransformation currentRadius =:102.0,callerandroid.view.animation.Animation.getTransformation:911 android.view.animation.Animation.getTransformation:985 android.view.animation.AnimationSet.getTransformation:384 com.android.server.wm.WindowAnimationSpec.apply:98 com.android.server.wm.SurfaceAnimationRunner.applyTransformation:231 com.android.server.wm.SurfaceAnimationRunner.lambda$startAnimationLocked$3:181 
05-10 15:04:47.882  1481  2154 V ColorCornerRadiusAnimation:  t =:Transformation{alpha=1.0 matrix=[1.0, 0.0, 0.0][0.0, 1.0, 0.0][0.0, 0.0, 1.0]}
05-10 15:04:47.884  1481  2153 V WindowManager: adjustNotShowWallpaperByOppo: false
05-10 15:04:47.884  1481  2153 V WindowManager: adjustNotShowWallpaperByOppo: false
05-10 15:04:47.887  1481  2153 I WindowManager: handleOpeningSpecialApp (statusbar != null ) true pkg: com.oppo.launcher start: 4
05-10 15:04:47.888  1481  2153 V WindowManager: adjustNotShowWallpaperByOppo: false
05-10 15:04:47.888  1481  2153 V WindowManager: adjustNotShowWallpaperByOppo: false
05-10 15:04:47.900  1481  9567 V WindowManager: Changing focus from null to Window{f39f401 u0 com.android.settings/com.oppo.settings.SettingsActivity}
05-10 15:04:47.917  1481  2153 V WindowManager: adjustNotShowWallpaperByOppo: false
05-10 15:04:47.917  1481  2153 V WindowManager: adjustNotShowWallpaperByOppo: false
05-10 15:04:47.944  1481  1592 V WindowOrientationListener: onSensorChanged mDesiredRotation = 4
05-10 15:04:48.040  1481  2196 D CommonDcsUploader: notifyMsgToCommonDcs, logTag: 20120cryptoeng_event
05-10 15:04:48.223  1481  1698 W OppoStartExitAnimation: it is so long for waiting app-start animation start,so reset animation state
05-10 15:04:48.370  1481  2196 D CommonDcsUploader: notifyMsgToCommonDcs, logTag: 20120cryptoeng_event
05-10 15:04:48.950  1481  9567 D DEBUG_VISIBILITY: mOccluded:false lastOccluded:false
05-10 15:04:48.971  1481  1592 D Dex2oatManagerService: Foreground changed, PID: 3153 UID: 10047 foreground: false
05-10 15:04:49.596  1481  9567 V SettingsProvider: getSystemSetting(sound_effects_enabled, getCallingPackage = com.android.settings
05-10 15:04:49.600  1481  1514 W ActivityManager: preloadAction is 0, starting intent = act=android.intent.action.MAIN cmp=com.android.settings/.SubSettings (has extras)
05-10 15:04:49.601  1481  1514 I ActivityManager: START u0 {act=android.intent.action.MAIN cmp=com.android.settings/.SubSettings (has extras)} from uid 1000 and from pid 32712
05-10 15:04:49.621  1481  9567 I ActivityManager: handleActivitySwitch the same packageName!
05-10 15:04:49.621  1481  2566 I MotorManagerService: notifyActivityChanged: mBackgroudPkg = com.android.settings mFocusPkg = com.android.settings mIsSplitMode = false mBackActivity = com.oppo.settings.SettingsActivity mFocusActivity = com.android.settings.SubSettings
05-10 15:04:49.622  1481  9567 D DEBUG_VISIBILITY: mOccluded:false lastOccluded:false
05-10 15:04:49.623  1481  9567 D DEBUG_VISIBILITY: mOccluded:false lastOccluded:false
05-10 15:04:49.626  1481  9567 V WindowManager: Changing focus from Window{f39f401 u0 com.android.settings/com.oppo.settings.SettingsActivity} to null
05-10 15:04:49.628  1481  9567 D DEBUG_VISIBILITY: mOccluded:false lastOccluded:false
05-10 15:04:49.629  1481  9567 D DEBUG_VISIBILITY: mOccluded:false lastOccluded:false
05-10 15:04:49.822  1481  1598 I ActivityManager: Start proc 490:com.android.defcontainer/u0a30 for service com.android.defcontainer/.DefaultContainerService
05-10 15:04:49.861  1481  3192 D DEBUG_VISIBILITY: mOccluded:false lastOccluded:false
05-10 15:04:49.869  1481  9567 V WindowManager: Changing focus from null to Window{2fd3a8c u0 com.android.settings/com.android.settings.SubSettings}
05-10 15:04:50.219  1481  1514 D DEBUG_VISIBILITY: mOccluded:false lastOccluded:false
05-10 15:04:50.266  1481  2153 V WindowManager: adjustNotShowWallpaperByOppo: false
05-10 15:04:50.268  1481  2153 I WindowManager: handleOpeningSpecialApp (statusbar != null ) true pkg: com.oppo.launcher start: 4
05-10 15:04:50.269  1481  2153 V WindowManager: adjustNotShowWallpaperByOppo: false
05-10 15:04:50.273  1481  1591 D DEBUG_VISIBILITY: mOccluded:false lastOccluded:false
05-10 15:04:51.006  1481  2654 E TaskPersister: File error accessing recents directory (directory doesn't exist?).
05-10 15:04:52.024  1481  1597 V ActivityManager: getAllTopPkgName 1 com.android.settings
05-10 15:04:52.024  1481  1597 I chatty  : uid=1000(system) BroadcastQueue identical 3 lines
05-10 15:04:52.024  1481  1597 V ActivityManager: getAllTopPkgName 1 com.android.settings
05-10 15:04:52.843  1481  9567 I ActivityManager: Process com.coloros.wifisecuredetect (pid 32407) has died: svc  SVC 
05-10 15:04:52.845  1481  9567 W ActivityManager: app.persistent false app.isolated false app.removed false app ProcessRecord{72fce45 32407:com.coloros.wifisecuredetect/u0a112}
05-10 15:04:52.845  1481  1592 D Dex2oatManagerService: Process died; UID 10112 PID 32407
05-10 15:04:54.174  1481  1592 V WindowOrientationListener: onSensorChanged mDesiredRotation = 0 newRotation = -1
05-10 15:04:54.206  1481  2961 W Watchdog: !@WatchDog_1891
05-10 15:04:54.237  1481  1592 D WindowOrientationListener: scheduleRotationEvaluationLocked: ignoring, an evaluation is already scheduled or is unnecessary.
05-10 15:04:54.427  1481  1592 D WindowOrientationListener: scheduleRotationEvaluationLocked: ignoring, an evaluation is already scheduled or is unnecessary.
05-10 15:04:54.547  1481  1592 V WindowOrientationListener: Runnable mRotationEvaluator newRotation : -1
05-10 15:04:54.580  1481  9567 W WindowManager: removeWindowToken: Attempted to remove non-existing token: android.os.Binder@e92099a
05-10 15:04:54.581  1481  9567 I NotificationService: cancelToast pkg=com.android.settings callback=android.app.ITransientNotification$Stub$Proxy@d00d4a
05-10 15:04:54.583  1481  9567 W WindowManager: removeWindowToken: Attempted to remove non-existing token: android.os.Binder@e92099a
05-10 15:04:54.619  1481  1592 D WindowOrientationListener: scheduleRotationEvaluationLocked: ignoring, an evaluation is already scheduled or is unnecessary.
05-10 15:04:54.756  1481  3526 W WindowManager: removeWindowToken: Attempted to remove non-existing token: android.os.Binder@f6026c0
05-10 15:04:54.757  1481  9567 I NotificationService: cancelToast pkg=com.android.settings callback=android.app.ITransientNotification$Stub$Proxy@9bb2fee
05-10 15:04:54.757  1481  9567 W WindowManager: removeWindowToken: Attempted to remove non-existing token: android.os.Binder@f6026c0
05-10 15:04:54.812  1481  1592 D WindowOrientationListener: scheduleRotationEvaluationLocked: ignoring, an evaluation is already scheduled or is unnecessary.
05-10 15:04:54.928  1481  1592 D WindowOrientationListener: scheduleRotationEvaluationLocked: ignoring, user is still touching the screen.
05-10 15:04:54.928  1481  1592 V WindowOrientationListener: Runnable mRotationEvaluator newRotation : -1
05-10 15:04:54.933  1481  3192 W WindowManager: removeWindowToken: Attempted to remove non-existing token: android.os.Binder@264fba2
05-10 15:04:54.933  1481  9567 I NotificationService: cancelToast pkg=com.android.settings callback=android.app.ITransientNotification$Stub$Proxy@be79152
05-10 15:04:54.934  1481  9567 W WindowManager: removeWindowToken: Attempted to remove non-existing token: android.os.Binder@264fba2
05-10 15:04:55.109  1481  9567 W WindowManager: removeWindowToken: Attempted to remove non-existing token: android.os.Binder@f754ec6
05-10 15:04:55.110  1481  3192 I NotificationService: cancelToast pkg=com.android.settings callback=android.app.ITransientNotification$Stub$Proxy@47aa777
05-10 15:04:55.110  1481  3192 W WindowManager: removeWindowToken: Attempted to remove non-existing token: android.os.Binder@f754ec6
05-10 15:04:55.177  1481  1592 D WindowOrientationListener: scheduleRotationEvaluationLocked: ignoring, an evaluation is already scheduled or is unnecessary.
05-10 15:04:55.350  1481  1592 D WindowOrientationListener: scheduleRotationEvaluationLocked: ignoring, an evaluation is already scheduled or is unnecessary.
05-10 15:04:55.495  1481  1592 V WindowOrientationListener: Runnable mRotationEvaluator newRotation : -1
05-10 15:04:55.852  1481  1592 V WindowOrientationListener: Runnable mRotationEvaluator newRotation : 0
05-10 15:04:55.976  1481  9567 I ActivityManager: handleActivitySwitch the same packageName!
05-10 15:04:55.977  1481  2566 I MotorManagerService: notifyActivityChanged: mBackgroudPkg = com.android.settings mFocusPkg = com.android.settings mIsSplitMode = false mBackActivity = com.android.settings.SubSettings mFocusActivity = com.oppo.settings.SettingsActivity
05-10 15:04:55.980  1481  9567 V WindowManager: Changing focus from Window{2fd3a8c u0 com.android.settings/com.android.settings.SubSettings} to null
05-10 15:04:55.983  1481  9567 D DEBUG_VISIBILITY: mOccluded:false lastOccluded:false
05-10 15:04:55.986  1481  9567 I chatty  : uid=1000(system) Binder:1481_19 identical 2 lines
05-10 15:04:55.988  1481  9567 D DEBUG_VISIBILITY: mOccluded:false lastOccluded:false
05-10 15:04:56.036  1481  3526 V WindowManager: Changing focus from null to Window{f39f401 u0 com.android.settings/com.oppo.settings.SettingsActivity}
05-10 15:04:56.181  1481  3192 D DEBUG_VISIBILITY: mOccluded:false lastOccluded:false
05-10 15:04:56.297  1481  2153 V WindowManager: adjustNotShowWallpaperByOppo: false
05-10 15:04:56.300  1481  2153 I WindowManager: handleOpeningSpecialApp (statusbar != null ) true pkg: com.oppo.launcher start: 4
05-10 15:04:56.301  1481  2153 V WindowManager: adjustNotShowWallpaperByOppo: false
05-10 15:04:56.304  1481  1591 D DEBUG_VISIBILITY: mOccluded:false lastOccluded:false
05-10 15:04:56.545  1481  1592 V WindowOrientationListener: onSensorChanged mDesiredRotation = 4
05-10 15:04:57.190  1481  1597 V ActivityManager: getAllTopPkgName 1 com.android.settings
05-10 15:04:57.191  1481  1597 I chatty  : uid=1000(system) BroadcastQueue identical 3 lines
05-10 15:04:57.191  1481  1597 V ActivityManager: getAllTopPkgName 1 com.android.settings
05-10 15:04:57.422  1481  3518 W ActivityManager: preloadAction is 0, starting intent = act=android.intent.action.MAIN cmp=com.android.settings/.SubSettings (has extras)
05-10 15:04:57.424  1481  3518 I ActivityManager: START u0 {act=android.intent.action.MAIN cmp=com.android.settings/.SubSettings (has extras)} from uid 1000 and from pid 32712
05-10 15:04:57.448  1481  3526 I ActivityManager: handleActivitySwitch the same packageName!
05-10 15:04:57.448  1481  2566 I MotorManagerService: notifyActivityChanged: mBackgroudPkg = com.android.settings mFocusPkg = com.android.settings mIsSplitMode = false mBackActivity = com.oppo.settings.SettingsActivity mFocusActivity = com.android.settings.SubSettings
05-10 15:04:57.448  1481  3526 D DEBUG_VISIBILITY: mOccluded:false lastOccluded:false
05-10 15:04:57.449  1481  3526 D DEBUG_VISIBILITY: mOccluded:false lastOccluded:false
05-10 15:04:57.452  1481  3526 V WindowManager: Changing focus from Window{f39f401 u0 com.android.settings/com.oppo.settings.SettingsActivity} to null
05-10 15:04:57.454  1481  3526 D DEBUG_VISIBILITY: mOccluded:false lastOccluded:false
05-10 15:04:57.455  1481  3526 D DEBUG_VISIBILITY: mOccluded:false lastOccluded:false
05-10 15:04:57.567  1481  9567 V WindowManager: Changing focus from null to Window{533f0a4 u0 com.android.settings/com.android.settings.SubSettings}
05-10 15:04:57.639  1481  9567 D DEBUG_VISIBILITY: mOccluded:false lastOccluded:false
05-10 15:04:57.857  1481  1698 W WindowManager: Unable to start animation, surface is null or no children.
05-10 15:04:57.963  1481  2153 V WindowManager: adjustNotShowWallpaperByOppo: false
05-10 15:04:57.965  1481  2153 I WindowManager: handleOpeningSpecialApp (statusbar != null ) true pkg: com.oppo.launcher start: 4
05-10 15:04:57.966  1481  2153 V WindowManager: adjustNotShowWallpaperByOppo: false
05-10 15:04:57.969  1481  1591 D DEBUG_VISIBILITY: mOccluded:false lastOccluded:false
05-10 15:04:58.101  1481  1698 W WindowManager: Unable to start animation, surface is null or no children.
05-10 15:04:58.273  1481  1698 I chatty  : uid=1000(system) android.display identical 1 line
05-10 15:04:58.453  1481  1698 W WindowManager: Unable to start animation, surface is null or no children.
05-10 15:04:58.652  1481  9567 W NotificationService: Toast already killed. pkg=com.android.settings callback=android.app.ITransientNotification$Stub$Proxy@19870be
05-10 15:04:59.856  1481  2654 E TaskPersister: File error accessing recents directory (directory doesn't exist?).
05-10 15:05:00.397  1481  3192 W ActivityManager: preloadAction is 0, starting intent = act=android.intent.action.MAIN cmp=com.android.settings/.SubSettings (has extras)
05-10 15:05:00.398  1481  3192 I ActivityManager: START u0 {act=android.intent.action.MAIN cmp=com.android.settings/.SubSettings (has extras)} from uid 1000 and from pid 32712
05-10 15:05:00.416  1481  3518 I ActivityManager: handleActivitySwitch the same packageName!
05-10 15:05:00.416  1481  2566 I MotorManagerService: notifyActivityChanged: mBackgroudPkg = com.android.settings mFocusPkg = com.android.settings mIsSplitMode = false mBackActivity = com.android.settings.SubSettings mFocusActivity = com.android.settings.SubSettings
05-10 15:05:00.417  1481  3518 D DEBUG_VISIBILITY: mOccluded:false lastOccluded:false
05-10 15:05:00.418  1481  3518 D DEBUG_VISIBILITY: mOccluded:false lastOccluded:false
05-10 15:05:00.422  1481  3518 V WindowManager: Changing focus from Window{533f0a4 u0 com.android.settings/com.android.settings.SubSettings} to null
05-10 15:05:00.423  1481  3518 D DEBUG_VISIBILITY: mOccluded:false lastOccluded:false
05-10 15:05:00.425  1481  3518 D DEBUG_VISIBILITY: mOccluded:false lastOccluded:false
05-10 15:05:00.444  1481  3526 E UserRestrictionsUtils: Unknown restriction: null
05-10 15:05:00.444  1481  3526 E UserRestrictionsUtils: Unknown restriction: null
05-10 15:05:00.446  1481  9567 E UserRestrictionsUtils: Unknown restriction: null
05-10 15:05:00.574  1481  3192 V WindowManager: Changing focus from null to Window{bd4eed2 u0 com.android.settings/com.android.settings.SubSettings}
05-10 15:05:00.637  1481  3192 D DEBUG_VISIBILITY: mOccluded:false lastOccluded:false
05-10 15:05:00.962  1481  2153 V WindowManager: adjustNotShowWallpaperByOppo: false
05-10 15:05:00.964  1481  2153 I WindowManager: handleOpeningSpecialApp (statusbar != null ) true pkg: com.oppo.launcher start: 4
05-10 15:05:00.965  1481  2153 V WindowManager: adjustNotShowWallpaperByOppo: false
05-10 15:05:00.968  1481  1591 D DEBUG_VISIBILITY: mOccluded:false lastOccluded:false
05-10 15:05:03.064  1481  1597 V ActivityManager: getAllTopPkgName 1 com.android.settings
05-10 15:05:03.064  1481  1597 I chatty  : uid=1000(system) BroadcastQueue identical 3 lines
05-10 15:05:03.065  1481  1597 V ActivityManager: getAllTopPkgName 1 com.android.settings
05-10 15:05:03.957  1481  2654 E TaskPersister: File error accessing recents directory (directory doesn't exist?).
05-10 15:05:04.170 32712 32712 D ViewRootImpl: swipeFromBottom mIgnoring true downY 2322 mScreenHeight 2340 mStatusBarHeight 54 globalScale 1.125
05-10 15:05:04.171  1481  1592 V TaskTapPointerEventListener: isSwipeFromBottom true motionEventMotionEvent { action=ACTION_DOWN, actionButton=0, id[0]=0, x[0]=864.0, y[0]=2322.0, toolType[0]=TOOL_TYPE_FINGER, buttonState=0, metaState=0, flags=0x0, edgeFlags=0x0, pointerCount=1, historySize=0, eventTime=56768153, downTime=56768153, deviceId=7, source=0x1002 }
05-10 15:05:04.324 32712 32712 D ViewRootImpl: swipeFromBottom mIgnoring true downY 2322 mScreenHeight 2340 mStatusBarHeight 54 globalScale 1.125
05-10 15:05:04.324 32712 32712 D ViewRootImpl: swipeFromBottom mIgnoring === false downY 2322 mStatusBarHeight 54
05-10 15:05:04.755  1481  1592 V TaskTapPointerEventListener: isSwipeFromBottom true motionEventMotionEvent { action=ACTION_DOWN, actionButton=0, id[0]=0, x[0]=861.0, y[0]=2330.0, toolType[0]=TOOL_TYPE_FINGER, buttonState=0, metaState=0, flags=0x0, edgeFlags=0x0, pointerCount=1, historySize=0, eventTime=56768735, downTime=56768735, deviceId=7, source=0x1002 }
05-10 15:05:04.758 32712 32712 D ViewRootImpl: swipeFromBottom mIgnoring true downY 2330 mScreenHeight 2340 mStatusBarHeight 54 globalScale 1.125
05-10 15:05:04.805 32712 32712 D ViewRootImpl: swipeFromBottom mIgnoring true downY 2330 mScreenHeight 2340 mStatusBarHeight 54 globalScale 1.125
05-10 15:05:04.805 32712 32712 D ViewRootImpl: swipeFromBottom mIgnoring === false downY 2330 mStatusBarHeight 54
05-10 15:05:05.122 32712 32712 D ViewRootImpl: swipeFromBottom mIgnoring true downY 2305 mScreenHeight 2340 mStatusBarHeight 54 globalScale 1.125
05-10 15:05:05.125  1481  1592 V TaskTapPointerEventListener: isSwipeFromBottom true motionEventMotionEvent { action=ACTION_DOWN, actionButton=0, id[0]=0, x[0]=884.0, y[0]=2305.0, toolType[0]=TOOL_TYPE_FINGER, buttonState=0, metaState=0, flags=0x0, edgeFlags=0x0, pointerCount=1, historySize=0, eventTime=56769105, downTime=56769105, deviceId=7, source=0x1002 }
05-10 15:05:05.196 32712 32712 D ViewRootImpl: swipeFromBottom mIgnoring true downY 2305 mScreenHeight 2340 mStatusBarHeight 54 globalScale 1.125
05-10 15:05:05.196 32712 32712 D ViewRootImpl: swipeFromBottom mIgnoring === false downY 2305 mStatusBarHeight 54
05-10 15:05:05.395  1481  1592 V TaskTapPointerEventListener: isSwipeFromBottom true motionEventMotionEvent { action=ACTION_DOWN, actionButton=0, id[0]=0, x[0]=824.0, y[0]=2339.0, toolType[0]=TOOL_TYPE_FINGER, buttonState=0, metaState=0, flags=0x0, edgeFlags=0x0, pointerCount=1, historySize=0, eventTime=56769378, downTime=56769378, deviceId=7, source=0x1002 }
05-10 15:05:05.395 32712 32712 D ViewRootImpl: swipeFromBottom mIgnoring true downY 2339 mScreenHeight 2340 mStatusBarHeight 54 globalScale 1.125
05-10 15:05:05.494  1481  9567 I ActivityManager: handleActivitySwitch the same packageName!
05-10 15:05:05.494  1481  2566 I MotorManagerService: notifyActivityChanged: mBackgroudPkg = com.android.settings mFocusPkg = com.android.settings mIsSplitMode = false mBackActivity = com.android.settings.SubSettings mFocusActivity = com.android.settings.SubSettings
05-10 15:05:05.500  1481  9567 V WindowManager: Changing focus from Window{bd4eed2 u0 com.android.settings/com.android.settings.SubSettings} to null
05-10 15:05:05.505  1481  9567 D DEBUG_VISIBILITY: mOccluded:false lastOccluded:false
05-10 15:05:05.510  1481  9567 I chatty  : uid=1000(system) Binder:1481_19 identical 2 lines
05-10 15:05:05.514  1481  9567 D DEBUG_VISIBILITY: mOccluded:false lastOccluded:false
05-10 15:05:05.550  1481  3192 V WindowManager: Changing focus from null to Window{533f0a4 u0 com.android.settings/com.android.settings.SubSettings}
05-10 15:05:05.601  1481  1481 W WindowManager: removeWindowToken: Attempted to remove non-existing token: android.os.Binder@e92099a
05-10 15:05:05.602  1481  9567 D DEBUG_VISIBILITY: mOccluded:false lastOccluded:false
05-10 15:05:05.758  1481  1481 W WindowManager: removeWindowToken: Attempted to remove non-existing token: android.os.Binder@f6026c0
05-10 15:05:05.793  1481  2153 V WindowManager: adjustNotShowWallpaperByOppo: false
05-10 15:05:05.795  1481  2153 I WindowManager: handleOpeningSpecialApp (statusbar != null ) true pkg: com.oppo.launcher start: 4
05-10 15:05:05.796  1481  2153 V WindowManager: adjustNotShowWallpaperByOppo: false
05-10 15:05:05.798  1481  1591 D DEBUG_VISIBILITY: mOccluded:false lastOccluded:false
05-10 15:05:05.834 32712 32712 D ViewRootImpl: swipeFromBottom mIgnoring true downY 2327 mScreenHeight 2340 mStatusBarHeight 54 globalScale 1.125
05-10 15:05:05.834  1481  1592 V TaskTapPointerEventListener: isSwipeFromBottom true motionEventMotionEvent { action=ACTION_DOWN, actionButton=0, id[0]=0, x[0]=486.0, y[0]=2327.0, toolType[0]=TOOL_TYPE_FINGER, buttonState=0, metaState=0, flags=0x0, edgeFlags=0x0, pointerCount=1, historySize=0, eventTime=56769818, downTime=56769818, deviceId=7, source=0x1002 }
05-10 15:05:05.874  1481  2192 W ActivityManager: preloadAction is 0, starting intent = act=android.intent.action.MAIN cat=[android.intent.category.HOME] flg=0x10200000 cmp=com.oppo.launcher/.Launcher (has extras)
05-10 15:05:05.875  1481  2192 I ActivityManager: START u0 {act=android.intent.action.MAIN cat=[android.intent.category.HOME] flg=0x10200000 cmp=com.oppo.launcher/.Launcher (has extras)} from uid 1000 and from pid 1481
05-10 15:05:05.877  1481  2192 V ActivityManager: moveToFront in activity stack reason =:bringingFoundTaskToFront,realToHome =:true
05-10 15:05:05.880  1481  2566 I MotorManagerService: notifyActivityChanged: mBackgroudPkg = com.android.settings mFocusPkg = com.oppo.launcher mIsSplitMode = false mBackActivity =  mFocusActivity = com.oppo.launcher.Launcher
05-10 15:05:05.882  1481  2192 V WindowManager: Changing focus from Window{533f0a4 u0 com.android.settings/com.android.settings.SubSettings} to null
05-10 15:05:05.891  1481  2192 D DEBUG_VISIBILITY: mOccluded:false lastOccluded:false
05-10 15:05:05.892  1481  2192 D DEBUG_VISIBILITY: mOccluded:false lastOccluded:false
05-10 15:05:05.894  1481  3321 V WindowManager: adjustNotShowWallpaperByOppo: false
05-10 15:05:05.894  1481  3321 V WindowManager: adjustNotShowWallpaperByOppo: false
05-10 15:05:05.899  1481  2192 D DEBUG_VISIBILITY: mOccluded:false lastOccluded:false
05-10 15:05:05.900  1481  2192 V WindowManager: adjustNotShowWallpaperByOppo: false
05-10 15:05:05.900  1481  2192 V WindowManager: adjustNotShowWallpaperByOppo: false
05-10 15:05:05.906  1481  1592 D Dex2oatManagerService: Foreground changed, PID: 3153 UID: 10047 foreground: true
05-10 15:05:05.906  1481  1592 D Dex2oatManagerService: Current app:com.oppo.launcher/com.oppo.launcher.Launcher
05-10 15:05:05.906  1481  1592 D Dex2oatManagerService: Not cold launch condition
05-10 15:05:05.919  1481  9627 D DEBUG_VISIBILITY: mOccluded:false lastOccluded:false
05-10 15:05:05.938  1481  3525 V WindowManager: Changing focus from null to Window{208d308 u0 com.oppo.launcher/com.oppo.launcher.Launcher}
05-10 15:05:05.939  1481  1481 W WindowManager: removeWindowToken: Attempted to remove non-existing token: android.os.Binder@264fba2
05-10 15:05:05.940  1481  3518 V WindowManager: adjustNotShowWallpaperByOppo: false
05-10 15:05:05.940  1481  3518 V WindowManager: adjustNotShowWallpaperByOppo: false
05-10 15:05:05.948  1481  1592 D Dex2oatManagerService: Foreground changed, PID: 32712 UID: 1000 foreground: false
05-10 15:05:05.968  1481  2153 V WindowManager: adjustNotShowWallpaperByOppo: false
05-10 15:05:05.970  1481  2153 V WindowManager: adjustNotShowWallpaperByOppo: false
05-10 15:05:05.970  1481  2153 V OppoStartExitAnimation: CallbackLog,postOppoLauncherTransitionStartCallback mLauncherTransitionStartedCallback =:android.os.IRemoteCallback$Stub$Proxy@902c3fb,mLauncherTransitionFinishedCallback =:android.os.IRemoteCallback$Stub$Proxy@d061c18
05-10 15:05:05.973  1481  2153 V ColorCornerRadiusAnimation: applyTransformation currentRadius =:102.0,callerandroid.view.animation.Animation.getTransformation:911 android.view.animation.Animation.getTransformation:985 android.view.animation.AnimationSet.getTransformation:384 com.android.server.wm.WindowAnimationSpec.apply:98 com.android.server.wm.SurfaceAnimationRunner.applyTransformation:231 com.android.server.wm.SurfaceAnimationRunner.startAnimation:134 
05-10 15:05:05.973  1481  2153 V ColorCornerRadiusAnimation:  t =:Transformation{alpha=1.0 matrix=[1.0, 0.0, 0.0][0.0, 1.0, 0.0][0.0, 0.0, 1.0]}
05-10 15:05:05.979  1481  2153 I WindowManager: handleOpeningSpecialApp (statusbar != null ) true pkg: com.oppo.launcher start: 0
05-10 15:05:05.992  1481  2154 V ColorCornerRadiusAnimation: applyTransformation currentRadius =:102.0,callerandroid.view.animation.Animation.getTransformation:911 android.view.animation.Animation.getTransformation:985 android.view.animation.AnimationSet.getTransformation:384 com.android.server.wm.WindowAnimationSpec.apply:98 com.android.server.wm.SurfaceAnimationRunner.applyTransformation:231 com.android.server.wm.SurfaceAnimationRunner.lambda$startAnimationLocked$3:181 
05-10 15:05:05.992  1481  2154 V ColorCornerRadiusAnimation:  t =:Transformation{alpha=1.0 matrix=[1.0, 0.0, 0.0][0.0, 1.0, 0.0][0.0, 0.0, 1.0]}
05-10 15:05:05.993  1481  2154 V ColorCornerRadiusAnimation: applyTransformation currentRadius =:114.467964,callerandroid.view.animation.Animation.getTransformation:911 android.view.animation.Animation.getTransformation:985 android.view.animation.AnimationSet.getTransformation:384 com.android.server.wm.WindowAnimationSpec.apply:98 com.android.server.wm.SurfaceAnimationRunner.applyTransformation:231 com.android.server.wm.SurfaceAnimationRunner.lambda$startAnimationLocked$3:181 
05-10 15:05:05.993  1481  2154 V ColorCornerRadiusAnimation:  t =:Transformation{alpha=1.0 matrix=[1.0, 0.0, 0.0][0.0, 1.0, 0.0][0.0, 0.0, 1.0]}
05-10 15:05:05.993  1481  2154 V ColorCornerRadiusAnimation: applyTransformation currentRadius =:114.467964,callerandroid.view.animation.Animation.getTransformation:911 android.view.animation.Animation.getTransformation:985 android.view.animation.AnimationSet.getTransformation:384 com.android.server.wm.WindowAnimationSpec.apply:98 com.android.server.wm.SurfaceAnimationRunner.applyTransformation:231 com.android.server.wm.SurfaceAnimationRunner.lambda$startAnimationLocked$3:181 
05-10 15:05:05.993  1481  2154 V ColorCornerRadiusAnimation:  t =:Transformation{alpha=1.0 matrix=[1.0, 0.0, 0.0][0.0, 1.0, 0.0][0.0, 0.0, 1.0]}
05-10 15:05:05.998  1481  3526 D DEBUG_VISIBILITY: mOccluded:false lastOccluded:false
05-10 15:05:06.003  1481  2153 V WindowManager: adjustNotShowWallpaperByOppo: false
05-10 15:05:06.009  1481  2154 V ColorCornerRadiusAnimation: applyTransformation currentRadius =:129.86041,callerandroid.view.animation.Animation.getTransformation:911 android.view.animation.Animation.getTransformation:985 android.view.animation.AnimationSet.getTransformation:384 com.android.server.wm.WindowAnimationSpec.apply:98 com.android.server.wm.SurfaceAnimationRunner.applyTransformation:231 com.android.server.wm.SurfaceAnimationRunner.lambda$startAnimationLocked$3:181 
05-10 15:05:06.009  1481  2154 V ColorCornerRadiusAnimation:  t =:Transformation{alpha=1.0 matrix=[1.0, 0.0, 0.0][0.0, 1.0, 0.0][0.0, 0.0, 1.0]}
05-10 15:05:06.026  1481  2154 V ColorCornerRadiusAnimation: applyTransformation currentRadius =:147.30884,callerandroid.view.animation.Animation.getTransformation:911 android.view.animation.Animation.getTransformation:985 android.view.animation.AnimationSet.getTransformation:384 com.android.server.wm.WindowAnimationSpec.apply:98 com.android.server.wm.SurfaceAnimationRunner.applyTransformation:231 com.android.server.wm.SurfaceAnimationRunner.lambda$startAnimationLocked$3:181 
05-10 15:05:06.026  1481  2154 V ColorCornerRadiusAnimation:  t =:Transformation{alpha=1.0 matrix=[1.0, 0.0, 0.0][0.0, 1.0, 0.0][0.0, 0.0, 1.0]}
05-10 15:05:06.042  1481  2154 V ColorCornerRadiusAnimation: applyTransformation currentRadius =:167.141,callerandroid.view.animation.Animation.getTransformation:911 android.view.animation.Animation.getTransformation:985 android.view.animation.AnimationSet.getTransformation:384 com.android.server.wm.WindowAnimationSpec.apply:98 com.android.server.wm.SurfaceAnimationRunner.applyTransformation:231 com.android.server.wm.SurfaceAnimationRunner.lambda$startAnimationLocked$3:181 
05-10 15:05:06.042  1481  2154 V ColorCornerRadiusAnimation:  t =:Transformation{alpha=1.0 matrix=[1.0, 0.0, 0.0][0.0, 1.0, 0.0][0.0, 0.0, 1.0]}
05-10 15:05:06.059  1481  2154 V ColorCornerRadiusAnimation: applyTransformation currentRadius =:190.61868,callerandroid.view.animation.Animation.getTransformation:911 android.view.animation.Animation.getTransformation:985 android.view.animation.AnimationSet.getTransformation:384 com.android.server.wm.WindowAnimationSpec.apply:98 com.android.server.wm.SurfaceAnimationRunner.applyTransformation:231 com.android.server.wm.SurfaceAnimationRunner.lambda$startAnimationLocked$3:181 
05-10 15:05:06.059  1481  2154 V ColorCornerRadiusAnimation:  t =:Transformation{alpha=1.0 matrix=[1.0, 0.0, 0.0][0.0, 1.0, 0.0][0.0, 0.0, 1.0]}
05-10 15:05:06.075  1481  2154 V ColorCornerRadiusAnimation: applyTransformation currentRadius =:211.6285,callerandroid.view.animation.Animation.getTransformation:911 android.view.animation.Animation.getTransformation:985 android.view.animation.AnimationSet.getTransformation:384 com.android.server.wm.WindowAnimationSpec.apply:98 com.android.server.wm.SurfaceAnimationRunner.applyTransformation:231 com.android.server.wm.SurfaceAnimationRunner.lambda$startAnimationLocked$3:181 
05-10 15:05:06.075  1481  2154 V ColorCornerRadiusAnimation:  t =:Transformation{alpha=1.0 matrix=[1.0, 0.0, 0.0][0.0, 1.0, 0.0][0.0, 0.0, 1.0]}
05-10 15:05:06.092  1481  2154 V ColorCornerRadiusAnimation: applyTransformation currentRadius =:220.3727,callerandroid.view.animation.Animation.getTransformation:911 android.view.animation.Animation.getTransformation:985 android.view.animation.AnimationSet.getTransformation:384 com.android.server.wm.WindowAnimationSpec.apply:98 com.android.server.wm.SurfaceAnimationRunner.applyTransformation:231 com.android.server.wm.SurfaceAnimationRunner.lambda$startAnimationLocked$3:181 
05-10 15:05:06.092  1481  2154 V ColorCornerRadiusAnimation:  t =:Transformation{alpha=1.0 matrix=[1.0, 0.0, 0.0][0.0, 1.0, 0.0][0.0, 0.0, 1.0]}
05-10 15:05:06.109  1481  2154 V ColorCornerRadiusAnimation: applyTransformation currentRadius =:225.76907,callerandroid.view.animation.Animation.getTransformation:911 android.view.animation.Animation.getTransformation:985 android.view.animation.AnimationSet.getTransformation:384 com.android.server.wm.WindowAnimationSpec.apply:98 com.android.server.wm.SurfaceAnimationRunner.applyTransformation:231 com.android.server.wm.SurfaceAnimationRunner.lambda$startAnimationLocked$3:181 
05-10 15:05:06.109  1481  2154 V ColorCornerRadiusAnimation:  t =:Transformation{alpha=1.0 matrix=[1.0, 0.0, 0.0][0.0, 1.0, 0.0][0.0, 0.0, 1.0]}
05-10 15:05:06.110  1481  1481 W WindowManager: removeWindowToken: Attempted to remove non-existing token: android.os.Binder@f754ec6
05-10 15:05:06.125  1481  2154 V ColorCornerRadiusAnimation: applyTransformation currentRadius =:229.43204,callerandroid.view.animation.Animation.getTransformation:911 android.view.animation.Animation.getTransformation:985 android.view.animation.AnimationSet.getTransformation:384 com.android.server.wm.WindowAnimationSpec.apply:98 com.android.server.wm.SurfaceAnimationRunner.applyTransformation:231 com.android.server.wm.SurfaceAnimationRunner.lambda$startAnimationLocked$3:181 
05-10 15:05:06.125  1481  2154 V ColorCornerRadiusAnimation:  t =:Transformation{alpha=1.0 matrix=[1.0, 0.0, 0.0][0.0, 1.0, 0.0][0.0, 0.0, 1.0]}
05-10 15:05:06.142  1481  2154 V ColorCornerRadiusAnimation: applyTransformation currentRadius =:231.8639,callerandroid.view.animation.Animation.getTransformation:911 android.view.animation.Animation.getTransformation:985 android.view.animation.AnimationSet.getTransformation:384 com.android.server.wm.WindowAnimationSpec.apply:98 com.android.server.wm.SurfaceAnimationRunner.applyTransformation:231 com.android.server.wm.SurfaceAnimationRunner.lambda$startAnimationLocked$3:181 
05-10 15:05:06.142  1481  2154 V ColorCornerRadiusAnimation:  t =:Transformation{alpha=1.0 matrix=[1.0, 0.0, 0.0][0.0, 1.0, 0.0][0.0, 0.0, 1.0]}
05-10 15:05:06.159  1481  2154 V ColorCornerRadiusAnimation: applyTransformation currentRadius =:233.80252,callerandroid.view.animation.Animation.getTransformation:911 android.view.animation.Animation.getTransformation:985 android.view.animation.AnimationSet.getTransformation:384 com.android.server.wm.WindowAnimationSpec.apply:98 com.android.server.wm.SurfaceAnimationRunner.applyTransformation:231 com.android.server.wm.SurfaceAnimationRunner.lambda$startAnimationLocked$3:181 
05-10 15:05:06.159  1481  2154 V ColorCornerRadiusAnimation:  t =:Transformation{alpha=1.0 matrix=[1.0, 0.0, 0.0][0.0, 1.0, 0.0][0.0, 0.0, 1.0]}
05-10 15:05:06.175  1481  2154 V ColorCornerRadiusAnimation: applyTransformation currentRadius =:235.30148,callerandroid.view.animation.Animation.getTransformation:911 android.view.animation.Animation.getTransformation:985 android.view.animation.AnimationSet.getTransformation:384 com.android.server.wm.WindowAnimationSpec.apply:98 com.android.server.wm.SurfaceAnimationRunner.applyTransformation:231 com.android.server.wm.SurfaceAnimationRunner.lambda$startAnimationLocked$3:181 
05-10 15:05:06.175  1481  2154 V ColorCornerRadiusAnimation:  t =:Transformation{alpha=1.0 matrix=[1.0, 0.0, 0.0][0.0, 1.0, 0.0][0.0, 0.0, 1.0]}
05-10 15:05:06.192  1481  2154 V ColorCornerRadiusAnimation: applyTransformation currentRadius =:236.44812,callerandroid.view.animation.Animation.getTransformation:911 android.view.animation.Animation.getTransformation:985 android.view.animation.AnimationSet.getTransformation:384 com.android.server.wm.WindowAnimationSpec.apply:98 com.android.server.wm.SurfaceAnimationRunner.applyTransformation:231 com.android.server.wm.SurfaceAnimationRunner.lambda$startAnimationLocked$3:181 
05-10 15:05:06.192  1481  2154 V ColorCornerRadiusAnimation:  t =:Transformation{alpha=1.0 matrix=[1.0, 0.0, 0.0][0.0, 1.0, 0.0][0.0, 0.0, 1.0]}
05-10 15:05:06.209  1481  2154 V ColorCornerRadiusAnimation: applyTransformation currentRadius =:237.24957,callerandroid.view.animation.Animation.getTransformation:911 android.view.animation.Animation.getTransformation:985 android.view.animation.AnimationSet.getTransformation:384 com.android.server.wm.WindowAnimationSpec.apply:98 com.android.server.wm.SurfaceAnimationRunner.applyTransformation:231 com.android.server.wm.SurfaceAnimationRunner.lambda$startAnimationLocked$3:181 
05-10 15:05:06.209  1481  2154 V ColorCornerRadiusAnimation:  t =:Transformation{alpha=1.0 matrix=[1.0, 0.0, 0.0][0.0, 1.0, 0.0][0.0, 0.0, 1.0]}
05-10 15:05:06.225  1481  2154 V ColorCornerRadiusAnimation: applyTransformation currentRadius =:237.93024,callerandroid.view.animation.Animation.getTransformation:911 android.view.animation.Animation.getTransformation:985 android.view.animation.AnimationSet.getTransformation:384 com.android.server.wm.WindowAnimationSpec.apply:98 com.android.server.wm.SurfaceAnimationRunner.applyTransformation:231 com.android.server.wm.SurfaceAnimationRunner.lambda$startAnimationLocked$3:181 
05-10 15:05:06.225  1481  2154 V ColorCornerRadiusAnimation:  t =:Transformation{alpha=1.0 matrix=[1.0, 0.0, 0.0][0.0, 1.0, 0.0][0.0, 0.0, 1.0]}
05-10 15:05:06.242  1481  2154 V ColorCornerRadiusAnimation: applyTransformation currentRadius =:238.34682,callerandroid.view.animation.Animation.getTransformation:911 android.view.animation.Animation.getTransformation:985 android.view.animation.AnimationSet.getTransformation:384 com.android.server.wm.WindowAnimationSpec.apply:98 com.android.server.wm.SurfaceAnimationRunner.applyTransformation:231 com.android.server.wm.SurfaceAnimationRunner.lambda$startAnimationLocked$3:181 
05-10 15:05:06.242  1481  2154 V ColorCornerRadiusAnimation:  t =:Transformation{alpha=1.0 matrix=[1.0, 0.0, 0.0][0.0, 1.0, 0.0][0.0, 0.0, 1.0]}
05-10 15:05:06.258  1481  2153 V OppoStartExitAnimation: CallbackLog,postOppoLauncherTransitionFinishCallback mLauncherTransitionStartedCallback =:null,mLauncherTransitionFinishedCallback =:android.os.IRemoteCallback$Stub$Proxy@d061c18
05-10 15:05:06.259  1481  2153 V OppoStartExitAnimation: CallbackLog,clearOppoLauncherCallbacks  ****** 
05-10 15:05:06.259  1481  2154 V ColorCornerRadiusAnimation: applyTransformation currentRadius =:238.73605,callerandroid.view.animation.Animation.getTransformation:911 android.view.animation.Animation.getTransformation:985 android.view.animation.AnimationSet.getTransformation:384 com.android.server.wm.WindowAnimationSpec.apply:98 com.android.server.wm.SurfaceAnimationRunner.applyTransformation:231 com.android.server.wm.SurfaceAnimationRunner.lambda$startAnimationLocked$3:181 
05-10 15:05:06.259  1481  2154 V ColorCornerRadiusAnimation:  t =:Transformation{alpha=1.0 matrix=[1.0, 0.0, 0.0][0.0, 1.0, 0.0][0.0, 0.0, 1.0]}
05-10 15:05:06.276  1481  2154 V ColorCornerRadiusAnimation: applyTransformation currentRadius =:238.92795,callerandroid.view.animation.Animation.getTransformation:911 android.view.animation.Animation.getTransformation:985 android.view.animation.AnimationSet.getTransformation:384 com.android.server.wm.WindowAnimationSpec.apply:98 com.android.server.wm.SurfaceAnimationRunner.applyTransformation:231 com.android.server.wm.SurfaceAnimationRunner.lambda$startAnimationLocked$3:181 
05-10 15:05:06.276  1481  2154 V ColorCornerRadiusAnimation:  t =:Transformation{alpha=1.0 matrix=[1.0, 0.0, 0.0][0.0, 1.0, 0.0][0.0, 0.0, 1.0]}
05-10 15:05:06.277  1481  2153 V WindowManager: adjustNotShowWallpaperByOppo: false
05-10 15:05:06.292  1481  2154 V ColorCornerRadiusAnimation: applyTransformation currentRadius =:238.98558,callerandroid.view.animation.Animation.getTransformation:911 android.view.animation.Animation.getTransformation:985 android.view.animation.AnimationSet.getTransformation:384 com.android.server.wm.WindowAnimationSpec.apply:98 com.android.server.wm.SurfaceAnimationRunner.applyTransformation:231 com.android.server.wm.SurfaceAnimationRunner.lambda$startAnimationLocked$3:181 
05-10 15:05:06.292  1481  2154 V ColorCornerRadiusAnimation:  t =:Transformation{alpha=1.0 matrix=[1.0, 0.0, 0.0][0.0, 1.0, 0.0][0.0, 0.0, 1.0]}
05-10 15:05:06.295  1481  2153 V WindowManager: adjustNotShowWallpaperByOppo: false
05-10 15:05:06.309  1481  2154 V OppoStartExitAnimation: CallbackLog,postOppoLauncherTransitionFinishCallback mLauncherTransitionStartedCallback =:null,mLauncherTransitionFinishedCallback =:null
05-10 15:05:06.309  1481  2154 V ColorCornerRadiusAnimation: applyTransformation currentRadius =:239.0,callerandroid.view.animation.Animation.getTransformation:911 android.view.animation.Animation.getTransformation:985 android.view.animation.AnimationSet.getTransformation:384 com.android.server.wm.WindowAnimationSpec.apply:98 com.android.server.wm.SurfaceAnimationRunner.applyTransformation:231 com.android.server.wm.SurfaceAnimationRunner.lambda$startAnimationLocked$3:181 
05-10 15:05:06.309  1481  2154 V ColorCornerRadiusAnimation:  t =:Transformation{alpha=1.0 matrix=[1.0, 0.0, 0.0][0.0, 1.0, 0.0][0.0, 0.0, 1.0]}
05-10 15:05:06.313  1481  9627 V WindowManager: adjustNotShowWallpaperByOppo: false
05-10 15:05:06.315  1481  9627 I WindowManager: handleOpeningSpecialApp (statusbar != null ) true pkg: com.oppo.launcher start: 3
05-10 15:05:06.316  1481  9627 V WindowManager: adjustNotShowWallpaperByOppo: false
05-10 15:05:06.684  1481  3526 W ActivityManager: preloadAction is 0, starting intent = act=android.intent.action.MAIN cat=[android.intent.category.LAUNCHER] flg=0x10200000 cmp=com.oppo.camera/.Camera bnds=[48,2049][294,2283]
05-10 15:05:06.685  1481  3526 I ActivityManager: START u0 {act=android.intent.action.MAIN cat=[android.intent.category.LAUNCHER] flg=0x10200000 cmp=com.oppo.camera/.Camera bnds=[48,2049][294,2283]} from uid 10047 and from pid 3153
05-10 15:05:06.728  1481  2566 I MotorManagerService: notifyActivityChanged: mBackgroudPkg = com.oppo.launcher mFocusPkg = com.oppo.camera mIsSplitMode = false mBackActivity = com.oppo.launcher.Launcher mFocusActivity = com.oppo.camera.Camera
05-10 15:05:06.734  1481  9627 D DEBUG_VISIBILITY: mOccluded:false lastOccluded:false
05-10 15:05:06.735  1481  9627 D DEBUG_VISIBILITY: mOccluded:false lastOccluded:false
05-10 15:05:06.747  1481  2153 V WindowManager: Changing focus from Window{208d308 u0 com.oppo.launcher/com.oppo.launcher.Launcher} to null
05-10 15:05:06.752  1481  9627 D DEBUG_VISIBILITY: mOccluded:false lastOccluded:false
05-10 15:05:06.753  1481  9627 D DEBUG_VISIBILITY: mOccluded:false lastOccluded:false
05-10 15:05:06.761  1481  1592 D Dex2oatManagerService: Foreground changed, PID: 7505 UID: 10106 foreground: true
05-10 15:05:06.762  1481  1592 D Dex2oatManagerService: Current app:com.oppo.camera/com.oppo.camera.Camera
05-10 15:05:06.762  1481  1592 D Dex2oatManagerService: Detect cold launch begin
05-10 15:05:06.762  1481  1592 D Dex2oatManager: cold launch time:30000
05-10 15:05:06.781  1481  2153 V ColorCornerRadiusAnimation: applyTransformation currentRadius =:239.0,callerandroid.view.animation.Animation.getTransformation:911 android.view.animation.Animation.getTransformation:985 android.view.animation.AnimationSet.getTransformation:384 com.android.server.wm.WindowAnimationSpec.apply:98 com.android.server.wm.SurfaceAnimationRunner.applyTransformation:231 com.android.server.wm.SurfaceAnimationRunner.startAnimation:134 
05-10 15:05:06.781  1481  2153 V ColorCornerRadiusAnimation:  t =:Transformation{alpha=1.0 matrix=[1.0, 0.0, 0.0][0.0, 1.0, 0.0][0.0, 0.0, 1.0]}
05-10 15:05:06.790  1481  2153 I WindowManager: TopFullScreen status bar state changed, topIsFullscreen:true topWin:Window{c80d2bf u0 Splash Screen com.oppo.camera} topActivityIsFullscreen:true
05-10 15:05:06.790  1481  2153 I StatusBarManagerService:  topIsFullscreen fullscreen true
05-10 15:05:06.790  1481  2153 I WindowManager: finishPostLayoutPolicyLw (statusbar != null ) true topIsFullscreen true top = Window{c80d2bf u0 Splash Screen com.oppo.camera} topActivityIsFullscreen true
05-10 15:05:06.790  1481  2153 I StatusBarManagerService:  topIsFullscreen fullscreen true
05-10 15:05:06.793  1481  2154 V ColorCornerRadiusAnimation: applyTransformation currentRadius =:239.0,callerandroid.view.animation.Animation.getTransformation:911 android.view.animation.Animation.getTransformation:985 android.view.animation.AnimationSet.getTransformation:384 com.android.server.wm.WindowAnimationSpec.apply:98 com.android.server.wm.SurfaceAnimationRunner.applyTransformation:231 com.android.server.wm.SurfaceAnimationRunner.lambda$startAnimationLocked$3:181 
05-10 15:05:06.793  1481  2154 V ColorCornerRadiusAnimation:  t =:Transformation{alpha=1.0 matrix=[1.0, 0.0, 0.0][0.0, 1.0, 0.0][0.0, 0.0, 1.0]}
05-10 15:05:06.793  1481  2154 V ColorCornerRadiusAnimation: applyTransformation currentRadius =:224.60345,callerandroid.view.animation.Animation.getTransformation:911 android.view.animation.Animation.getTransformation:985 android.view.animation.AnimationSet.getTransformation:384 com.android.server.wm.WindowAnimationSpec.apply:98 com.android.server.wm.SurfaceAnimationRunner.applyTransformation:231 com.android.server.wm.SurfaceAnimationRunner.lambda$startAnimationLocked$3:181 
05-10 15:05:06.793  1481  2154 V ColorCornerRadiusAnimation:  t =:Transformation{alpha=1.0 matrix=[1.0, 0.0, 0.0][0.0, 1.0, 0.0][0.0, 0.0, 1.0]}
05-10 15:05:06.793  1481  2154 V ColorCornerRadiusAnimation: applyTransformation currentRadius =:224.60345,callerandroid.view.animation.Animation.getTransformation:911 android.view.animation.Animation.getTransformation:985 android.view.animation.AnimationSet.getTransformation:384 com.android.server.wm.WindowAnimationSpec.apply:98 com.android.server.wm.SurfaceAnimationRunner.applyTransformation:231 com.android.server.wm.SurfaceAnimationRunner.lambda$startAnimationLocked$3:181 
05-10 15:05:06.793  1481  2154 V ColorCornerRadiusAnimation:  t =:Transformation{alpha=1.0 matrix=[1.0, 0.0, 0.0][0.0, 1.0, 0.0][0.0, 0.0, 1.0]}
05-10 15:05:06.809  1481  2154 V ColorCornerRadiusAnimation: applyTransformation currentRadius =:206.48746,callerandroid.view.animation.Animation.getTransformation:911 android.view.animation.Animation.getTransformation:985 android.view.animation.AnimationSet.getTransformation:384 com.android.server.wm.WindowAnimationSpec.apply:98 com.android.server.wm.SurfaceAnimationRunner.applyTransformation:231 com.android.server.wm.SurfaceAnimationRunner.lambda$startAnimationLocked$3:181 
05-10 15:05:06.809  1481  2154 V ColorCornerRadiusAnimation:  t =:Transformation{alpha=1.0 matrix=[1.0, 0.0, 0.0][0.0, 1.0, 0.0][0.0, 0.0, 1.0]}
