07-09 09:27:19.161  1328  2027 D ColorRemovableAppManager: package com.android.managedprovisioning is unremovable
07-09 09:27:19.169  1328  2026 D ColorRemovableAppManager: package com.android.mms.service is unremovable
07-09 09:27:19.172  1328  2029 D ColorRemovableAppManager: package com.android.providers.media is unremovable
07-09 09:27:19.183  1328  2027 D ColorRemovableAppManager: package com.android.mtp is unremovable
07-09 09:27:19.208  1328  2030 D ColorRemovableAppManager: package com.nearme.themestore is unremovable
07-09 09:27:19.217  1240  1570 I ServiceManager: Waiting for service 'package_native' on '/dev/binder'...
07-09 09:27:19.220   796  1043 E EffectsFactoryConfigLoader: Could not find library in effect directories: libshoebox.so
07-09 09:27:19.227  1328  2029 D ColorRemovableAppManager: package com.ted.number is unremovable
07-09 09:27:19.227  1328  2029 D PackageManager: found oppo key app :com.ted.number
07-09 09:27:19.228  1328  2027 D ColorRemovableAppManager: package com.mediatek.omacp is unremovable
07-09 09:27:19.236  1328  2026 D ColorRemovableAppManager: package com.coloros.soundrecorder is unremovable
07-09 09:27:19.253   796  1043 E EffectsFactoryConfigLoader: Could not find library in effect directories: libswvqe.so
07-09 09:27:19.254   796  1043 E EffectsFactoryConfigLoader: Error querying effect 7d1580bd-297f-4683-9239-e475b6d1d69f on lib offload_bundle
07-09 09:27:19.254   796  1043 D volume_listener: init_once Called 
07-09 09:27:19.255   796  1043 D msm8974_platform: platform_get_gain_level_mapping: empty or currupted gain_mapping_table
07-09 09:27:19.255   796  1043 D volume_listener: init_once: using default volume table
07-09 09:27:19.255   796  1043 E EffectsFactoryConfigLoader: Could not find library shoebox to load effect shoebox
07-09 09:27:19.255   796  1043 I DlbDlbEffect: getDescriptor(uuid=9D4921DA-8225-4F29-AEFA-39537A04BCAA, pDescriptor=0xef3e6bc0)
07-09 09:27:19.256   796  1043 I DlbDlbEffect: getDescriptor() Returning descriptor for DAP FULL
07-09 09:27:19.256   796  1043 E EffectsFactoryConfigLoader: Could not find library vqe to load effect vqe
07-09 09:27:19.256   796  1043 E EffectsFactoryConfigLoader: 5 errors during loading of configuration: /vendor/etc/audio_effects.xml
07-09 09:27:19.256   796  1043 E EffectsFactory: Effect config is partially invalid, skipped 5 elements
07-09 09:27:19.256   888   888 I BufferProvider: found effect "Multichannel Downmix To Stereo" from The Android Open Source Project
07-09 09:27:19.258   888   888 I AudioFlinger: Using module 10 as the primary audio interface
07-09 09:27:19.258   796  2106 D oppo_smartvolume: smartvolume_setmode restore des_ratio to 1 mode:0
07-09 09:27:19.259   888  1048 D AudioFlinger: stream=0 value=0.063096 output=13
07-09 09:27:19.259   888  1048 D AudioFlinger: stream=1 value=0.000000 output=13
07-09 09:27:19.260   888  1048 D AudioFlinger: stream=2 value=0.000000 output=13
07-09 09:27:19.260   888  1048 D AudioFlinger: stream=3 value=0.000000 output=13
07-09 09:27:19.260   888  1048 D AudioFlinger: stream=4 value=0.000000 output=13
07-09 09:27:19.260   888  1048 D AudioFlinger: stream=5 value=0.000000 output=13
07-09 09:27:19.260   888  1048 D AudioFlinger: stream=7 value=0.000000 output=13
07-09 09:27:19.260   888  1048 D AudioFlinger: stream=8 value=0.000000 output=13
07-09 09:27:19.260   888  1048 D AudioFlinger: stream=9 value=1.000000 output=13
07-09 09:27:19.260   888  1048 D AudioFlinger: stream=10 value=0.001259 output=13
07-09 09:27:19.260   888  1048 D AudioFlinger: stream=11 value=1.000000 output=13
07-09 09:27:19.261   888  1048 D AudioFlinger: setParameters() +++ io 13, keyvalue mono_output=0, calling pid 888 calling uid 1041
07-09 09:27:19.261   888  1048 D AudioFlinger: setParameters() --- io 13
07-09 09:27:19.261   888   888 W AudioFlinger: moveEffects() bad srcOutput 0
07-09 09:27:19.261   888   888 D APM_AudioPolicyManager: selectOutputForMusicEffects selected output 13
07-09 09:27:19.261   888   888 D APM_AudioPolicyManager: setOutputDevice() output 13 device 0002 force 1 delayMs 0
07-09 09:27:19.263   888  2113 I AudioFlinger: AudioFlinger's thread 0xf1226e00 tid=2113 ready to run
07-09 09:27:19.263   888  2113 W AudioFlinger: no wake lock to update, system not ready yet
07-09 09:27:19.267   796  1043 D audio_hw_primary: out_set_parameters: enter: usecase(1: low-latency-playback) kvpairs: routing=2
07-09 09:27:19.267   796  1043 D audio_hw_extn: audio_extn_set_anc_parameters: anc_enabled:0
07-09 09:27:19.267   796  1043 E soundtrigger: audio_extn_sound_trigger_set_parameters: str_params NULL
07-09 09:27:19.267   796  1043 D audio_hw_spkr_prot: audio_extn_fbsp_set_parameters: Speaker protection disabled
07-09 09:27:19.269   796  1043 D audio_hw_primary: out_standby: enter: stream (0xeebf9000) usecase(1: low-latency-playback)
07-09 09:27:19.269   796  1043 D audio_hw_primary: out_standby: exit
07-09 09:27:19.270   888   888 I AudioFlinger: openOutput() this 0xf21c7300, module 10 Device 0x2, SamplingRate 48000, Format 0x000001, Channels 0x3, flags 0x8
07-09 09:27:19.270   796  1043 D audio_hw_primary: adev_open_output_stream: enter: format(0x1) sample_rate(48000) channel_mask(0x3) devices(0x2) flags(0x8)        stream_handle(0xeebfb800)
07-09 09:27:19.270   796  1043 D audio_hw_primary: adev_open_output_stream: Stream (0xeebfb800) picks up usecase (deep-buffer-playback)
07-09 09:27:19.273   888   888 I AudioFlinger: HAL output buffer size 1920 frames, normal sink buffer size 1920 frames
07-09 09:27:19.274   888  1048 D AudioFlinger: stream=0 value=0.063096 output=21
07-09 09:27:19.276  1328  2027 D ColorRemovableAppManager: package com.oppo.gestureservice is unremovable
07-09 09:27:19.278   888  1048 D AudioFlinger: stream=1 value=0.000000 output=21
07-09 09:27:19.278   888  1048 D AudioFlinger: stream=2 value=0.000000 output=21
07-09 09:27:19.279   888  1048 D AudioFlinger: stream=3 value=0.000000 output=21
07-09 09:27:19.279   888  1048 D AudioFlinger: stream=4 value=0.000000 output=21
07-09 09:27:19.279   888  1048 D AudioFlinger: stream=5 value=0.000000 output=21
07-09 09:27:19.279   888  1048 D AudioFlinger: stream=7 value=0.000000 output=21
07-09 09:27:19.280   888  1048 D AudioFlinger: stream=8 value=0.000000 output=21
07-09 09:27:19.280   888  1048 D AudioFlinger: stream=9 value=1.000000 output=21
07-09 09:27:19.282   888  1048 D AudioFlinger: stream=10 value=0.001259 output=21
07-09 09:27:19.283   888  1048 D AudioFlinger: stream=11 value=1.000000 output=21
07-09 09:27:19.283   888  1048 D AudioFlinger: setParameters() +++ io 21, keyvalue mono_output=0, calling pid 888 calling uid 1041
07-09 09:27:19.283   888  1048 D AudioFlinger: setParameters() --- io 21
07-09 09:27:19.283   888   888 D APM_AudioPolicyManager: selectOutputForMusicEffects selected output 13
07-09 09:27:19.283   888   888 D APM_AudioPolicyManager: setOutputDevice() output 21 device 0002 force 1 delayMs 0
07-09 09:27:19.282   888  2114 I AudioFlinger: AudioFlinger's thread 0xf0d039c0 tid=2114 ready to run
07-09 09:27:19.284   888  2114 W AudioFlinger: no wake lock to update, system not ready yet
07-09 09:27:19.284   807  1196 W ServiceManagement: Waited one second for android.frameworks.sensorservice@1.0::ISensorManager/default
07-09 09:27:19.286   807  1196 I ServiceManagement: getService: Trying again for android.frameworks.sensorservice@1.0::ISensorManager/default...
07-09 09:27:19.287  1328  2028 I PackageParser: Parse times for '/system/priv-app/GmsCore': parse=247ms, update_cache=29 ms
07-09 09:27:19.287  1328  2028 D ColorRemovableAppManager: package com.google.android.gms is unremovable
07-09 09:27:19.291   796  1043 D audio_hw_primary: out_set_parameters: enter: usecase(0: deep-buffer-playback) kvpairs: routing=2
07-09 09:27:19.293   796  1043 D audio_hw_primary: out_standby: enter: stream (0xeebfb800) usecase(0: deep-buffer-playback)
07-09 09:27:19.293   796  1043 D audio_hw_primary: out_standby: exit
07-09 09:27:19.294   888   888 I AudioFlinger: openOutput() this 0xf21c7300, module 10 Device 0x10000, SamplingRate 48000, Format 0x000001, Channels 0x3, flags 0
07-09 09:27:19.295   796  1043 D audio_hw_primary: adev_open_output_stream: enter: format(0x1) sample_rate(48000) channel_mask(0x3) devices(0x10000) flags(0)        stream_handle(0xeeac4000)
07-09 09:27:19.295   796  1043 D audio_hw_primary: adev_open_output_stream: Stream (0xeeac4000) picks up usecase (afe-proxy-playback)
07-09 09:27:19.295  1328  2028 E PackageManager_MultiTaskDealer: Failed to scan /system/priv-app/GmsCore: Package com.google.android.gms at /system/priv-app/GmsCore ignored: updated version 17785039 better than this 16091037
07-09 09:27:19.298   888   888 I AudioFlinger: HAL output buffer size 768 frames, normal sink buffer size 1152 frames
07-09 09:27:19.299  1328  2026 D ColorRemovableAppManager: package com.oppo.launcher is unremovable
07-09 09:27:19.299  1328  2030 D ColorRemovableAppManager: package com.coloros.bootreg is unremovable
07-09 09:27:19.299   888  1048 D AudioFlinger: stream=0 value=1.000000 output=29
07-09 09:27:19.300   888  1048 D AudioFlinger: stream=1 value=1.000000 output=29
07-09 09:27:19.300   888  1048 D AudioFlinger: stream=2 value=1.000000 output=29
07-09 09:27:19.300   888  1048 D AudioFlinger: stream=3 value=1.000000 output=29
07-09 09:27:19.300   888  1048 D AudioFlinger: stream=4 value=1.000000 output=29
07-09 09:27:19.301   888  1048 D AudioFlinger: stream=5 value=1.000000 output=29
07-09 09:27:19.301   888  1048 D AudioFlinger: stream=7 value=1.000000 output=29
07-09 09:27:19.301   888  1048 D AudioFlinger: stream=8 value=1.000000 output=29
07-09 09:27:19.301   888  1048 D AudioFlinger: stream=9 value=1.000000 output=29
07-09 09:27:19.301   888  1048 D AudioFlinger: stream=10 value=1.000000 output=29
07-09 09:27:19.301   888  2118 I AudioFlinger: AudioFlinger's thread 0xf0b03400 tid=2118 ready to run
07-09 09:27:19.302   888  2118 W AudioFlinger: no wake lock to update, system not ready yet
07-09 09:27:19.302   888  1048 D AudioFlinger: stream=11 value=1.000000 output=29
07-09 09:27:19.302   796  1043 D audio_hw_primary: out_standby: enter: stream (0xeeac4000) usecase(50: afe-proxy-playback)
07-09 09:27:19.302   796  1043 D audio_hw_primary: out_standby: exit
07-09 09:27:19.302   888  2118 W AudioFlinger: no wake lock to update, system not ready yet
07-09 09:27:19.302   888  1048 D AudioFlinger: setParameters() +++ io 29, keyvalue mono_output=0, calling pid 888 calling uid 1041
07-09 09:27:19.302   888  1048 D AudioFlinger: setParameters() --- io 29
07-09 09:27:19.303   888   888 D APM_AudioPolicyManager: selectOutputForMusicEffects selected output 13
07-09 09:27:19.303   888   888 D APM_AudioPolicyManager: setOutputDevice() output 29 device 10000 force 1 delayMs 0
07-09 09:27:19.303   796  1043 D audio_hw_primary: out_set_parameters: enter: usecase(50: afe-proxy-playback) kvpairs: routing=65536
07-09 09:27:19.305   796  1043 D audio_hw_primary: adev_open_input_stream: enter: sample_rate(48000) channel_mask(0xc) devices(0x80002000)        stream_handle(0xf0137540) io_handle(14) source(1) format 1
07-09 09:27:19.305   796  1043 D OPPO_AUDIO_SCENCE: input_set_scence: scence = 0
07-09 09:27:19.309   888   888 D AudioFlinger: RecordThread::preExit() mActiveTracks.size=0
07-09 09:27:19.310   888  2119 I AudioFlinger: AudioFlinger's thread 0xf0803980 tid=2119 ready to run
07-09 09:27:19.311   796  2106 D audio_hw_primary: adev_open_input_stream: enter: sample_rate(48000) channel_mask(0x17000c) devices(0x80000004)        stream_handle(0xf0137700) io_handle(22) source(1) format 1
07-09 09:27:19.311   796  2106 D OPPO_AUDIO_SCENCE: input_set_scence: scence = 0
07-09 09:27:19.311   796  2106 D audio_hw_primary: adev_open_input_stream: return error to retry with updated channel mask (0x8000000f)
07-09 09:27:19.311   796  2106 W DeviceHAL: Error from HAL Device in function open_input_stream: Invalid argument
07-09 09:27:19.312   796  2106 D audio_hw_primary: adev_close_input_stream: enter:stream_handle(0xf0137540)
07-09 09:27:19.312   796  2106 E soundtrigger: audio_extn_sound_trigger_check_ec_ref_enable: st_dev NULL
07-09 09:27:19.312   796  2106 E soundtrigger: audio_extn_sound_trigger_update_ec_ref_status: st_dev NULL
07-09 09:27:19.312   796  2106 D audio_hw_primary: in_standby: enter: stream (0xf0137540) usecase(18: audio-record)
07-09 09:27:19.312   796  1043 D audio_hw_primary: adev_open_input_stream: enter: sample_rate(48000) channel_mask(0x8000000f) devices(0x80000004)        stream_handle(0xf0137e00) io_handle(22) source(1) format 1
07-09 09:27:19.312   796  1043 D OPPO_AUDIO_SCENCE: input_set_scence: scence = 0
07-09 09:27:19.315   888   888 D AudioFlinger: RecordThread::preExit() mActiveTracks.size=0
07-09 09:27:19.315  1328  2031 I PackageParser: Parse times for '/system/priv-app/Mms': parse=164ms, update_cache=10 ms
07-09 09:27:19.315  1328  2031 D ColorRemovableAppManager: package com.android.mms is unremovable
07-09 09:27:19.316  1328  2031 D PackageManager: found oppo key app :com.android.mms
07-09 09:27:19.317   888  2121 I AudioFlinger: AudioFlinger's thread 0xf0803c80 tid=2121 ready to run
07-09 09:27:19.318  1240  1570 I ServiceManager: Waiting for service 'package_native' on '/dev/binder'...
07-09 09:27:19.318   796  2120 D audio_hw_primary: adev_close_input_stream: enter:stream_handle(0xf0137e00)
07-09 09:27:19.318   796  2120 E soundtrigger: audio_extn_sound_trigger_check_ec_ref_enable: st_dev NULL
07-09 09:27:19.318   796  2120 E soundtrigger: audio_extn_sound_trigger_update_ec_ref_status: st_dev NULL
07-09 09:27:19.318   796  2120 D audio_hw_primary: in_standby: enter: stream (0xf0137e00) usecase(18: audio-record)
07-09 09:27:19.318   796  1043 D audio_hw_primary: adev_open_input_stream: enter: sample_rate(192000) channel_mask(0x8000000f) devices(0x80000004)        stream_handle(0xf0137fc0) io_handle(30) source(1) format 5
07-09 09:27:19.319   796  1043 D OPPO_AUDIO_SCENCE: input_set_scence: scence = 0
07-09 09:27:19.319   796  1043 W DeviceHAL: Error from HAL Device in function open_input_stream: Invalid argument
07-09 09:27:19.319   796  1043 D audio_hw_primary: adev_open_input_stream: enter: sample_rate(48000) channel_mask(0x8000000f) devices(0x80000004)        stream_handle(0xf0137fc0) io_handle(30) source(1) format 1
07-09 09:27:19.319   796  1043 D OPPO_AUDIO_SCENCE: input_set_scence: scence = 0
07-09 09:27:19.320  1328  2027 D ColorRemovableAppManager: package com.oppo.music is unremovable
07-09 09:27:19.321   888   888 D AudioFlinger: RecordThread::preExit() mActiveTracks.size=0
07-09 09:27:19.321   888  2122 I AudioFlinger: AudioFlinger's thread 0xf0803cc0 tid=2122 ready to run
07-09 09:27:19.322   796  1043 D audio_hw_primary: adev_open_input_stream: enter: sample_rate(48000) channel_mask(0xc) devices(0x80000040)        stream_handle(0xf0138180) io_handle(38) source(1) format 1
07-09 09:27:19.322   796  1043 W DeviceHAL: Error from HAL Device in function open_input_stream: Invalid argument
07-09 09:27:19.322   796  1043 D audio_hw_primary: adev_open_input_stream: enter: sample_rate(48000) channel_mask(0xc) devices(0x80000040)        stream_handle(0xf0138180) io_handle(38) source(1) format 1
07-09 09:27:19.322   796  1043 W DeviceHAL: Error from HAL Device in function open_input_stream: Invalid argument
07-09 09:27:19.322   888   888 W APM_AudioPolicyManager: Cannot open input stream for device 80000040 on hw module primary
07-09 09:27:19.322   796  1043 D audio_hw_primary: adev_open_input_stream: enter: sample_rate(48000) channel_mask(0x80000007) devices(0x80000004)        stream_handle(0xf0138180) io_handle(46) source(1) format 1
07-09 09:27:19.323   796  1043 D OPPO_AUDIO_SCENCE: input_set_scence: scence = 0
07-09 09:27:19.324   888   888 D AudioFlinger: RecordThread::preExit() mActiveTracks.size=0
07-09 09:27:19.325   888  2123 I AudioFlinger: AudioFlinger's thread 0xf0683180 tid=2123 ready to run
07-09 09:27:19.325   796  1043 D audio_hw_primary: adev_close_input_stream: enter:stream_handle(0xf0138180)
07-09 09:27:19.325   796  1043 E soundtrigger: audio_extn_sound_trigger_check_ec_ref_enable: st_dev NULL
07-09 09:27:19.325   796  1043 E soundtrigger: audio_extn_sound_trigger_update_ec_ref_status: st_dev NULL
07-09 09:27:19.325   796  1043 D audio_hw_primary: in_standby: enter: stream (0xf0138180) usecase(18: audio-record)
07-09 09:27:19.326   796  1043 D audio_hw_primary: adev_close_input_stream: enter:stream_handle(0xf0137fc0)
07-09 09:27:19.326   796  1043 E soundtrigger: audio_extn_sound_trigger_check_ec_ref_enable: st_dev NULL
07-09 09:27:19.326   796  1043 E soundtrigger: audio_extn_sound_trigger_update_ec_ref_status: st_dev NULL
07-09 09:27:19.326   796  1043 D audio_hw_primary: in_standby: enter: stream (0xf0137fc0) usecase(18: audio-record)
07-09 09:27:19.356  1328  2029 I PackageParser: Parse times for '/system/priv-app/OppoGallery2': parse=124ms, update_cache=2 ms
07-09 09:27:19.356  1328  2029 D ColorRemovableAppManager: package com.coloros.gallery3d is unremovable
07-09 09:27:19.358   888   888 I bt_a2dp_hw: adev_open:  adev_open in A2dp_hw module
07-09 09:27:19.359   888   888 I AudioFlinger: loadHwModule() Loaded a2dp audio interface, handle 18
07-09 09:27:19.367   888   888 I AudioFlinger: loadHwModule() Loaded usb audio interface, handle 26
07-09 09:27:19.368  1328  2028 D ColorRemovableAppManager: package com.coloros.simsettings is unremovable
07-09 09:27:19.378  1328  2031 D ColorRemovableAppManager: package com.android.proxyhandler is unremovable
07-09 09:27:19.382  1328  2027 D ColorRemovableAppManager: package com.oppo.sos is unremovable
07-09 09:27:19.384   796  2120 I r_submix: adev_open(name=audio_hw_if)
07-09 09:27:19.385   796  1043 I r_submix: adev_init_check()
07-09 09:27:19.385   796  1043 W DeviceHAL: Error from HAL Device in function set_master_mute: Function not implemented
07-09 09:27:19.386   888   888 I AudioFlinger: loadHwModule() Loaded r_submix audio interface, handle 34
07-09 09:27:19.386   796  1043 D r_submix: adev_open_input_stream(addr=0)
07-09 09:27:19.386   796  1043 D r_submix: submix_audio_device_create_pipe_l(addr=0, idx=9)
07-09 09:27:19.386   796  1043 D r_submix:   now using address 0 for route 9
07-09 09:27:19.392   888   888 D AudioFlinger: RecordThread::preExit() mActiveTracks.size=0
07-09 09:27:19.392   888  2127 I AudioFlinger: AudioFlinger's thread 0xf08034c0 tid=2127 ready to run
07-09 09:27:19.393   796  1043 D r_submix: adev_close_input_stream()
07-09 09:27:19.393   796  1043 D r_submix: submix_audio_device_release_pipe_l(idx=9) addr=0
07-09 09:27:19.393   796  1043 D r_submix: submix_audio_device_destroy_pipe_l(): pipe destroyed
07-09 09:27:19.393   888   888 D AudioPolicyManagerCustom: USE_XML_AUDIO_POLICY_CONF is TRUE
07-09 09:27:19.394   888   888 I         : Waiting for activity service
07-09 09:27:19.419  1240  1570 I ServiceManager: Waiting for service 'package_native' on '/dev/binder'...
07-09 09:27:19.425  1328  2026 I PackageParser: Parse times for '/system/priv-app/OppoWirelessSettings': parse=121ms, update_cache=2 ms
07-09 09:27:19.426  1328  2026 D ColorRemovableAppManager: package com.coloros.wirelesssettings is unremovable
07-09 09:27:19.426  1071  1168 I BootAnimation: set sys.sf.bootaonce flags...
07-09 09:27:19.426  1071  1168 D BootAnimation: current priority: -2
07-09 09:27:19.426  1071  1168 I BootAnimation: prop = 0
07-09 09:27:19.435  1328  2031 D ColorRemovableAppManager: package com.android.settings.intelligence is unremovable
07-09 09:27:19.441  1328  2029 D ColorRemovableAppManager: package com.coloros.sceneservice is unremovable
07-09 09:27:19.442  1328  2029 D PackageManager: found oppo key app :com.coloros.sceneservice
07-09 09:27:19.442  1328  2027 D ColorRemovableAppManager: package com.android.providers.settings is unremovable
07-09 09:27:19.460  1328  2030 I PackageParser: Parse times for '/system/priv-app/Phonesky': parse=145ms, update_cache=9 ms
07-09 09:27:19.460  1328  2030 D ColorRemovableAppManager: package com.android.vending is unremovable
07-09 09:27:19.472  1328  2030 E PackageManager_MultiTaskDealer: Failed to scan /system/priv-app/Phonesky: Package com.android.vending at /system/priv-app/Phonesky ignored: updated version 81542200 better than this 81452000
07-09 09:27:19.473  1328  2031 D ColorRemovableAppManager: package com.android.sharedstoragebackup is unremovable
07-09 09:27:19.487  1775  1775 I QC-NETMGR-LIB: NetmgrNetdClientInit(): Looking for Netd service
07-09 09:27:19.492  1775  1775 D QC-NETMGR-LIB: registerServerNotification(): Successfully registered for Netd HAL service
07-09 09:27:19.500  1775  2131 I QC-NETMGR-LIB: onRegistration(): Starting Netd getService thread
07-09 09:27:19.504  1775  2134 I QC-NETMGR-LIB: getServiceImpl(): INetd discovered
07-09 09:27:19.504  1775  2134 I QC-NETMGR-LIB: registerLinkToDeath(): Success registerLinkToDeath!
07-09 09:27:19.504  1775  2131 I QC-NETMGR-LIB: onRegistration(): Service exists, not a restart
07-09 09:27:19.504  1775  1775 I QC-NETMGR-LIB: NetmgrNetdClientInit(): Created netd client
07-09 09:27:19.516  1328  2029 D ColorRemovableAppManager: package com.android.shell is unremovable
07-09 09:27:19.520  1240  1570 I ServiceManager: Waiting for service 'package_native' on '/dev/binder'...
07-09 09:27:19.527  1328  2031 D ColorRemovableAppManager: package com.redteamobile.roaming.deamon is unremovable
07-09 09:27:19.527  1328  2031 E PackageManager_MultiTaskDealer: Failed to scan /system/priv-app/SoftsimRedteaRoamingDeamon: PackageManagerCommonSoft system fiter this app by name
07-09 09:27:19.552  1328  1356 I system_server: Background concurrent copying GC freed 78947(5MB) AllocSpace objects, 136(3MB) LOS objects, 42% free, 11MB/20MB, paused 70us total 237.849ms
07-09 09:27:19.553  1328  2027 D ColorRemovableAppManager: package com.coloros.smartdrive is unremovable
07-09 09:27:19.553  1328  2027 D PackageManager: found oppo key app :com.coloros.smartdrive
07-09 09:27:19.557  1328  2029 D ColorRemovableAppManager: package com.android.statementservice is unremovable
07-09 09:27:19.560  1328  2030 D ColorRemovableAppManager: package com.redteamobile.roaming is unremovable
07-09 09:27:19.560  1328  2030 E PackageManager_MultiTaskDealer: Failed to scan /system/priv-app/SoftsimRedteaRoaming: PackageManagerCommonSoft system fiter this app by name
07-09 09:27:19.575  1328  2026 I PackageParser: Parse times for '/system/priv-app/SetupWizard': parse=133ms, update_cache=8 ms
07-09 09:27:19.575  1328  2026 D ColorRemovableAppManager: package com.google.android.setupwizard is unremovable
07-09 09:27:19.603  1565  1565 I CNSS    : Chmod in set_log_file_path with result -1
07-09 09:27:19.606  1328  2031 D ColorRemovableAppManager: package com.android.storagemanager is unremovable
07-09 09:27:19.608  1565  1565 I CNSS    : set_log_file_path: log_capture_loc /data/vendor/wifi/logs/2019-07-09-09-25-15 not created
07-09 09:27:19.621  1240  1570 I ServiceManager: Waiting for service 'package_native' on '/dev/binder'...
07-09 09:27:19.622  1565  1565 I CNSS    : wlan_log_dir_path is /data/vendor/wifi/logs/2019-07-09-09-25-15/wlan_logs/ 
07-09 09:27:19.623  1565  1565 I CNSS    : log_capture_location  = /data/vendor/wifi/logs/2019-07-09-09-25-15/wlan_logs/
07-09 09:27:19.623  1565  1565 I CNSS    : Host_logs_location  = /data/vendor/wifi/buffered_wlan_logs/buffered_cnsshost_log.txt
07-09 09:27:19.623  1565  1565 I CNSS    : firmware_logs_location  = /data/vendor/wifi/buffered_wlan_logs/buffered_cnssfw_log.txt
07-09 09:27:19.639  1328  2027 D ColorRemovableAppManager: package com.google.android.tag is unremovable
07-09 09:27:19.660  1328  2031 D ColorRemovableAppManager: package com.android.providers.telephony is unremovable
07-09 09:27:19.701  1775  1775 I QC-NETMGR-LIB: NetmgrNetdClientRegisterNetwork(): Looking for Netd service
07-09 09:27:19.701  1775  1775 I QC-NETMGR-LIB: NetmgrNetdClientRegisterNetwork(): register to create new OEM network
07-09 09:27:19.701  1775  1775 I QC-NETMGR-LIB: registerNetwork(): Attempting createOemNetwork
07-09 09:27:19.701   724   759 D TcpSocketMonitor: suspending tcpinfo polling
07-09 09:27:19.702  1775  1775 I QC-NETMGR-LIB: registerNetwork(): command completed!
07-09 09:27:19.702  1775  1775 I QC-NETMGR-LIB: registerNetwork(): createOemNetwork succeeded [packet mark : 0xf0001] [net id : 1] [network handle : 0x1cafed00d]
07-09 09:27:19.702  1775  1775 I QC-NETMGR-LIB: NetmgrNetdClientRegisterNetwork(): [packet mark : 0xf0001] [network handle : 0x1cafed00d]
07-09 09:27:19.723  1240  1570 W ServiceManager: Service package_native didn't start. Returning NULL
07-09 09:27:19.724  1240  1570 E storaged: getService package_native failed
07-09 09:27:19.732  1328  2028 I PackageParser: Parse times for '/system/priv-app/Settings': parse=345ms, update_cache=11 ms
07-09 09:27:19.733  1328  2028 D ColorRemovableAppManager: package com.android.settings is unremovable
07-09 09:27:19.745  1240  1570 I storaged: storaged: Start
07-09 09:27:19.746  1240  1570 E storaged: getDiskStats failed with result NOT_SUPPORTED and size 0
07-09 09:27:19.747  1463  1463 W ServiceManagement: Waited one second for android.frameworks.fingerprintservice@1.0::IFingerprintHalService/fingerprintservice
07-09 09:27:19.747  1240  1570 I ServiceManager: Waiting for service 'package_native' on '/dev/binder'...
07-09 09:27:19.748  1463  1463 I ServiceManagement: getService: Trying again for android.frameworks.fingerprintservice@1.0::IFingerprintHalService/fingerprintservice...
07-09 09:27:19.769  1167  1167 W ServiceManagement: Waited one second for android.hardware.camera.provider@2.4::ICameraProvider/legacy/0
07-09 09:27:19.770  1167  1167 I ServiceManagement: getService: Trying again for android.hardware.camera.provider@2.4::ICameraProvider/legacy/0...
07-09 09:27:19.795  1328  2029 I PackageParser: Parse times for '/system/priv-app/TeleService': parse=217ms, update_cache=5 ms
07-09 09:27:19.795  1328  2029 D ColorRemovableAppManager: package com.android.phone is unremovable
07-09 09:27:19.832  1328  2027 I PackageParser: Parse times for '/system/priv-app/UserDictionaryProvider': parse=183ms, update_cache=1 ms
07-09 09:27:19.832  1328  2027 D ColorRemovableAppManager: package com.android.providers.userdictionary is unremovable
07-09 09:27:19.846  1328  2026 I PackageParser: Parse times for '/system/priv-app/Telecom': parse=251ms, update_cache=3 ms
07-09 09:27:19.847  1328  2026 D ColorRemovableAppManager: package com.android.server.telecom is unremovable
07-09 09:27:19.848  1240  1570 I ServiceManager: Waiting for service 'package_native' on '/dev/binder'...
07-09 09:27:19.922   801   801 E CamX    : [ERROR][NCS    ] camxncsintfqsee.cpp:559 ProbeSensor() Timed out for probing sensor 9!
07-09 09:27:19.924   801   801 E CamX    : [ERROR][NCS    ] camxncsintfqsee.cpp:246 GetListOfSensors() Probe sensor 9 with error 9
07-09 09:27:19.924   801   801 E CamX    : [ERROR][NCS    ] camxncsservice.cpp:81 Initialize() Unable to get list of sensors for interface type 0!
07-09 09:27:19.924   801   801 E CamX    : [ERROR][CORE   ] camxchi.cpp:2093 ChiOpenContext() Unable to initialize NCS Service object!!
07-09 09:27:19.924   801   801 E CamX    : [ERROR][HAL    ] camxchicontext.cpp:966 InitializeStaticMetadataPool() Static Metadata value for Logical Multi Camera Physical Ids 
07-09 09:27:19.925   801   801 I CamX    : [ INFO][HAL    ] camxchicontext.cpp:1496 InitializeStaticMetadataPool() change activeArraySize for quadcfa sensor: 4000x3000
07-09 09:27:19.925   801   801 I CamX    : [ INFO][HAL    ] camxchicontext.cpp:1610 InitializeStaticMetadataPool() change pixelArraySize for quadcfa sensor: 4000x3000
07-09 09:27:19.925   801   801 I CamX    : [ INFO][HAL    ] camxchicontext.cpp:1684 InitializeStaticMetadataPool() change preCorrectionArraySize for quadcfa sensor: 4000x3000
07-09 09:27:19.925   801   801 I CamX    : [ INFO][HAL    ] camxchicontext.cpp:2381 InitializeStaticMetadataPool() Add Quad CFA flag and Quad CFA dim (8000x6000) to vendor tag.
07-09 09:27:19.925   801   801 I CamX    : [ INFO][HAL    ] camxchicontext.cpp:2834 InitializeStaticMetadata() Enabled multi camera 1 Logical with front 0
07-09 09:27:19.925   801   801 E CamX    : [ERROR][HAL    ] camxchicontext.cpp:966 InitializeStaticMetadataPool() Static Metadata value for Logical Multi Camera Physical Ids 
07-09 09:27:19.926   801   801 I CamX    : [ INFO][HAL    ] camxchicontext.cpp:1496 InitializeStaticMetadataPool() change activeArraySize for quadcfa sensor: 1152x864
07-09 09:27:19.926   801   801 I CamX    : [ INFO][HAL    ] camxchicontext.cpp:1610 InitializeStaticMetadataPool() change pixelArraySize for quadcfa sensor: 1152x864
07-09 09:27:19.926   801   801 I CamX    : [ INFO][HAL    ] camxchicontext.cpp:1684 InitializeStaticMetadataPool() change preCorrectionArraySize for quadcfa sensor: 1152x864
07-09 09:27:19.926   801   801 I CamX    : [ INFO][HAL    ] camxchicontext.cpp:2381 InitializeStaticMetadataPool() Add Quad CFA flag and Quad CFA dim (4608x3456) to vendor tag.
07-09 09:27:19.926   801   801 I CamX    : [ INFO][HAL    ] camxchicontext.cpp:2834 InitializeStaticMetadata() Enabled multi camera 1 Logical with front 0
07-09 09:27:19.926  2067  2067 W ServiceManagement: Waited one second for android.frameworks.faceservice@1.0::IFaceHalService/faceservice
07-09 09:27:19.926   801   801 E CamX    : [ERROR][HAL    ] camxchicontext.cpp:966 InitializeStaticMetadataPool() Static Metadata value for Logical Multi Camera Physical Ids 
07-09 09:27:19.926   801   801 E CamX    : [ERROR][META   ] camxmetadatapool.cpp:1355 SetMetadataByTag() Invalid input 0x7fe716e4e0 count 0 pooltype 0 tagName  client camxContext reqId 1 pipeline camxChiContext
07-09 09:27:19.926   801   801 I CamX    : [ INFO][HAL    ] camxchicontext.cpp:2834 InitializeStaticMetadata() Enabled multi camera 1 Logical with front 0
07-09 09:27:19.926   801   801 E CHIUSECASE: [ERROR  ] chxextensionmodule.cpp:1906 EnumerateCameras() Multi camera is enabled!
07-09 09:27:19.926   801   801 E CamX    : [ERROR][HAL    ] camxchicontext.cpp:966 InitializeStaticMetadataPool() Static Metadata value for Logical Multi Camera Physical Ids 
07-09 09:27:19.926   801   801 E CamX    : [ERROR][META   ] camxmetadatapool.cpp:1355 SetMetadataByTag() Invalid input 0x7fe716e4e0 count 0 pooltype 0 tagName  client camxContext reqId 1 pipeline camxChiContext
07-09 09:27:19.926   801   801 I CamX    : [ INFO][HAL    ] camxchicontext.cpp:2834 InitializeStaticMetadata() Enabled multi camera 1 Logical with front 0
07-09 09:27:19.927   801   801 E CHIUSECASE: [ERROR  ] chxextensionmodule.cpp:1906 EnumerateCameras() Multi camera is enabled!
07-09 09:27:19.927   801   801 E CamX    : [ERROR][HAL    ] camxchicontext.cpp:966 InitializeStaticMetadataPool() Static Metadata value for Logical Multi Camera Physical Ids 
07-09 09:27:19.927   801   801 E CamX    : [ERROR][META   ] camxmetadatapool.cpp:1355 SetMetadataByTag() Invalid input 0x7fe716e4e0 count 0 pooltype 0 tagName  client camxContext reqId 1 pipeline camxChiContext
07-09 09:27:19.927   801   801 E CamX    : [ERROR][META   ] camxmetadatapool.cpp:1355 SetMetadataByTag() Invalid input 0x7fe716e2e0 count 0 pooltype 0 tagName  client camxContext reqId 1 pipeline camxChiContext
07-09 09:27:19.927   801   801 E CamX    : [ERROR][HAL    ] camxchicontext.cpp:2733 GetStaticMetadataPool() Unable to Initialize Static Metadata Pool and metadata table!
07-09 09:27:19.927   801   801 I CamX    : [ INFO][HAL    ] camxchicontext.cpp:2834 InitializeStaticMetadata() Enabled multi camera 1 Logical with front 0
07-09 09:27:19.927  2067  2067 I ServiceManagement: getService: Trying again for android.frameworks.faceservice@1.0::IFaceHalService/faceservice...
07-09 09:27:19.927   801   801 E CHIUSECASE: [ERROR  ] chxextensionmodule.cpp:1906 EnumerateCameras() Multi camera is enabled!
07-09 09:27:19.927   801   801 I CamX    : [ INFO][HAL    ] camxchicontext.cpp:2834 InitializeStaticMetadata() Enabled multi camera 1 Logical with front 0
07-09 09:27:19.941  1328  2026 D ColorRemovableAppManager: package com.qualcomm.wfd.service is unremovable
07-09 09:27:19.941  1328  2029 I PackageParser: Parse times for '/system/priv-app/VpnDialogs': parse=138ms, update_cache=2 ms
07-09 09:27:19.941  1328  2029 D ColorRemovableAppManager: package com.android.vpndialogs is unremovable
07-09 09:27:19.942  1328  2027 I PackageParser: Parse times for '/system/priv-app/WallpaperCropper': parse=104ms, update_cache=3 ms
07-09 09:27:19.942  1328  2027 D ColorRemovableAppManager: package com.android.wallpapercropper is unremovable
07-09 09:27:19.945  1328  2028 I PackageParser: Parse times for '/system/priv-app/VideoGallery': parse=201ms, update_cache=2 ms
07-09 09:27:19.946  1328  2028 D ColorRemovableAppManager: package com.coloros.video is unremovable
07-09 09:27:19.927   801   801 I chatty  : uid=1047(cameraserver) android.hardwar identical 3 lines
07-09 09:27:19.927   801   801 I CamX    : [ INFO][HAL    ] camxchicontext.cpp:2834 InitializeStaticMetadata() Enabled multi camera 1 Logical with front 0
07-09 09:27:19.949  1240  1570 I ServiceManager: Waiting for service 'package_native' on '/dev/binder'...
07-09 09:27:19.950   801   801 E CHIUSECASE: [ERROR  ] chxextensionmodule.cpp:1918 EnumerateCameras() Camera Count: m_numExposedLogicalCameras = 9, m_numLogicalCameras = 9 Physical camera = 5
07-09 09:27:19.950   801   801 E CHIUSECASE: [ERROR  ] chxextensionmodule.cpp:1760 CalcSatFov() fovAngle 106.57
07-09 09:27:19.950   801   801 E CHIUSECASE: [ERROR  ] chxextensionmodule.cpp:1760 CalcSatFov() fovAngle 79.96
07-09 09:27:19.950   801   801 E CHIUSECASE: [ERROR  ] chxextensionmodule.cpp:1760 CalcSatFov() fovAngle 45.48
07-09 09:27:19.950   801   801 E CHIUSECASE: [ERROR  ] chxextensionmodule.cpp:1942 EnumerateCameras() Internal camera ID = 0 Num Devices = 1, logical camera(APP) ID = 0,isExposed:1
07-09 09:27:19.951   801   801 E CHIUSECASE: [ERROR  ] chxextensionmodule.cpp:2066 EnumerateCameras() Open dual calibration file error!
07-09 09:27:19.951   801   801 E CHIUSECASE: [ERROR  ] chxextensionmodule.cpp:1942 EnumerateCameras() Internal camera ID = 1 Num Devices = 1, logical camera(APP) ID = 1,isExposed:1
07-09 09:27:19.951   801   801 E CHIUSECASE: [ERROR  ] chxextensionmodule.cpp:2066 EnumerateCameras() Open dual calibration file error!
07-09 09:27:19.951   801   801 E CHIUSECASE: [ERROR  ] chxextensionmodule.cpp:1942 EnumerateCameras() Internal camera ID = 2 Num Devices = 1, logical camera(APP) ID = 2,isExposed:1
07-09 09:27:19.951   801   801 E CHIUSECASE: [ERROR  ] chxextensionmodule.cpp:2066 EnumerateCameras() Open dual calibration file error!
07-09 09:27:19.951   801   801 E CHIUSECASE: [ERROR  ] chxextensionmodule.cpp:1942 EnumerateCameras() Internal camera ID = 3 Num Devices = 1, logical camera(APP) ID = 3,isExposed:1
07-09 09:27:19.951   801   801 E CHIUSECASE: [ERROR  ] chxextensionmodule.cpp:2066 EnumerateCameras() Open dual calibration file error!
07-09 09:27:19.951   801   801 E CHIUSECASE: [ERROR  ] chxextensionmodule.cpp:1942 EnumerateCameras() Internal camera ID = 4 Num Devices = 1, logical camera(APP) ID = 4,isExposed:1
07-09 09:27:19.951   801   801 E CHIUSECASE: [ERROR  ] chxextensionmodule.cpp:2066 EnumerateCameras() Open dual calibration file error!
07-09 09:27:19.951   801   801 E CHIUSECASE: [ERROR  ] chxextensionmodule.cpp:1942 EnumerateCameras() Internal camera ID = 5 Num Devices = 2, logical camera(APP) ID = 5,isExposed:1
07-09 09:27:19.951   801   801 E CHIUSECASE: [ERROR  ] chxextensionmodule.cpp:2066 EnumerateCameras() Open dual calibration file error!
07-09 09:27:19.951   801   801 E CHIUSECASE: [ERROR  ] chxextensionmodule.cpp:1942 EnumerateCameras() Internal camera ID = 6 Num Devices = 2, logical camera(APP) ID = 6,isExposed:1
07-09 09:27:19.951   801   801 E CHIUSECASE: [ERROR  ] chxextensionmodule.cpp:2066 EnumerateCameras() Open dual calibration file error!
07-09 09:27:19.951   801   801 E CHIUSECASE: [ERROR  ] chxextensionmodule.cpp:1942 EnumerateCameras() Internal camera ID = 7 Num Devices = 3, logical camera(APP) ID = 7,isExposed:1
07-09 09:27:19.951   801   801 E CHIUSECASE: [ERROR  ] chxextensionmodule.cpp:2066 EnumerateCameras() Open dual calibration file error!
07-09 09:27:19.951   801   801 E CHIUSECASE: [ERROR  ] chxextensionmodule.cpp:1942 EnumerateCameras() Internal camera ID = 8 Num Devices = 2, logical camera(APP) ID = 8,isExposed:1
07-09 09:27:19.951   801   801 E CHIUSECASE: [ERROR  ] chxextensionmodule.cpp:2066 EnumerateCameras() Open dual calibration file error!
07-09 09:27:19.951   801   801 I CamProvider@2.4-impl: Loaded "QTI Camera HAL" camera module
07-09 09:27:19.955   801   801 I ServiceManagement: Removing namespace from process name android.hardware.camera.provider@2.4-service_64 to provider@2.4-service_64.
07-09 09:27:19.957   801   801 I android.hardware.camera.provider@2.4-service: Registration complete for android.hardware.camera.provider@2.4::ICameraProvider/legacy/0.
07-09 09:27:19.960  1167  1167 I CameraProviderManager: Connecting to new camera provider: legacy/0, isRemote? 1
07-09 09:27:19.961  1167  1167 I CameraProviderManager: Enumerating new camera device: device@3.4/legacy/0
07-09 09:27:19.963  1167  1167 I CameraProviderManager: Enumerating new camera device: device@3.4/legacy/1
07-09 09:27:19.965  1167  1167 I CameraProviderManager: Enumerating new camera device: device@3.4/legacy/2
07-09 09:27:19.966  1167  1167 I CameraProviderManager: Enumerating new camera device: device@3.4/legacy/3
07-09 09:27:19.967  1167  1167 I CameraProviderManager: Enumerating new camera device: device@3.4/legacy/4
07-09 09:27:19.968  1167  1167 I CameraProviderManager: Enumerating new camera device: device@3.4/legacy/5
07-09 09:27:19.973  1328  2029 D ColorRemovableAppManager: package com.facebook.services is unremovable
07-09 09:27:19.973  1167  1167 I CameraProviderManager: Enumerating new camera device: device@3.4/legacy/6
07-09 09:27:19.975  1167  1167 I CameraProviderManager: Enumerating new camera device: device@3.4/legacy/7
07-09 09:27:19.978  1167  1167 I CameraProviderManager: Enumerating new camera device: device@3.4/legacy/8
07-09 09:27:19.981  1167  1167 I CameraProviderManager: Camera provider legacy/0 ready with 9 camera devices
07-09 09:27:19.982   563   563 W hwservicemanager: getTransport: Cannot find entry android.hardware.camera.provider@2.4::ICameraProvider/external/0 in either framework or device manifest.
07-09 09:27:19.984  1167  1446 W CameraProviderManager: addProviderLocked: Camera provider HAL with name 'legacy/0' already registered
07-09 09:27:19.998  1167  1446 I CameraService: onDeviceStatusChanged: Status changed for cameraId=7, newStatus=1
07-09 09:27:19.998  1167  1446 I CameraService: onDeviceStatusChanged: Unknown camera ID 7, a new camera is added
07-09 09:27:19.998  1167  1446 I CameraService: onDeviceStatusChanged: Status changed for cameraId=5, newStatus=1
07-09 09:27:19.998  1167  1446 I CameraService: onDeviceStatusChanged: Unknown camera ID 5, a new camera is added
07-09 09:27:19.998  1167  1446 I CameraService: onDeviceStatusChanged: Status changed for cameraId=3, newStatus=1
07-09 09:27:19.998  1167  1446 I CameraService: onDeviceStatusChanged: Unknown camera ID 3, a new camera is added
07-09 09:27:19.998  1167  1446 I CameraService: onDeviceStatusChanged: Status changed for cameraId=2, newStatus=1
07-09 09:27:19.998  1167  1446 I CameraService: onDeviceStatusChanged: Unknown camera ID 2, a new camera is added
07-09 09:27:19.998  1167  1446 I CameraService: onDeviceStatusChanged: Status changed for cameraId=8, newStatus=1
07-09 09:27:19.998  1167  1446 I CameraService: onDeviceStatusChanged: Unknown camera ID 8, a new camera is added
07-09 09:27:19.999  1167  1446 I CameraService: onDeviceStatusChanged: Status changed for cameraId=4, newStatus=1
07-09 09:27:19.999  1167  1446 I CameraService: onDeviceStatusChanged: Unknown camera ID 4, a new camera is added
07-09 09:27:19.999  1167  1446 I CameraService: onDeviceStatusChanged: Status changed for cameraId=1, newStatus=1
07-09 09:27:19.999  1167  1446 I CameraService: onDeviceStatusChanged: Unknown camera ID 1, a new camera is added
07-09 09:27:19.999  1167  1446 I CameraService: onDeviceStatusChanged: Status changed for cameraId=6, newStatus=1
07-09 09:27:19.999  1167  1446 I CameraService: onDeviceStatusChanged: Unknown camera ID 6, a new camera is added
07-09 09:27:19.999  1167  1446 I CameraService: onDeviceStatusChanged: Status changed for cameraId=0, newStatus=1
07-09 09:27:19.999  1167  1446 I CameraService: onDeviceStatusChanged: Unknown camera ID 0, a new camera is added
07-09 09:27:19.999  1167  1167 I CameraService: onDeviceStatusChanged: Status changed for cameraId=7, newStatus=1
07-09 09:27:19.999  1167  1167 E CameraService: onDeviceStatusChanged: State transition to the same status 0x1 not allowed
07-09 09:27:19.999  1167  1167 I CameraService: onDeviceStatusChanged: Status changed for cameraId=5, newStatus=1
07-09 09:27:19.999  1167  1167 E CameraService: onDeviceStatusChanged: State transition to the same status 0x1 not allowed
07-09 09:27:19.999  1167  1167 I CameraService: onDeviceStatusChanged: Status changed for cameraId=3, newStatus=1
07-09 09:27:19.999  1167  1167 E CameraService: onDeviceStatusChanged: State transition to the same status 0x1 not allowed
07-09 09:27:19.999  1167  1167 I CameraService: onDeviceStatusChanged: Status changed for cameraId=2, newStatus=1
07-09 09:27:19.999  1167  1167 E CameraService: onDeviceStatusChanged: State transition to the same status 0x1 not allowed
07-09 09:27:19.999  1167  1167 I CameraService: onDeviceStatusChanged: Status changed for cameraId=8, newStatus=1
07-09 09:27:19.999  1167  1167 E CameraService: onDeviceStatusChanged: State transition to the same status 0x1 not allowed
07-09 09:27:19.999  1167  1167 I CameraService: onDeviceStatusChanged: Status changed for cameraId=4, newStatus=1
07-09 09:27:19.999  1167  1167 E CameraService: onDeviceStatusChanged: State transition to the same status 0x1 not allowed
07-09 09:27:19.999  1167  1167 I CameraService: onDeviceStatusChanged: Status changed for cameraId=1, newStatus=1
07-09 09:27:19.999  1167  1167 E CameraService: onDeviceStatusChanged: State transition to the same status 0x1 not allowed
07-09 09:27:19.999  1167  1167 I CameraService: onDeviceStatusChanged: Status changed for cameraId=6, newStatus=1
07-09 09:27:19.999  1167  1167 E CameraService: onDeviceStatusChanged: State transition to the same status 0x1 not allowed
07-09 09:27:19.999  1167  1167 I CameraService: onDeviceStatusChanged: Status changed for cameraId=0, newStatus=1
07-09 09:27:19.999  1167  1167 E CameraService: onDeviceStatusChanged: State transition to the same status 0x1 not allowed
07-09 09:27:20.000  1167  1167 I         : Waiting for activity service
07-09 09:27:20.005  1328  2028 D ColorRemovableAppManager: package com.facebook.system is unremovable
07-09 09:27:20.016  1328  2030 I PackageParser: Parse times for '/system/priv-app/SystemUI': parse=452ms, update_cache=3 ms
07-09 09:27:20.017  1328  2030 D ColorRemovableAppManager: package com.android.systemui is unremovable
07-09 09:27:20.022  1328  2026 D ColorRemovableAppManager: package com.LogiaGroup.LogiaDeck is unremovable
07-09 09:27:20.022  1328  2026 E PackageManager_MultiTaskDealer: Failed to scan /system/priv-app/com.LogiaGroup.LogiaDeck: PackageManagerCommonSoft system fiter this app by name
07-09 09:27:20.040  1328  2029 D ColorRemovableAppManager: package com.kddi.familysmile.mvno is unremovable
07-09 09:27:20.040  1328  2029 E PackageManager_MultiTaskDealer: Failed to scan /system/priv-app/com.kddi.familysmile.mvno: PackageManagerCommonSoft system fiter this app by name
07-09 09:27:20.041  1755  1755 E QTI_SDM_INFO: [qti_rmnet_peripheral.c:739] qti_file_open():Could not open device file. Errno 2 error msg=No such file or directory
07-09 09:27:20.049  1240  1570 I ServiceManager: Waiting for service 'package_native' on '/dev/binder'...
07-09 09:27:20.053  1328  2031 I PackageParser: Parse times for '/system/priv-app/Velvet': parse=378ms, update_cache=8 ms
07-09 09:27:20.053  1328  2031 D ColorRemovableAppManager: package com.google.android.googlequicksearchbox is unremovable
07-09 09:27:20.070  1328  2027 I PackageParser: Parse times for '/system/priv-app/com.app.m1remit': parse=122ms, update_cache=3 ms
07-09 09:27:20.071  1328  2027 D ColorRemovableAppManager: package com.app.m1remit is unremovable
07-09 09:27:20.071  1328  2027 E PackageManager_MultiTaskDealer: Failed to scan /system/priv-app/com.app.m1remit: PackageManagerCommonSoft system fiter this app by name
07-09 09:27:20.104  1328  2027 D ColorRemovableAppManager: package com.qualcomm.location is unremovable
07-09 09:27:20.105  1328  2031 E PackageManager_MultiTaskDealer: Failed to scan /system/priv-app/Velvet: Package com.google.android.googlequicksearchbox at /system/priv-app/Velvet ignored: updated version 300965507 better than this 300947834
07-09 09:27:20.113  1328  2026 D ColorRemovableAppManager: package com.m1.mym1 is unremovable
07-09 09:27:20.114  1328  2026 E PackageManager_MultiTaskDealer: Failed to scan /system/priv-app/com.m1.mym1: PackageManagerCommonSoft system fiter this app by name
07-09 09:27:20.116  1432  1499 W ServiceManagement: Waited one second for android.frameworks.sensorservice@1.0::ISensorManager/default
07-09 09:27:20.117  1432  1499 I ServiceManagement: getService: Trying again for android.frameworks.sensorservice@1.0::ISensorManager/default...
07-09 09:27:20.123  1328  2029 D ColorRemovableAppManager: package com.orange.aura.oobe is unremovable
07-09 09:27:20.123  1328  2029 E PackageManager_MultiTaskDealer: Failed to scan /system/priv-app/com.orange.aura.oobe: PackageManagerCommonSoft system fiter this app by name
07-09 09:27:20.131  1328  2028 I PackageParser: Parse times for '/system/priv-app/com.korvac.liquid': parse=119ms, update_cache=5 ms
07-09 09:27:20.131  1328  2028 D ColorRemovableAppManager: package com.korvac.liquid is unremovable
07-09 09:27:20.132  1328  2028 E PackageManager_MultiTaskDealer: Failed to scan /system/priv-app/com.korvac.liquid: PackageManagerCommonSoft system fiter this app by name
07-09 09:27:20.144  1328  2029 D ColorRemovableAppManager: package com.qti.dpmserviceapp is unremovable
07-09 09:27:20.145  1328  2030 I PackageParser: Parse times for '/system/priv-app/com.orange.update': parse=99ms, update_cache=4 ms
07-09 09:27:20.145  1328  2030 D ColorRemovableAppManager: package com.orange.update is unremovable
07-09 09:27:20.145  1328  2030 E PackageManager_MultiTaskDealer: Failed to scan /system/priv-app/com.orange.update: PackageManagerCommonSoft system fiter this app by name
07-09 09:27:20.150  1240  1570 I ServiceManager: Waiting for service 'package_native' on '/dev/binder'...
07-09 09:27:20.173  1328  2026 D ColorRemovableAppManager: package com.dolby.daxservice is unremovable
07-09 09:27:20.184  1328  2030 D ColorRemovableAppManager: package org.codeaurora.ims is unremovable
07-09 09:27:20.188  1328  2029 D ColorRemovableAppManager: package com.qualcomm.qcrilmsgtunnel is unremovable
07-09 09:27:20.190  1328  2028 D ColorRemovableAppManager: package fr.bouyguestelecom.agent.custo is unremovable
07-09 09:27:20.191  1328  2028 E PackageManager_MultiTaskDealer: Failed to scan /system/priv-app/fr.bouyguestelecom.agent.custo: PackageManagerCommonSoft system fiter this app by name
07-09 09:27:20.208  1328  2026 D ColorRemovableAppManager: package com.qualcomm.qti.seccamservice is unremovable
07-09 09:27:20.217  1328  2031 I PackageParser: Parse times for '/system/priv-app/com.singtel.mysingtel': parse=107ms, update_cache=4 ms
07-09 09:27:20.217  1328  2031 D ColorRemovableAppManager: package com.singtel.mysingtel is unremovable
07-09 09:27:20.218  1328  2031 E PackageManager_MultiTaskDealer: Failed to scan /system/priv-app/com.singtel.mysingtel: PackageManagerCommonSoft system fiter this app by name
07-09 09:27:20.250  1240  1570 I ServiceManager: Waiting for service 'package_native' on '/dev/binder'...
07-09 09:27:20.286   807  1196 W ServiceManagement: Waited one second for android.frameworks.sensorservice@1.0::ISensorManager/default
07-09 09:27:20.288   807  1196 I ServiceManagement: getService: Trying again for android.frameworks.sensorservice@1.0::ISensorManager/default...
07-09 09:27:20.293  1328  2028 I PackageParser: Parse times for '/system/priv-app/xtra_t_app': parse=101ms, update_cache=1 ms
07-09 09:27:20.293  1328  2028 D ColorRemovableAppManager: package com.qualcomm.location.XT is unremovable
07-09 09:27:20.301  1328  2027 I PackageParser: Parse times for '/system/priv-app/deezer.android.app': parse=183ms, update_cache=3 ms
07-09 09:27:20.301  1328  2027 D ColorRemovableAppManager: package deezer.android.app is unremovable
07-09 09:27:20.301  1328  2027 E PackageManager_MultiTaskDealer: Failed to scan /system/priv-app/deezer.android.app: PackageManagerCommonSoft system fiter this app by name
07-09 09:27:20.301  1328  2030 I PackageParser: Parse times for '/system/priv-app/sg.gov.mnd.OneService': parse=111ms, update_cache=2 ms
07-09 09:27:20.301  1328  2030 D ColorRemovableAppManager: package sg.gov.mnd.OneService is unremovable
07-09 09:27:20.302  1328  2030 E PackageManager_MultiTaskDealer: Failed to scan /system/priv-app/sg.gov.mnd.OneService: PackageManagerCommonSoft system fiter this app by name
07-09 09:27:20.302  1328  1328 I PackageManager_MultiTaskDealer: end scanDirLI:/system/priv-app
07-09 09:27:20.302  1328  1328 I PackageManager_MultiTaskDealer: start scanDirLI:/system/app
07-09 09:27:20.303  1328  1328 I PackageManager_MultiTaskDealer: bMultitask:true max thread:6
07-09 09:27:20.315  1328  2029 D ColorRemovableAppManager: package com.google.ar.core is unremovable
07-09 09:27:20.324  1328  2028 D ColorRemovableAppManager: package com.android.providers.applications is unremovable
