01-07 06:40:31.048   807   807 I SDM     : HWDeviceDRM::PopulateDisplayAttributes: Display attributes[0]: WxH: 1080x2400, DPI: 397.565216x411.891907, FPS: 61, LM_SPLIT: 0, V_BACK_PORCH: 16, V_FRONT_PORCH: 16, V_PULSE_WIDTH: 4, V_TOTAL: 2436, H_TOTAL: 1120, CLK: 166427KHZ, TOPOLOGY: 1
01-07 06:40:31.048   807   807 I SDM     : HWDeviceDRM::GetHWPanelMaxBrightness: Max brightness level = 2047
01-07 06:40:31.048   807   807 I SDM     : HWDeviceDRM::PopulateHWPanelInfo: Peripheral, Panel Interface = DSI, Panel Mode = Command, Is Primary = 1
01-07 06:40:31.048   807   807 I SDM     : HWDeviceDRM::PopulateHWPanelInfo: Partial Update = 0, Dynamic FPS = 0, HDR Panel = 1 QSync = 0
01-07 06:40:31.048   807   807 I SDM     : HWDeviceDRM::PopulateHWPanelInfo: Align: left = 0, width = 0, top = 0, height = 0
01-07 06:40:31.048   807   807 I SDM     : HWDeviceDRM::PopulateHWPanelInfo: ROI: min_width = 0, min_height = 0, need_merge = 0
01-07 06:40:31.048   807   807 I SDM     : HWDeviceDRM::PopulateHWPanelInfo: FPS: min = 61, max = 61
01-07 06:40:31.048   807   807 I SDM     : HWDeviceDRM::PopulateHWPanelInfo: Left Split = 1080, Right Split = 0
01-07 06:40:31.048   807   807 I SDM     : HWDeviceDRM::PopulateHWPanelInfo: Panel Transfer time = 13000 us
01-07 06:40:31.048   807   807 I SDM     : HWDeviceDRM::PopulateHWPanelInfo: Dynamic Bit Clk Support = 0
01-07 06:40:31.048   807   807 I SDM     : HWDeviceDRM::UpdateMixerAttributes: Mixer WxH 1080x2400 for Peripheral
01-07 06:40:31.048   807   807 I SDM     : ColorManager::CreateColorManagerProxy: PAV2 version is versions = 11, version = 11 
01-07 06:40:31.053   796   796 I audiohalservice: Registration complete for com.qualcomm.qti.bluetooth_audio@1.0::IBluetoothAudio/default.
01-07 06:40:31.074   807   807 I SDM     : DisplayBase::InitializeColorModes: Number of Color Modes = 9
01-07 06:40:31.076   807   807 W SDM     : DisplayBase::GetColorPrimariesFromAttribute: Native Gamut found, returning default: sRGB
01-07 06:40:31.089   807   807 I SDM     : StrategyImpl::SetIdleTimeoutMs: Idle timeout set to zero for command mode panels
01-07 06:40:31.094   827   827 I ServiceManagement: Removing namespace from process name vendor.nxp.hardware.nfc@1.1-service to nfc@1.1-service.
01-07 06:40:31.097   842   842 I qdgralloc: Initialized qti-allocator
01-07 06:40:31.099   834   834 D QSEECOMAPI: Loaded image: APP id = 5
01-07 06:40:31.101   834   834 D vendor.qti.esepowermanager@1.0-service: eSEPowerManager is starting
01-07 06:40:31.101   807   807 I SDM     : Hdr10PlusModule():37 in the HDR10 Plus module
01-07 06:40:31.102   807   807 I SDM     : Init():118 HDR init done
01-07 06:40:31.102   807   807 I SDM     : HDRIntfClient::GetParameter: Version info is: 2.0
01-07 06:40:31.102   807   807 I SDM     : StrategyImpl::InitializeHdrInfo: HDRLib version = 2.0
01-07 06:40:31.102   807   807 I SDM     : Deinit():130 HDR De-init done
01-07 06:40:31.102   807   807 I SDM     : ColorIntfClient::Init: Init successful
01-07 06:40:31.103   807   807 I SDM     : ResourceImpl::RegisterDisplay: Registering display 28-0 with hw_block 0-0
01-07 06:40:31.104   807   807 I SDM     : Hdr10PlusModule():37 in the HDR10 Plus module
01-07 06:40:31.104   807   807 I SDM     : Init():118 HDR init done
01-07 06:40:31.104   807   807 I SDM     : HDRIntfClient::GetParameter: Version info is: 2.0
01-07 06:40:31.104   807   807 I SDM     : ColorIntfClient::Init: Init successful
01-07 06:40:31.104   807   807 I SDM     : StrategyImpl::SetColorModesInfo: Display = 28-0 Num color modes(blend spaces) = 4
01-07 06:40:31.104   807   807 I SDM     : DisplayBase::Init: disable_hw_recovery_dump_ set to 0
01-07 06:40:31.104   807   807 I SDM     : HWEventsDRM::Init: Setup event handler for display 28-0, CRTC 111, Connector 28
01-07 06:40:31.105   807   807 I SDM     : HWEventsDRM::RegisterIdleNotify: idle notify is not supported event
01-07 06:40:31.105   807   807 I SDM     : HWEventsDRM::Init: disable_hw_recovery_ set to 0
01-07 06:40:31.105   807   807 I SDM     : HWCDisplay::UpdateConfigs: num_configs = 1
01-07 06:40:31.105   807   807 I SDM     : HWCDisplay::Init: Display created with id: 0
01-07 06:40:31.105   807   807 I SDM     : DisplayBase::GetColorModes: ColorMode name = 18115_sRGB
01-07 06:40:31.105   807   807 I SDM     : DisplayBase::GetColorModes: ColorMode name = 19031_Default
01-07 06:40:31.105   807   807 I SDM     : DisplayBase::GetColorModes: ColorMode name = HDR_P3_amazon
01-07 06:40:31.105   807   807 I SDM     : DisplayBase::GetColorModes: ColorMode name = HDR_P3_netflix
01-07 06:40:31.105   807   807 I SDM     : DisplayBase::GetColorModes: ColorMode name = HDR_P3_standard
01-07 06:40:31.105   807   807 I SDM     : DisplayBase::GetColorModes: ColorMode name = SDR
01-07 06:40:31.105   807   807 I SDM     : DisplayBase::GetColorModes: ColorMode name = SRGB_SDR
01-07 06:40:31.105   807   807 I SDM     : DisplayBase::GetColorModes: ColorMode name = hal_hdr
01-07 06:40:31.105   807   807 I SDM     : DisplayBase::GetColorModes: ColorMode name = hal_native_identity
01-07 06:40:31.106   841   841 I ServiceManagement: Removing namespace from process name vendor.qti.hardware.cvp@1.0-service to cvp@1.0-service.
01-07 06:40:31.106   807   807 I SDM     : HWCDisplayBuiltIn::Init: Drop redundant drawcycles 0
01-07 06:40:31.106   807   807 I SDM     : DisplayBase::SetFrameBufferConfig: New framebuffer resolution (1080x2400)
01-07 06:40:31.110   840   840 I ServiceManagement: Removing namespace from process name vendor.qti.hardware.alarm@1.0-service to alarm@1.0-service.
01-07 06:40:31.115   840   840 I         : Registration complete for vendor.qti.hardware.alarm@1.0::IAlarm/default.
01-07 06:40:31.123   834   834 I ServiceManagement: Removing namespace from process name vendor.qti.esepowermanager@1.0-service to esepowermanager@1.0-service.
01-07 06:40:31.125   834   834 I vendor.qti.esepowermanager@1.0-service: Registration complete for vendor.qti.esepowermanager@1.0::IEsePowerManager/default.
01-07 06:40:31.131   807   807 W android.hardwar: type=1400 audit(0.0:13): avc: denied { read } for name="adreno_config.txt" dev="sda10" ino=8912957 scontext=u:r:hal_graphics_composer_default:s0 tcontext=u:object_r:gpudump_config_file:s0 tclass=file permissive=0
01-07 06:40:31.147   835   835 I LocSvc_HIDL_vendor.qti.gnss@2.1-service: main
01-07 06:40:31.180   845   845 E         : IOP-HAL: inside HIDL_FETCH_IIop
01-07 06:40:31.181   845   845 E         : IOP-HAL: boot Address of iop object
01-07 06:40:31.182   846   846 E MLSHAL_SERVICE: Start with vendor binder
01-07 06:40:31.184   846   846 E MLSHAL_SERVICE: Registering mlsdaphal service...
01-07 06:40:31.184   846   846 I ServiceManagement: Removing namespace from process name vendor.qti.hardware.mlshal@1.0-service to mlshal@1.0-service.
01-07 06:40:31.187   846   846 E MLSHAL_SERVICE: Registering mlsvnchal service...
01-07 06:40:31.187   846   846 I ServiceManagement: Removing namespace from process name vendor.qti.hardware.mlshal@1.0-service to mlshal@1.0-service.
01-07 06:40:31.202   850   850 D         : QdutilsDisp: svc service starting :)
01-07 06:40:31.202   850   850 I ServiceManagement: Removing namespace from process name vendor.qti.hardware.qdutils_disp@1.0-service-qti to qdutils_disp@1.0-service-qti.
01-07 06:40:31.224   847   847 I ServiceManagement: Removing namespace from process name vendor.qti.hardware.perf@1.0-service to perf@1.0-service.
01-07 06:40:31.227   845   845 E         : IOP-HAL: loading library is done
01-07 06:40:31.234   835   835 I LocSvc_HIDL_vendor.qti.gnss@2.1-service: Registration complete for android.hardware.gnss@1.1::IGnss/default.
01-07 06:40:31.236   801   801 I CamX    : [CONFIG][HAL    ] camxhal3module.cpp:440 HAL3Module() ***************************************************
01-07 06:40:31.236   801   801 I CamX    : [CONFIG][HAL    ] camxhal3module.cpp:441 HAL3Module() SHA1:     bb875f1876ed3aee8adf43c2e2ee0e76b7745bf7
01-07 06:40:31.236   801   801 I CamX    : [CONFIG][HAL    ] camxhal3module.cpp:442 HAL3Module() COMMITID: I13062bd95ef8a459002e44deb3223d6d62f88e1e
01-07 06:40:31.236   801   801 I CamX    : [CONFIG][HAL    ] camxhal3module.cpp:443 HAL3Module() BUILD TS: 7/5/2019 14:57:54
01-07 06:40:31.236   801   801 I CamX    : [CONFIG][HAL    ] camxhal3module.cpp:444 HAL3Module() ***************************************************
01-07 06:40:31.241   845   845 I ServiceManagement: Removing namespace from process name vendor.qti.hardware.iop@2.0-service to iop@2.0-service.
01-07 06:40:31.242   860   860 D         : tui_comm: svc service starting :)
01-07 06:40:31.242   860   860 I ServiceManagement: Removing namespace from process name vendor.qti.hardware.tui_comm@1.0-service-qti to tui_comm@1.0-service-qti.
01-07 06:40:31.259   816   852 E QMI_FW  : ctrl_msg_reader_thread: control thread received ENETRESET 102
01-07 06:40:31.263   816   848 E QMI_FW  : xport_lookup: No RX for lookup -1
01-07 06:40:31.300   868   868 I irsc_util: Starting irsc tool
01-07 06:40:31.315   801   801 E CamX    : [ERROR][CSL    ] camxcslhwinternal.cpp:3086 CSLHwInternalDefaultIoctl() Ioctl failed for device /dev/v4l-subdev11 (Type:CSLHwImageSensor, FD:21, Index:0) with error reason Bad address
01-07 06:40:31.315   801   801 E CamX    : [ERROR][CSL    ] camxcslhwinternal.cpp:3086 CSLHwInternalDefaultIoctl() Ioctl failed for device /dev/v4l-subdev12 (Type:CSLHwImageSensor, FD:22, Index:1) with error reason Bad address
01-07 06:40:31.318   868   868 I irsc_util: Num of entries:296
01-07 06:40:31.318   868   868 E irsc_util: irsc_feed_config: Security config ioctl failed
01-07 06:40:31.318   868   868 I irsc_util: Ending irsc tool
01-07 06:40:31.318   801   801 E CamX    : [ERROR][CSL    ] camxcslhwinternal.cpp:3086 CSLHwInternalDefaultIoctl() Ioctl failed for device /dev/v4l-subdev13 (Type:CSLHwImageSensor, FD:23, Index:2) with error reason Bad address
01-07 06:40:31.319   801   801 E CamX    : [ERROR][CSL    ] camxcslhwinternal.cpp:3086 CSLHwInternalDefaultIoctl() Ioctl failed for device /dev/v4l-subdev14 (Type:CSLHwImageSensor, FD:24, Index:3) with error reason Bad address
01-07 06:40:31.319   801   801 E CamX    : [ERROR][CSL    ] camxcslhwinternal.cpp:3086 CSLHwInternalDefaultIoctl() Ioctl failed for device /dev/v4l-subdev15 (Type:CSLHwImageSensor, FD:25, Index:4) with error reason Bad address
01-07 06:40:31.330   847   847 E vendor.qti.hardware.perf@1.0-service: Registered IPerf HAL service success!
01-07 06:40:31.337   850   850 E         : Registered IQdutilsDisp HAL service success!
01-07 06:40:31.359   860   860 E         : Registered ITuiComm HAL service success!
01-07 06:40:31.360   845   845 I vendor.qti.hardware.iop@2.0-service: Registration complete for vendor.qti.hardware.iop@2.0::IIop/default.
01-07 06:40:31.362   853   853 I ServiceManagement: Removing namespace from process name vendor.qti.hardware.qteeconnector@1.0-service to qteeconnector@1.0-service.
01-07 06:40:31.380   859   859 D QSEECOMAPI: QSEECom_get_handle sb_length = 0xa000
01-07 06:40:31.380   859   859 D QSEECOMAPI: App is not loaded in QSEE
01-07 06:40:31.382   853   853 I ServiceManagement: Removing namespace from process name vendor.qti.hardware.qteeconnector@1.0-service to qteeconnector@1.0-service.
01-07 06:40:31.389   859   859 D QSEECOMAPI: app_arch = 2, total_files = 9
01-07 06:40:31.389   816   890 I sensors-hal: handle_indication_realtime:361,  SCHED_FIFO(10) for qmi_cbk
01-07 06:40:31.390   859   859 E ion     : ioctl c0044901 failed with code -1: Not a typewriter
01-07 06:40:31.401   861   861 D GPTEEC  : [TEE_client_api.cpp:40 initTEEC] initTEEC
01-07 06:40:31.401   861   861 E GPQeSE-HAL: vendor::qti::secure_element service starts
01-07 06:40:31.402   861   861 D         : checkEseClientUpdate enter:  
01-07 06:40:31.402   861   861 E /vendor/bin/hw/vendor.qti.secure_element@1.0-service: Check_HalStart_Entry: enter:  
01-07 06:40:31.411   861   861 E /vendor/bin/hw/vendor.qti.secure_element@1.0-service: jcopOsUpdateRequired : file not exits for reading
01-07 06:40:31.411   861   861 E /vendor/bin/hw/vendor.qti.secure_element@1.0-service: Error opening status file
01-07 06:40:31.412   861   861 E         : readConfig Cannot open config file /etc/libnfc-nxp.conf
01-07 06:40:31.412   861   861 E         : readConfig Using default value for all settings
01-07 06:40:31.412   861   861 E         : readConfig Cannot open config file /etc/libnfc-brcm.conf
01-07 06:40:31.412   861   861 D         : readNxpTransitConfig-Enter..Reading /data/vendor/nfc/libnfc-nxpTransit.conf
01-07 06:40:31.412   861   861 E         : readConfig Cannot open config file /data/vendor/nfc/libnfc-nxpTransit.conf
01-07 06:40:31.412   861   861 D         : readNxpRFConfig-Enter..Reading /system/vendor/libnfc-nxp_RF.conf
01-07 06:40:31.412   861   861 E         : readConfig Cannot open config file /system/vendor/libnfc-nxp_RF.conf
01-07 06:40:31.412   861   861 E /vendor/bin/hw/vendor.qti.secure_element@1.0-service: Jcop update not required  
01-07 06:40:31.412   861   861 E /vendor/bin/hw/vendor.qti.secure_element@1.0-service:  LS update not required  
01-07 06:40:31.415   861   861 D         : perform_eSEClientUpdate enter:  
01-07 06:40:31.425   884   884 E /vendor/bin/adsprpcd: vendor/qcom/proprietary/commonsys-intf/adsprpc/src/adsprpcd.c:29:adsp daemon starting
01-07 06:40:31.435   880   880 D MMListParser: onlineVersion -1 defaultVersion 20190606
01-07 06:40:31.440   874   874 I tftp_server: Initializing tftp_server RING buffer
01-07 06:40:31.440   874   874 I tftp_server: Starting...
01-07 06:40:31.454   880   880 D GpuDumpHash: atlas hashid read create thread success
01-07 06:40:31.454   880   880 D AtlasService: AtlasService
01-07 06:40:31.456   880   905 D GpuDumpHash: atlas hashid read error 2, hashchar[0]=0
01-07 06:40:31.456   878   878 I /vendor/bin/self-init: INFO:Not gst return
01-07 06:40:31.458   880   880 D AtlasService: addService ok
01-07 06:40:31.476   884   884 V /vendor/bin/adsprpcd: vendor/qcom/proprietary/commonsys-intf/adsprpc/src/fastrpc_apps_user.c:1000: remote_handle_open: Successfully opened handle 0x63 for '":;./\createstaticpd:sensorspd on domain 0
01-07 06:40:31.481   896   896 D         : main_common_dcs enter, argc = 1, *argv = /system/bin/common_dcs
01-07 06:40:31.481   896   896 D         : Debug:CommonDcsService instantiate
01-07 06:40:31.482   896   896 D         : Debug:CommonDcsService created
01-07 06:40:31.482   896   896 D         : CommonDcsService:onFirstRef begin:
01-07 06:40:31.482   896   896 D         : CommonDcsService:onFirstRef end.
01-07 06:40:31.490   858   858 I ServiceManagement: Removing namespace from process name vendor.qti.hardware.sensorscalibrate@1.0-service to sensorscalibrate@1.0-service.
01-07 06:40:31.491   858   858 I vendor.qti.hardware.sensorscalibrate@1.0-service: Registration complete for vendor.qti.hardware.sensorscalibrate@1.0::ISensorsCalibrate/default.
01-07 06:40:31.511   884   884 V /vendor/bin/adsprpcd: vendor/qcom/proprietary/commonsys-intf/adsprpc/src/fastrpc_apps_user.c:1000: remote_handle_open: Successfully opened handle 0x6a451190 for adsp_default_listener on domain 0
01-07 06:40:31.514   884   884 V /vendor/bin/adsprpcd: vendor/qcom/proprietary/commonsys-intf/adsprpc/src/fastrpc_apps_user.c:1000: remote_handle_open: Successfully opened handle 0x6 for '":;./\geteventfd on domain 0
01-07 06:40:31.514   877   877 I /vendor/bin/self-init: INFO:self-init US oppo_version
01-07 06:40:31.518   859   859 D QSEECOMAPI: Loaded image: APP id = 6
01-07 06:40:31.521   859   859 D vendor.qti.hardware.soter@1.0-service: soter: svc service starting.
01-07 06:40:31.521   859   859 I ServiceManagement: Removing namespace from process name vendor.qti.hardware.soter@1.0-service to soter@1.0-service.
01-07 06:40:31.523   859   859 E vendor.qti.hardware.soter@1.0-service: Registered SOTER HAL service success
01-07 06:40:31.523   877   877 I /vendor/bin/self-init: INFO:self-init true reserve_integrate
01-07 06:40:31.523   877   877 I /vendor/bin/self-init: INFO:self-init OPPO brand
01-07 06:40:31.524   877   877 I /vendor/bin/self-init: INFO:self-init sm6150 board_platform
01-07 06:40:31.524   877   877 I /vendor/bin/self-init: INFO:startup at core stage
01-07 06:40:31.525   877   877 I /vendor/bin/self-init: INFO:try read_bytes_by_offset path:/mnt/vendor/opporeserve/radio/exp_operator_switch.config
01-07 06:40:31.531   877   877 I /vendor/bin/self-init: INFO:read 8 bytes:00000000
01-07 06:40:31.537   877   877 W libc    : Unable to set property "ro.com.google.clientidbase" to "android-oppo": error code: 0xb
01-07 06:40:31.537   877   877 I /vendor/bin/self-init: INFO:try read_bytes_by_offset path:/mnt/vendor/opporeserve/radio/exp_operator_switch.config
01-07 06:40:31.538   877   877 I /vendor/bin/self-init: INFO:read 8 bytes:00000000
01-07 06:40:31.548   882   882 I PerMgrSrv: Adding entry for modem : offTimeout : 500 ackTimeout : 200
01-07 06:40:31.548   881   881 I pd-mapper-svc: Starting pd-mapper service
01-07 06:40:31.549   856   856 I Panorama-hal: Starting with vendor Panorama Service
01-07 06:40:31.550   884   911 E /vendor/bin/adsprpcd: vendor/qcom/proprietary/commonsys-intf/adsprpc/src/apps_std_imp.c:729:Error 45: fopen failed for /persist/sensors/registry/registry. (No such file or directory)
01-07 06:40:31.550   884   911 E /vendor/bin/adsprpcd: vendor/qcom/proprietary/commonsys-intf/adsprpc/src/apps_std_imp.c:1002::Error: 57: 0 == (nOpenErr = apps_std_fopen_with_env("ADSP_LIBRARY_PATH", ";", name, "r", &ps))
01-07 06:40:31.551   884   911 E /vendor/bin/adsprpcd: vendor/qcom/proprietary/commonsys-intf/adsprpc/src/apps_std_imp.c:1020:Error 57: failed to stat /persist/sensors/registry/registry, file open returned 45, errno is No such file or directory
01-07 06:40:31.551   884   911 E /vendor/bin/adsprpcd: vendor/qcom/proprietary/commonsys-intf/adsprpc/src/apps_std_imp.c:973:Error ffffffff: failed to mkdir /persist/sensors/registry/registry,errno is No such file or directory
01-07 06:40:31.552   856   856 I ServiceManagement: Removing namespace from process name vendor.qti.hardware.scve.panorama@1.0-service to panorama@1.0-service.
01-07 06:40:31.552   877   877 E /vendor/bin/self-init: ERR:doc error!
01-07 06:40:31.552   877   877 I /vendor/bin/self-init: INFO:try read_bytes_by_offset path:/mnt/vendor/opporeserve/radio/exp_operator_switch.config
01-07 06:40:31.553   877   877 I /vendor/bin/self-init: INFO:read 8 bytes:00000000
01-07 06:40:31.553   816   848 I sensors-hal: discover_sensors:454, waiting for suids for 3s ...
01-07 06:40:31.554   877   877 E /vendor/bin/self-init: ERR:doc error!
01-07 06:40:31.554   877   877 I /vendor/bin/self-init: INFO:try read_bytes_by_offset path:/mnt/vendor/opporeserve/radio/exp_operator_switch.config
01-07 06:40:31.555   877   877 I /vendor/bin/self-init: INFO:read 8 bytes:00000000
01-07 06:40:31.559   856   856 I ServiceManagement: Removing namespace from process name vendor.qti.hardware.scve.panorama@1.0-service to panorama@1.0-service.
01-07 06:40:31.559   881   881 I pd-mapper-svc: Parsing file :/vendor/firmware_mnt/image/adspr.jsn:
01-07 06:40:31.560   856   856 I Panorama-hal: Panorama Services Registered
01-07 06:40:31.561   881   881 I pd-mapper-svc: Parsing file :/vendor/firmware_mnt/image/adsps.jsn:
01-07 06:40:31.562   898   898 I lowmemorykiller: Using in-kernel low memory killer interface
01-07 06:40:31.562   898   898 E lowmemorykiller: counter is 0,reset to zero and sleep 50 ms
01-07 06:40:31.563   881   881 I pd-mapper-svc: Parsing file :/vendor/firmware_mnt/image/adspua.jsn:
01-07 06:40:31.564   881   881 I pd-mapper-svc: Parsing file :/vendor/firmware_mnt/image/cdspr.jsn:
01-07 06:40:31.566   881   881 I pd-mapper-svc: Parsing file :/vendor/firmware_mnt/image/modemr.jsn:
01-07 06:40:31.569   881   881 I pd-mapper-svc: Parsing file :/vendor/firmware_mnt/image/modemuw.jsn:
01-07 06:40:31.572   854   854 I ObjectTracker-hal: Starting with vendor Object Tracker Service
01-07 06:40:31.573   854   854 I ServiceManagement: Removing namespace from process name vendor.qti.hardware.scve.objecttracker@1.0-service to objecttracker@1.0-service.
01-07 06:40:31.574   882   882 I PerMgrSrv: Peripheral Mananager service start
01-07 06:40:31.574   882   882 I PerMgrSrv: power-off timeout 500,ms; event-ack timeout 200,ms; debug-mode false
01-07 06:40:31.574   882   882 I PerMgrSrv: Statistics for : modem
01-07 06:40:31.574   882   882 I PerMgrSrv: modem: Current State : is off-line
01-07 06:40:31.574   882   882 I PerMgrSrv: modem: Voter/Listener count : 0/0
01-07 06:40:31.574   882   882 I PerMgrSrv: modem: Power on count : 0
01-07 06:40:31.574   882   882 I PerMgrSrv: modem: Power off count: 0
01-07 06:40:31.574   882   882 I PerMgrSrv: modem: Client list:
01-07 06:40:31.574   877   877 I /vendor/bin/self-init: INFO:try read_bytes_by_offset path:/mnt/vendor/opporeserve/radio/exp_operator_switch.config
01-07 06:40:31.576   877   877 I /vendor/bin/self-init: INFO:read 8 bytes:00000000
01-07 06:40:31.586   881   920 I pd-mapper-svc: Starting servloc server
01-07 06:40:31.588   877   877 I /vendor/bin/self-init: INFO:start setprop ! 
01-07 06:40:31.588   877   877 I /vendor/bin/self-init: INFO:ro.com.google.clientidbase.ms=android-oppo-rev1 
01-07 06:40:31.593   882   918 I PerMgrSrv: QMI service start
01-07 06:40:31.603   877   877 I /vendor/bin/self-init: INFO:set_aftersale_prop_core UFS!
01-07 06:40:31.603   877   877 I /vendor/bin/self-init: INFO:try read_bytes_by_offset path:/dev/block/bootdevice/by-name/opporeserve1
01-07 06:40:31.604   877   877 I /vendor/bin/self-init: INFO:read 512 bytes:
01-07 06:40:31.604   877   877 E /vendor/bin/self-init: ERR:read aftersale_region flag,no aftersale_region set!
01-07 06:40:31.605   877   877 I /vendor/bin/self-init: INFO:set oem device for widewine 
01-07 06:40:31.607   884   911 E /vendor/bin/adsprpcd: vendor/qcom/proprietary/commonsys-intf/adsprpc/src/apps_std_imp.c:277:Error 5c: fread returning 0 bytes, requested was 512 bytes, errno is 1
01-07 06:40:31.619   807   807 I SDM     : HWCDisplay::SetFrameBufferResolution: New framebuffer resolution (1080x2400)
01-07 06:40:31.619   877   877 I /vendor/bin/self-init: INFO:try read_bytes_by_offset path:/mnt/vendor/opporeserve/radio/exp_operator_switch.config
01-07 06:40:31.619   807   807 I SDM     : HWCSession::CreatePrimaryDisplay: Primary display created.
01-07 06:40:31.620   877   877 I /vendor/bin/self-init: INFO:read 8 bytes:00000000
01-07 06:40:31.620   877   877 E /vendor/bin/self-init: ERR:doc error!
01-07 06:40:31.620   877   877 I /vendor/bin/self-init: INFO:try read_bytes_by_offset path:/mnt/vendor/opporeserve/radio/exp_operator_switch.config
01-07 06:40:31.620   877   877 I /vendor/bin/self-init: INFO:read 8 bytes:00000000
01-07 06:40:31.620   877   877 E /vendor/bin/self-init: ERR:doc error!
01-07 06:40:31.621   877   877 I /vendor/bin/self-init: INFO:fingerprint_time=,base_os_time= 
01-07 06:40:31.621   877   877 I /vendor/bin/self-init: INFO:set fingerprint default 
01-07 06:40:31.621   877   877 I /vendor/bin/self-init: INFO:set fingerprint default 
01-07 06:40:31.621   877   877 I /vendor/bin/self-init: INFO:m_project_name:  19331
01-07 06:40:31.623   807   807 I SDM     : HWCColorManager::CreateColorManager: Successfully loaded libsdm-disp-vndapis.so
01-07 06:40:31.627   807   807 W android.hardwar: type=1400 audit(0.0:14): avc: denied { read write } for name="diag" dev="tmpfs" ino=26932 scontext=u:r:hal_graphics_composer_default:s0 tcontext=u:object_r:diag_device:s0 tclass=chr_file permissive=0
01-07 06:40:31.632   563   563 W hwservicemanager: getTransport: Cannot find entry android.hardware.thermal@1.1::IThermal/default in either framework or device manifest.
01-07 06:40:31.633   807   807 E Diag_Lib:  Diag_LSM_Init: Failed to open handle to diag driver, error = 13
01-07 06:40:31.633   807   807 I SDM     : HWCColorManager::CreateColorManager: Successfully loaded libsdm-disp-vndapis.so and libsdm-diag.so and diag_init'ed
01-07 06:40:31.633   807   807 D SDM     : HWCSession::GetFunction: Unknown/Unimplemented function descriptor: 44 (SetLayerFloatColor)
01-07 06:40:31.634   807   807 I ServiceManagement: Removing namespace from process name android.hardware.graphics.composer@2.2-service to composer@2.2-service.
01-07 06:40:31.640   904   904 W thermalserviced: Unable to get Thermal HAL V1.1, vendor thermal event notification not available
01-07 06:40:31.641   835   835 D LocSvc_LBSProxy: checkIfLocationExtendedClientExists] File Exists
01-07 06:40:31.644   835   835 I ServiceManagement: Removing namespace from process name vendor.qti.gnss@2.1-service to gnss@2.1-service.
01-07 06:40:31.648   877   877 W libc    : Unable to set property "ro.bootimage.build.fingerprint" to "OPPO/CPH1907/OP4B83L1:9/PKQ1.190528.001/1562311191:user/release-keys": error code: 0xb
01-07 06:40:31.649   877   877 W libc    : Unable to set property "ro.build.fingerprint" to "OPPO/CPH1907/OP4B83L1:9/PKQ1.190528.001/1562311191:user/release-keys": error code: 0xb
01-07 06:40:31.650   877   877 W libc    : Unable to set property "ro.build.version.base_os" to "": error code: 0xb
01-07 06:40:31.667   835   835 I LocSvc_HIDL_vendor.qti.gnss@2.1-service: Registration complete for vendor.qti.gnss@2.1::ILocHidlGnss/gnss_vendor.
01-07 06:40:31.694   872   872 I vendor.rmt_storage: Modem subsystem found on target!
01-07 06:40:31.700   872   872 I vendor.rmt_storage: Shared memory initialised successfully.
01-07 06:40:31.704   872   872 I vendor.rmt_storage: Registering modemst1: 0x4a /boot/modem_fs1
01-07 06:40:31.705   872   872 I vendor.rmt_storage: Registering modemst2: 0x4b /boot/modem_fs2
01-07 06:40:31.705   872   872 I vendor.rmt_storage: Registering fsc: 0xff /boot/modem_fsc
01-07 06:40:31.706   872   872 I vendor.rmt_storage: Registering fsg: 0x58 /boot/modem_fsg
01-07 06:40:31.707   872   872 I vendor.rmt_storage: Registering oppodycnvbk: 0x4a /oppo/oppodycnvbk
01-07 06:40:31.708   872   872 I vendor.rmt_storage: Registering oppostanvbk: 0x4a /oppo/oppostanvbk
01-07 06:40:31.708   872   872 I vendor.rmt_storage: 6 GPT partitions found
01-07 06:40:31.708   872   872 D vendor.rmt_storage: hw_emmcID: 0x34303832
01-07 06:40:31.709   872   872 D vendor.rmt_storage: get_pcba_from_reserve1
01-07 06:40:31.709   801   801 E CamX    : [ERROR][CSL    ] camxcslhwinternal.cpp:3056 CSLHwInternalFDIoctl() Ioctl failed for FD:8 with error reason Invalid argument
01-07 06:40:31.716   872   872 E vendor.rmt_storage: telcel open failed! errno:2
01-07 06:40:31.716   872   872 I vendor.rmt_storage: get_carriver_version_from_reserve: read multi-operator-software flag failed! ret=-1
01-07 06:40:31.716   872   872 I vendor.rmt_storage: 
01-07 06:40:31.716   872   872 I vendor.rmt_storage: get_carriver_version_from_reserve: exp_carrier_version=
01-07 06:40:31.716   872   872 I vendor.rmt_storage: 
01-07 06:40:31.716   872   872 I vendor.rmt_storage: Capset success!
01-07 06:40:31.899   801   801 E OCAM-PREVIEW_INTF: SNAPSHOT_STAB-error!!: ChiNodeEntry: 553: Chi API major version  match (0:0) vs (0:0)
01-07 06:40:31.986   801   801 E DEWARP  : ChiNodeEntry():1527 Dewarp Node CHINODEEntry funtion
01-07 06:40:31.990   959   959 I sensors.qti: set_log_level:346, log_level set: 2
01-07 06:40:31.990   959   959 I sensors.qti: main:386, sensors daemon starting
01-07 06:40:32.003   959   959 W sensors.qti: type=1400 audit(0.0:15): avc: denied { open } for path="/dev/diag" dev="tmpfs" ino=26932 scontext=u:r:sensors:s0 tcontext=u:object_r:diag_device:s0 tclass=chr_file permissive=0
01-07 06:40:32.003   959   959 W sensors.qti: type=1400 audit(0.0:16): avc: denied { read } for name="sns_diag_flush" dev="sda2" ino=56 scontext=u:r:sensors:s0 tcontext=u:object_r:sensors_persist_file:s0 tclass=fifo_file permissive=0
01-07 06:40:32.007   959   984 E Diag_Lib:  Diag_LSM_Init: Failed to open handle to diag driver, error = 13
01-07 06:40:32.007   959   984 E sensors.qti: handle_diag_settings:290, Diag_LSM_Init failed!
01-07 06:40:32.008   959   984 E sensors.qti: wait_handle_flush:250, open error: 13
01-07 06:40:32.008   959   987 I sensors.qti: diag_mdlog_capture:189,  in diag_mdlog_test 
01-07 06:40:32.034   863   863 D quick   :  ============main================ 
01-07 06:40:32.035   863   863 D quick   : Startup mode = -1
01-07 06:40:32.035   863   863 W quick   : Propertie "ro.crypto.state" = "encrypted"
01-07 06:40:32.035   863   863 W quick   : Propertie "ro.crypto.needs_encryption" = NULL
01-07 06:40:32.035   863   863 W quick   : Device encrypted, need to trigger_restart_min_framework in quickboot
01-07 06:40:32.118   903   903 I SurfaceFlinger: Using HWComposer service: 'default'
01-07 06:40:32.118   903   903 I SurfaceFlinger: SurfaceFlinger is starting
01-07 06:40:32.128   903   903 I SurfaceFlinger: Disabling backpressure propagation
01-07 06:40:32.128   903   903 I SurfaceFlinger: Disabling Triple Buffering
01-07 06:40:32.128   903   903 I SurfaceFlinger: Treble testing override: 'false'
01-07 06:40:32.139   807   998 I SDM     : HWCSession::setDisplayIndex: Built-in display: base = 5, count = 3
01-07 06:40:32.139   807   998 I SDM     : HWCSession::setDisplayIndex: Change Built-in display capacity to 3
01-07 06:40:32.139   807   998 I SDM     : HWCSession::setDisplayIndex: Override: Built-in display: Index = 0, Client ID = 5
01-07 06:40:32.139   807   998 I SDM     : HWCSession::setDisplayIndex: Override: Built-in display: Index = 1, Client ID = 6
01-07 06:40:32.139   807   998 I SDM     : HWCSession::setDisplayIndex: Override: Built-in display: Index = 2, Client ID = 7
01-07 06:40:32.140   807   998 I SDM     : HWCSession::setDisplayIndex: Pluggable display: base = 1, count = 4
01-07 06:40:32.140   807   998 I SDM     : HWCSession::setDisplayIndex: Change Pluggable display capacity to 4
01-07 06:40:32.140   807   998 I SDM     : HWCSession::setDisplayIndex: Override: Pluggable display: Index = 0, Client ID = 1
01-07 06:40:32.140   807   998 I SDM     : HWCSession::setDisplayIndex: Override: Pluggable display: Index = 1, Client ID = 2
01-07 06:40:32.140   807   998 I SDM     : HWCSession::setDisplayIndex: Override: Pluggable display: Index = 2, Client ID = 3
01-07 06:40:32.140   807   998 I SDM     : HWCSession::setDisplayIndex: Override: Pluggable display: Index = 3, Client ID = 4
01-07 06:40:32.140   807   998 I SDM     : HWCSession::setDisplayIndex: Virtual display: base = 8, count = 1
01-07 06:40:32.140   807   998 I SDM     : HWCSession::setDisplayIndex: Change Virtual display capacity to 1
01-07 06:40:32.140   807   998 I SDM     : HWCSession::setDisplayIndex: Override: Virtual display: Index = 0, Client ID = 8
01-07 06:40:32.142   903   903 I SurfaceFlinger: SurfaceFlinger's main thread ready to run. Initializing graphics H/W...
01-07 06:40:32.142   903   903 I SurfaceFlinger: Phase offest NS: 1000000
01-07 06:40:32.144   903   903 D SurfaceFlinger: mScreenLightSensorSupport:1
01-07 06:40:32.144   903   903 D SurfaceFlinger: screen.underlightsensor.region:360,217,392,249
01-07 06:40:32.182   903   903 D libEGL  : loaded /vendor/lib64/egl/libEGL_adreno.so
01-07 06:40:32.269   725   725 I [PHOENIX]:  stage: ANDROID_ZYGOTE_PRELOAD_START
01-07 06:40:32.270   725   725 D Zygote  : begin preload
01-07 06:40:32.270   725   725 I Zygote  : Installing ICU cache reference pinning...
01-07 06:40:32.270   725   725 I Zygote  : Preloading ICU data...
01-07 06:40:32.273   726   726 I zygote  : Explicit concurrent copying GC freed 201(22KB) AllocSpace objects, 0(0B) LOS objects, 98% free, 25KB/1561KB, paused 116us total 26.036ms
01-07 06:40:32.284   726   726 I zygote  : Explicit concurrent copying GC freed 5(32KB) AllocSpace objects, 0(0B) LOS objects, 98% free, 25KB/1561KB, paused 67us total 9.754ms
01-07 06:40:32.298   726   726 I Zygote  : Accepting command socket connections
01-07 06:40:32.328   903   903 D libEGL  : loaded /vendor/lib64/egl/libGLESv1_CM_adreno.so
01-07 06:40:32.336   903   903 D libEGL  : loaded /vendor/lib64/egl/libGLESv2_adreno.so
01-07 06:40:32.351   903   903 I Adreno  : QUALCOMM build                   : 7f154bf, If3dc268c66
01-07 06:40:32.351   903   903 I Adreno  : Build Date                       : 06/24/19
01-07 06:40:32.351   903   903 I Adreno  : OpenGL ES Shader Compiler Version: EV031.25.14.03
01-07 06:40:32.351   903   903 I Adreno  : Local Branch                     : mybranche9966007-749b-f1b7-8c20-5cb90179c3d8
01-07 06:40:32.351   903   903 I Adreno  : Remote Branch                    : quic/gfx-adreno.lnx.1.0.r69-rel
01-07 06:40:32.351   903   903 I Adreno  : Remote Branch                    : NONE
01-07 06:40:32.351   903   903 I Adreno  : Reconstruct Branch               : NOTHING
01-07 06:40:32.351   903   903 I Adreno  : Build Config                     : S P 6.0.9 AArch64
01-07 06:40:32.375   801   801 E         : ChiAWBAlgorithmEntry
01-07 06:40:32.391   903   903 I Adreno  : PFP: 0x016ee177, ME: 0x00000000
01-07 06:40:32.417   903   903 I SurfaceFlinger: EGL information:
01-07 06:40:32.417   903   903 I SurfaceFlinger: vendor    : Android
01-07 06:40:32.417   903   903 I SurfaceFlinger: version   : 1.4 Android META-EGL
01-07 06:40:32.417   903   903 I SurfaceFlinger: extensions: EGL_KHR_get_all_proc_addresses EGL_ANDROID_presentation_time EGL_KHR_swap_buffers_with_damage EGL_ANDROID_get_native_client_buffer EGL_ANDROID_front_buffer_auto_refresh EGL_ANDROID_get_frame_timestamps EGL_EXT_surface_SMPTE2086_metadata EGL_EXT_surface_CTA861_3_metadata EGL_EXT_gl_colorspace_scrgb EGL_EXT_gl_colorspace_scrgb_linear EGL_EXT_gl_colorspace_display_p3_linear EGL_EXT_gl_colorspace_display_p3 EGL_EXT_gl_colorspace_bt2020_linear EGL_EXT_gl_colorspace_bt2020_pq EGL_KHR_image EGL_KHR_image_base EGL_EXT_image_gl_colorspace EGL_KHR_lock_surface EGL_KHR_gl_colorspace EGL_KHR_gl_texture_2D_image EGL_KHR_gl_texture_3D_image EGL_KHR_gl_texture_cubemap_image EGL_KHR_gl_renderbuffer_image EGL_KHR_reusable_sync EGL_KHR_fence_sync EGL_KHR_create_context EGL_KHR_surfaceless_context EGL_EXT_create_context_robustness EGL_ANDROID_image_native_buffer EGL_KHR_wait_sync EGL_ANDROID_recordable EGL_KHR_partial_update EGL_EXT_pixel_format_float EGL_KHR_create_context_no_error EGL_KHR_mutable_render_buffer EG
01-07 06:40:32.417   903   903 I SurfaceFlinger: Client API: OpenGL_ES
01-07 06:40:32.417   903   903 I SurfaceFlinger: EGLSurface: 8-8-8-8, config=0x795f58a100
01-07 06:40:32.418   903   903 I SurfaceFlinger: OpenGL ES informations:
01-07 06:40:32.418   903   903 I SurfaceFlinger: vendor    : Qualcomm
01-07 06:40:32.418   903   903 I SurfaceFlinger: renderer  : Adreno (TM) 618
01-07 06:40:32.418   903   903 I SurfaceFlinger: version   : OpenGL ES 3.2 V@334.0 (GIT@7f154bf, If3dc268c66) (Date:06/24/19)
01-07 06:40:32.418   903   903 I SurfaceFlinger: extensions: GL_OES_EGL_image GL_OES_EGL_image_external GL_OES_EGL_sync GL_OES_vertex_half_float GL_OES_framebuffer_object GL_OES_rgb8_rgba8 GL_OES_compressed_ETC1_RGB8_texture GL_AMD_compressed_ATC_texture GL_KHR_texture_compression_astc_ldr GL_KHR_texture_compression_astc_hdr GL_OES_texture_compression_astc GL_OES_texture_npot GL_EXT_texture_filter_anisotropic GL_EXT_texture_format_BGRA8888 GL_OES_texture_3D GL_EXT_color_buffer_float GL_EXT_color_buffer_half_float GL_QCOM_alpha_test GL_OES_depth24 GL_OES_packed_depth_stencil GL_OES_depth_texture GL_OES_depth_texture_cube_map GL_EXT_sRGB GL_OES_texture_float GL_OES_texture_float_linear GL_OES_texture_half_float GL_OES_texture_half_float_linear GL_EXT_texture_type_2_10_10_10_REV GL_EXT_texture_sRGB_decode GL_EXT_texture_format_sRGB_override GL_OES_element_index_uint GL_EXT_copy_image GL_EXT_geometry_shader GL_EXT_tessellation_shader GL_OES_texture_stencil8 GL_EXT_shader_io_blocks GL_OES_shader_image_atomic GL_OES_sample_variables GL_EXT_texture_border_clamp G
01-07 06:40:32.418   903   903 I SurfaceFlinger: GL_MAX_TEXTURE_SIZE = 16384
01-07 06:40:32.418   903   903 I SurfaceFlinger: GL_MAX_VIEWPORT_DIMS = 16384
01-07 06:40:32.445   807   998 D SDM     : HWCSession::RegisterCallback: Registering callback: Hotplug
01-07 06:40:32.446   807   998 I SDM     : HWCSession::RegisterCallback: Hotplugging primary...
01-07 06:40:32.447   807   998 I SDM     : HWCDisplay::GetColorModeCount: Supported color mode count = 3
01-07 06:40:32.447   807   998 I SDM     : HWCDisplay::GetColorModes: Color mode = 0 is supported
01-07 06:40:32.447   807   998 I SDM     : HWCDisplay::GetColorModes: Color mode = 7 is supported
01-07 06:40:32.447   807   998 I SDM     : HWCDisplay::GetColorModes: Color mode = 9 is supported
01-07 06:40:32.448   807   998 I SDM     : HWCDisplay::GetRenderIntentCount: mode: 0 supported rendering intent count = 1
01-07 06:40:32.448   807   998 I SDM     : HWCDisplay::GetRenderIntents: Color mode = 0 is supported with render intent = 0
01-07 06:40:32.448   807   998 I SDM     : HWCDisplay::GetRenderIntentCount: mode: 7 supported rendering intent count = 1
01-07 06:40:32.448   807   998 I SDM     : HWCDisplay::GetRenderIntents: Color mode = 7 is supported with render intent = 0
01-07 06:40:32.448   807   998 I SDM     : HWCDisplay::GetRenderIntentCount: mode: 9 supported rendering intent count = 1
01-07 06:40:32.448   807   998 I SDM     : HWCDisplay::GetRenderIntents: Color mode = 9 is supported with render intent = 0
01-07 06:40:32.448   725   725 I Zygote  : Preloading classes...
01-07 06:40:32.451   842   842 W vendor.qti.hard: type=1400 audit(0.0:17): avc: denied { read } for name="adreno_config.txt" dev="sda10" ino=8912957 scontext=u:r:hal_graphics_allocator_default:s0 tcontext=u:object_r:gpudump_config_file:s0 tclass=file permissive=0
01-07 06:40:32.457   842   842 E ion     : ioctl c0044901 failed with code -1: Not a typewriter
01-07 06:40:32.484   807   998 I SDM     : HWCSession::RegisterCallback: Handling built-in displays...
01-07 06:40:32.485   807   998 I SDM     : HWCSession::RegisterCallback: Handling pluggable displays...
01-07 06:40:32.485   807   998 I SDM     : HWCSession::HandlePluggableDisplays: Handling hotplug...
01-07 06:40:32.485   807   998 I SDM     : HWCSession::HandlePluggableDisplays: Handling hotplug... Done.
01-07 06:40:32.485   807   998 D SDM     : HWCSession::RegisterCallback: Registering callback: Refresh
01-07 06:40:32.485   807   998 D SDM     : HWCSession::RegisterCallback: Registering callback: Vsync
01-07 06:40:32.504   725   725 I PackageBackwardCompatibility: Loaded android.content.pm.OrgApacheHttpLegacyUpdater
01-07 06:40:32.504   725   725 I PackageBackwardCompatibility: Could not find android.content.pm.AndroidTestBaseUpdater, ignoring
01-07 06:40:32.525   801   801 E         : [VIDHANCE-AEC] ChiAECAlgorithmEntry: ChiAECAlgorithmEntry
01-07 06:40:32.525   801   801 E         : [VIDHANCE-AEC] loadBackendAECAlgo: loadBackendAECAlgo
01-07 06:40:32.527   801   801 E         : [VIDHANCE-AEC] AECNodeQueryVendorTag: g_AECLibCallbacks.pfnQueryVendorTag is NULL
01-07 06:40:32.571   965   965 W init.qcom.usb.s: type=1400 audit(0.0:18): avc: denied { write } for name="0x409" dev="configfs" ino=30072 scontext=u:r:qti_init_shell:s0 tcontext=u:object_r:configfs:s0 tclass=dir permissive=0
01-07 06:40:32.821   888   888 I FastMixerState: sMaxFastTracks = 8
01-07 06:40:32.821   888   888 V MediaUtils: physMem: 4294967295
01-07 06:40:32.822   888   888 V MediaUtils: requested limit: 536870912
01-07 06:40:32.822   888   888 V MediaUtils: actual limit: 536870912
01-07 06:40:32.822   888   888 V MediaUtils: original limits: 4294967295/4294967295
01-07 06:40:32.822   888   888 V MediaUtils: new limits: 536870912/4294967295
01-07 06:40:32.823   888   888 I audioserver: ServiceManager: 0xf219c520
01-07 06:40:32.824   888   888 W BatteryNotifier: batterystats service unavailable!
01-07 06:40:32.834   563   563 W hwservicemanager: getTransport: Cannot find entry android.hardware.audio@4.0::IDevicesFactory/msd in either framework or device manifest.
01-07 06:40:32.845   888   888 D MMListParser: onlineVersion -1 defaultVersion 20190606
01-07 06:40:32.847   888   888 D AudioFlinger: mSilenceCheckTime = 45000
01-07 06:40:32.847   888   888 D AudioFlinger: AudioFlinger debug log enabled
01-07 06:40:32.847   888   888 D IAtlas  : IAtlas::init CallingPid 888
01-07 06:40:32.849   888   888 D IAtlas  : IAtlas::init this 0xf21eb6c0
01-07 06:40:32.849   888   888 I AudioFlinger: Using default 3000 mSec as standby time.
01-07 06:40:32.849   888   888 I AudioFlinger: EffectDapController()
01-07 06:40:32.851   888   888 D IAtlas  : IAtlas::init CallingPid 888
01-07 06:40:32.852   888   888 D IAtlas  : IAtlas::init this 0xf21eb740
01-07 06:40:32.853   888   888 D IAtlas  : IAtlas::init CallingPid 888
01-07 06:40:32.854   888   888 D IAtlas  : IAtlas::init this 0xf21eb780
01-07 06:40:32.855   888   888 D IAtlas  : IAtlas::init CallingPid 888
01-07 06:40:32.856   888   888 D IAtlas  : IAtlas::init this 0xf21eb7c0
01-07 06:40:32.876   801   801 E CamX    : [ERROR][CSL    ] camxcslhwinternal.cpp:3086 CSLHwInternalDefaultIoctl() Ioctl failed for device /dev/v4l-subdev11 (Type:CSLHwImageSensor, FD:21, Index:22) with error reason Bad address
01-07 06:40:32.892   888   888 D APM::Serializer: new Ioprofile, role = 1, maxOpenCount =1
01-07 06:40:32.895   888   888 I chatty  : uid=1041(audioserver) /system/bin/audioserver identical 8 lines
01-07 06:40:32.895   888   888 D APM::Serializer: new Ioprofile, role = 1, maxOpenCount =1
01-07 06:40:32.895   888   888 D APM::Serializer: new Ioprofile, role = 2, maxOpenCount =0
01-07 06:40:32.896   888   888 I chatty  : uid=1041(audioserver) /system/bin/audioserver identical 5 lines
01-07 06:40:32.899   888   888 D APM::Serializer: new Ioprofile, role = 2, maxOpenCount =0
01-07 06:40:32.899   888   888 D APM::Serializer: new Ioprofile, role = 1, maxOpenCount =1
01-07 06:40:32.899   888   888 D APM::Serializer: new Ioprofile, role = 1, maxOpenCount =1
01-07 06:40:32.899   888   888 D APM::Serializer: new Ioprofile, role = 2, maxOpenCount =0
01-07 06:40:32.908   888   888 D APM_AudioPolicyManager: serializer customer policy xml success
01-07 06:40:32.932   988   988 W libc    : Unable to set property "ctl.start" to "console": error code: 0x20
01-07 06:40:32.995     1     1 W init    : type=1400 audit(0.0:19): avc: denied { setattr } for name="fd" dev="sysfs" ino=61413 scontext=u:r:init:s0 tcontext=u:object_r:sysfs_qvr_external_sensor:s0 tclass=file permissive=0
01-07 06:40:33.002   903   903 D SurfaceFlinger: shader cache generated - 52 shaders in 515.229126 ms
01-07 06:40:33.002   807   998 D SDM     : HWCSession::GetDataspaceSaturationMatrix: 1.000000 0.000000 0.000000 0.000000
01-07 06:40:33.002   807   998 D SDM     : HWCSession::GetDataspaceSaturationMatrix: 0.000000 1.000000 0.000000 0.000000
01-07 06:40:33.002   807   998 D SDM     : HWCSession::GetDataspaceSaturationMatrix: 0.000000 0.000000 1.000000 0.000000
01-07 06:40:33.002   807   998 D SDM     : HWCSession::GetDataspaceSaturationMatrix: 0.000000 0.000000 0.000000 1.000000
01-07 06:40:33.003   903   903 I NativeWatchDog: [registerNodeName] name=hwc, index=0
01-07 06:40:33.003   903   903 I NativeWatchDog: [registerNodeName] name=binder, index=1
01-07 06:40:33.003   903   903 I NativeWatchDog: [registerNodeName] name=vsync, index=2
01-07 06:40:33.003   903   903 E DispScene: open config fail
01-07 06:40:33.008   796  1043 D audio_hw_primary: adev_open: enter
01-07 06:40:33.009   796  1043 D audio_hw_primary: get_project_name project:19031
01-07 06:40:33.009   796  1043 D audio_engineer_test: get_project_name project:19031
01-07 06:40:33.009   796  1043 D audio_engineer_test: oppo_audio_test_init project name 19031
01-07 06:40:33.009   796  1043 D audio_log_utils: registered, module hal
01-07 06:40:33.011   796  1043 D OPPO_KTV: read_hpl_state : read hpl file nothing!
01-07 06:40:33.011   796  1043 D oppo_smartvolume: oppo_smartvolume_init enter 
01-07 06:40:33.011   796  1043 D oppo_smartvolume: oppo_smartvolume_init exist 
01-07 06:40:33.011   796  1043 D OPPO_AUDIO_SCENCE: oppo_audio_scence_init: init
01-07 06:40:33.019   903   903 D DispScene: config version remote=, local=20190131
01-07 06:40:33.019   903   903 D DispScene: use local config: r=, l=20190131
01-07 06:40:33.055   903   903 D DispPerfService: setDCFeature (1) done
01-07 06:40:33.091   903   903 W surfaceflinger: type=1400 audit(0.0:20): avc: denied { read write } for name="power_status" dev="sysfs" ino=48946 scontext=u:r:surfaceflinger:s0 tcontext=u:object_r:sysfs:s0 tclass=file permissive=0
01-07 06:40:33.092   903   903 D DispPerfService: Hecate:Feature=0, mRvSupport=1
01-07 06:40:33.092   903   903 D DispPerfService: DisplayPerformanceService()
01-07 06:40:33.098   903   903 D SurfaceFlinger: Set power mode=2, type=0 flinger=0x7961c58000
01-07 06:40:33.098   903   903 D SurfaceFlinger: Set power mode=2, type=0 flinger=0x7961c58000,after sensor service notify
01-07 06:40:33.099   903   903 E SurfaceFlinger: error setOppoPowerStatus:/sys/kernel/oppo_display/power_status(-1)
01-07 06:40:33.099   807   998 I SDM     : DisplayBase::SetDisplayState: Set state = 1, display 28-0, teardown = 0
01-07 06:40:33.099   903  1076 D SurfaceFlinger: not boot completed , do not get sensorService
01-07 06:40:33.100   903   903 D SurfaceFlinger: Finished set power mode=2, type=0
01-07 06:40:33.203  1082  1082 E PerMgrProxy: Starting pm-proxy service
01-07 06:40:33.203  1080  1087 I adbd    : initializing functionfs
01-07 06:40:33.204  1080  1087 I adbd    : opening control endpoint /dev/usb-ffs/adb/ep0
01-07 06:40:33.210   882   922 D PerMgrSrv: modem state: is off-line, add client PM-PROXY-THREAD
01-07 06:40:33.210   882   922 D PerMgrSrv: PM-PROXY-THREAD registered
01-07 06:40:33.210  1082  1082 D PerMgrLib: PM-PROXY-THREAD successfully registered for modem
01-07 06:40:33.210  1082  1082 I PerMgrProxy: Casting proxy vote for modem
01-07 06:40:33.210  1082  1082 D PerMgrLib: PM-PROXY-THREAD voting for modem
01-07 06:40:33.210   882   922 D PerMgrSrv: PM-PROXY-THREAD voting for modem
01-07 06:40:33.210   882   922 D PerMgrSrv: modem new state: going on-line
01-07 06:40:33.210   882   922 D PerMgrSrv: modem num voters is 1
01-07 06:40:33.211  1082  1082 I PerMgrProxy: pm-proxy-thread vote successful for modem
01-07 06:40:33.220  1080  1087 I adbd    : functionfs successfully initialized
01-07 06:40:33.220  1080  1087 I adbd    : registering usb transport
01-07 06:40:33.352  1106  1106 D ReserveFileInData: Total_size = 240760139776 B = 235117324 KB = 229606 MB = 224 GB
01-07 06:40:33.352  1106  1106 D ReserveFileInData: Disk_free = 215312 MB = 210 GB
01-07 06:40:33.352  1106  1106 D ReserveFileInData: Disk_available = 215168 MB = 210 GB
01-07 06:40:33.352  1106  1106 D ReserveFileInData: availDataSize is 215168
01-07 06:40:33.397  1102  1102 D         : junklog enter
01-07 06:40:33.405  1102  1102 D         : junklog, JunkLogCollectorService::instantiate addServiceRes = 0
01-07 06:40:33.477  1124  1124 I /vendor/bin/self-init: INFO:self-init US oppo_version
01-07 06:40:33.478  1124  1124 I /vendor/bin/self-init: INFO:self-init true reserve_integrate
01-07 06:40:33.478  1124  1124 I /vendor/bin/self-init: INFO:self-init OPPO brand
01-07 06:40:33.478  1124  1124 I /vendor/bin/self-init: INFO:self-init sm6150 board_platform
01-07 06:40:33.479  1124  1124 I /vendor/bin/self-init: INFO:startup at main stage
01-07 06:40:33.479  1124  1124 I /vendor/bin/self-init: INFO:try read_bytes_by_offset path:/mnt/vendor/opporeserve/radio/exp_operator_switch.config
01-07 06:40:33.480  1124  1124 I /vendor/bin/self-init: INFO:read 8 bytes:00000000
01-07 06:40:33.480  1124  1124 I /vendor/bin/self-init: INFO:try read_bytes_by_offset path:/mnt/vendor/opporeserve/radio/exp_operator_switch.config
01-07 06:40:33.481  1124  1124 I /vendor/bin/self-init: INFO:read 8 bytes:00000000
01-07 06:40:33.482   725   725 E ActivityRecognitionHardware: activity_recognition HAL is deprecated. class_init is effectively a no-op
01-07 06:40:33.483  1124  1124 E /vendor/bin/self-init: ERR:doc error!
01-07 06:40:33.491  1124  1124 I /vendor/bin/self-init: INFO:try read_bytes_by_offset path:/mnt/vendor/opporeserve/radio/exp_operator_switch.config
01-07 06:40:33.492  1124  1124 I /vendor/bin/self-init: INFO:read 8 bytes:00000000
01-07 06:40:33.493  1124  1124 E /vendor/bin/self-init: ERR:doc error!
01-07 06:40:33.493  1124  1124 I /vendor/bin/self-init: INFO:try read_bytes_by_offset path:/mnt/vendor/opporeserve/radio/exp_operator_switch.config
01-07 06:40:33.494  1124  1124 I /vendor/bin/self-init: INFO:read 8 bytes:00000000
01-07 06:40:33.496  1110  1110 D         : main_motor_control enter
01-07 06:40:33.496  1110  1110 D MotorControlService: instantiate
01-07 06:40:33.497  1110  1110 D MotorControlService: MotorControlService construction
01-07 06:40:33.497  1110  1110 D MotorControlService: MotorControlService:onFirstRef
01-07 06:40:33.507  1124  1124 I /vendor/bin/self-init: INFO:try read_bytes_by_offset path:/mnt/vendor/opporeserve/radio/exp_operator_switch.config
01-07 06:40:33.508  1124  1124 I /vendor/bin/self-init: INFO:read 8 bytes:00000000
01-07 06:40:33.521  1128  1128 E /vendor/bin/adsprpcd: vendor/qcom/proprietary/commonsys-intf/adsprpc/src/adsprpcd.c:29:adsp daemon starting
01-07 06:40:33.529  1128  1128 V /vendor/bin/adsprpcd: vendor/qcom/proprietary/commonsys-intf/adsprpc/src/fastrpc_apps_user.c:1000: remote_handle_open: Successfully opened handle 0x58 for '":;./\attachguestos on domain 0
01-07 06:40:33.538  1128  1128 V /vendor/bin/adsprpcd: vendor/qcom/proprietary/commonsys-intf/adsprpc/src/fastrpc_apps_user.c:1000: remote_handle_open: Successfully opened handle 0xf0674690 for adsp_default_listener on domain 0
01-07 06:40:33.538  1128  1128 V /vendor/bin/adsprpcd: vendor/qcom/proprietary/commonsys-intf/adsprpc/src/fastrpc_apps_user.c:1000: remote_handle_open: Successfully opened handle 0x6 for '":;./\geteventfd on domain 0
