05-10 15:05:13.154  1481  2981 D ConnectivityService: ConnectivityService NetworkRequestInfo binderDied(NetworkRequest [ LISTEN id=360, [ Capabilities: INTERNET&NOT_RESTRICTED&TRUSTED Unwanted:  Uid: 10191] ], android.os.BinderProxy@b6bd336)
05-10 15:05:13.155  1481  3518 D ConnectivityService: ConnectivityService NetworkRequestInfo binderDied(NetworkRequest [ LISTEN id=359, [ Capabilities: INTERNET&NOT_RESTRICTED&TRUSTED Unwanted:  Uid: 10191] ], android.os.BinderProxy@9079237)
05-10 15:05:13.155  1481  3007 I WindowManager: WIN DEATH: Window{82c34a5 u0 com.ss.android.article.lite/com.ss.android.article.lite.activity.MainActivity}
05-10 15:05:13.158  1481  4112 I OppoProcessManager: ProcessRecord{b5c07c2 15776:com.ss.android.article.lite/u0a191} died but not restart......
05-10 15:05:13.159  1481  4112 W ActivityManager: app.persistent false app.isolated false app.removed false app ProcessRecord{b5c07c2 15776:com.ss.android.article.lite/u0a191}
05-10 15:05:13.159  1481  1592 D Dex2oatManagerService: Process died; UID 10191 PID 15776
05-10 15:05:13.167  1481  1698 W ActivityManager: setHasOverlayUi called on unknown pid: 15776
05-10 15:05:13.743  1481  2654 E TaskPersister: File error accessing recents directory (directory doesn't exist?).
05-10 15:05:13.768  1481  3525 V WindowManager: Changing focus from Window{a15c924 u0 com.oppo.logkit/com.oppo.logkit.main.OppoLogkitMainActivity} to Window{aba250d u0 loading}
05-10 15:05:13.771  1481  4112 D BluetoothManagerService: disable(): mBluetooth = android.bluetooth.IBluetooth$Stub$Proxy@6de91bc mBinding = false
05-10 15:05:13.771  1481  4112 D BluetoothManagerService: Persisting Bluetooth Setting: 0
05-10 15:05:13.773  1481  1481 V SettingsProvider: Notifying for 0: content://settings/global/bluetooth_on
05-10 15:05:13.773  1481  1481 W SettingsProvider: Failed to notify for 999: content://settings/global/bluetooth_on
05-10 15:05:13.773  1481  1481 W SettingsProvider: java.lang.SecurityException: Failed to find provider settings for user 999; expected to find a valid ContentProvider for this authority
05-10 15:05:13.773  1481  1481 W SettingsProvider: 	at com.android.server.content.ContentService.notifyChange(ContentService.java:472)
05-10 15:05:13.773  1481  1481 W SettingsProvider: 	at android.content.ContentResolver.notifyChange(ContentResolver.java:2246)
05-10 15:05:13.773  1481  1481 W SettingsProvider: 	at com.android.providers.settings.SettingsProvider$SettingsRegistry$MyHandler.handleMessage(SettingsProvider.java:3313)
05-10 15:05:13.773  1481  1481 W SettingsProvider: 	at android.os.Handler.dispatchMessage(Handler.java:106)
05-10 15:05:13.773  1481  1481 W SettingsProvider: 	at android.os.Looper.loop(Looper.java:227)
05-10 15:05:13.773  1481  1481 W SettingsProvider: 	at com.android.server.SystemServer.run(SystemServer.java:613)
05-10 15:05:13.773  1481  1481 W SettingsProvider: 	at com.android.server.SystemServer.main(SystemServer.java:440)
05-10 15:05:13.773  1481  1481 W SettingsProvider: 	at java.lang.reflect.Method.invoke(Native Method)
05-10 15:05:13.773  1481  1481 W SettingsProvider: 	at com.android.internal.os.RuntimeInit$MethodAndArgsCaller.run(RuntimeInit.java:575)
05-10 15:05:13.773  1481  1481 W SettingsProvider: 	at com.android.internal.os.ZygoteInit.main(ZygoteInit.java:883)
05-10 15:05:13.773  1481  1481 V SettingsProvider: Notifying for 999: content://settings/global/bluetooth_on
05-10 15:05:13.774  1481  1697 D BluetoothManagerService: MESSAGE_DISABLE: mBluetooth = android.bluetooth.IBluetooth$Stub$Proxy@6de91bc
05-10 15:05:13.781  1481  1697 D BluetoothManagerService: Sending off request.
05-10 15:05:13.850  1481  4112 V WindowManager: Changing focus from Window{aba250d u0 loading EXITING} to Window{a15c924 u0 com.oppo.logkit/com.oppo.logkit.main.OppoLogkitMainActivity}
05-10 15:05:13.857  1481  1697 D BluetoothManagerService: MESSAGE_BLUETOOTH_STATE_CHANGE: ON > TURNING_OFF
05-10 15:05:13.861  1481  1697 D BluetoothManagerService: Sending BLE State Change: ON > TURNING_OFF
05-10 15:05:13.873  1481  1697 D BluetoothManagerService: bluetoothStateChangeHandler() - Broadcast Adapter State: 12 > 13
05-10 15:05:14.051  1481  1697 D BluetoothManagerService: MESSAGE_BLUETOOTH_STATE_CHANGE: TURNING_OFF > BLE_ON
05-10 15:05:14.051  1481  1697 D BluetoothManagerService: Intermediate off, back to LE only mode
05-10 15:05:14.051  1481  1697 D BluetoothManagerService: Sending BLE State Change: TURNING_OFF > BLE_ON
05-10 15:05:14.052  1481  1697 D BluetoothManagerService: Broadcasting onBluetoothStateChange(false) to 14 receivers.
05-10 15:05:14.056  1481  1697 D BluetoothManagerService: Calling sendBrEdrDownCallback callbacks
05-10 15:05:14.056  1481  1697 D BluetoothManagerService: isBleAppPresent() count: 0
05-10 15:05:14.057  1481  1697 D BluetoothManagerService: bluetoothStateChangeHandler() - Broadcast Adapter State: 13 > 10
05-10 15:05:14.060  1481  1697 D BluetoothManagerService: MESSAGE_BLUETOOTH_STATE_CHANGE: BLE_ON > BLE_TURNING_OFF
05-10 15:05:14.060  1481  1697 D BluetoothManagerService: Sending BLE State Change: BLE_ON > BLE_TURNING_OFF
--------- beginning of main
05-10 15:05:14.062  8630  8630 D HeadsetProfile: Bluetooth service disconnected
05-10 15:05:14.063  2821  2987 D BluetoothActiveDeviceManager: handleMessage(MESSAGE_ADAPTER_ACTION_STATE_CHANGED): newState=10
05-10 15:05:14.064  2821  3466 I bt_btm  : btm_ble_clear_white_list_complete status=0
05-10 15:05:14.082  1481  1481 V SettingsProvider: Notifying for 0: content://settings/global/oppo_comm_bt_left_headset_battery
05-10 15:05:14.082  1481  1481 W SettingsProvider: Failed to notify for 999: content://settings/global/oppo_comm_bt_left_headset_battery
05-10 15:05:14.082  1481  1481 W SettingsProvider: java.lang.SecurityException: Failed to find provider settings for user 999; expected to find a valid ContentProvider for this authority
05-10 15:05:14.082  1481  1481 W SettingsProvider: 	at com.android.server.content.ContentService.notifyChange(ContentService.java:472)
05-10 15:05:14.082  1481  1481 W SettingsProvider: 	at android.content.ContentResolver.notifyChange(ContentResolver.java:2246)
05-10 15:05:14.082  1481  1481 W SettingsProvider: 	at com.android.providers.settings.SettingsProvider$SettingsRegistry$MyHandler.handleMessage(SettingsProvider.java:3313)
05-10 15:05:14.082  1481  1481 W SettingsProvider: 	at android.os.Handler.dispatchMessage(Handler.java:106)
05-10 15:05:14.082  1481  1481 W SettingsProvider: 	at android.os.Looper.loop(Looper.java:227)
05-10 15:05:14.082  1481  1481 W SettingsProvider: 	at com.android.server.SystemServer.run(SystemServer.java:613)
05-10 15:05:14.082  1481  1481 W SettingsProvider: 	at com.android.server.SystemServer.main(SystemServer.java:440)
05-10 15:05:14.082  1481  1481 W SettingsProvider: 	at java.lang.reflect.Method.invoke(Native Method)
05-10 15:05:14.082  1481  1481 W SettingsProvider: 	at com.android.internal.os.RuntimeInit$MethodAndArgsCaller.run(RuntimeInit.java:575)
05-10 15:05:14.082  1481  1481 W SettingsProvider: 	at com.android.internal.os.ZygoteInit.main(ZygoteInit.java:883)
05-10 15:05:14.082  1481  1481 V SettingsProvider: Notifying for 999: content://settings/global/oppo_comm_bt_left_headset_battery
05-10 15:05:14.084  2821  3520 D BluetoothPbapService: quitHandlerThread
05-10 15:05:14.089  2821  2821 I BluetoothFtpReceiver:  action :android.bluetooth.adapter.action.STATE_CHANGED
05-10 15:05:14.090  2821  2821 I BluetoothFtpReceiver: State :10
05-10 15:05:14.090  2821  2821 I BluetoothFtpReceiver: exit
05-10 15:05:14.109   766  3463 I vendor.qti.bluetooth@1.0-ibs_handler: ProcessIbsCmd: Received IBS_SLEEP_IND: 0xFE
05-10 15:05:14.144  1481  1481 V SettingsProvider: Notifying for 0: content://settings/global/oppo_comm_bt_right_headset_battery
05-10 15:05:14.145  1481  1481 W SettingsProvider: Failed to notify for 999: content://settings/global/oppo_comm_bt_right_headset_battery
05-10 15:05:14.145  1481  1481 W SettingsProvider: java.lang.SecurityException: Failed to find provider settings for user 999; expected to find a valid ContentProvider for this authority
05-10 15:05:14.145  1481  1481 W SettingsProvider: 	at com.android.server.content.ContentService.notifyChange(ContentService.java:472)
05-10 15:05:14.145  1481  1481 W SettingsProvider: 	at android.content.ContentResolver.notifyChange(ContentResolver.java:2246)
05-10 15:05:14.145  1481  1481 W SettingsProvider: 	at com.android.providers.settings.SettingsProvider$SettingsRegistry$MyHandler.handleMessage(SettingsProvider.java:3313)
05-10 15:05:14.145  1481  1481 W SettingsProvider: 	at android.os.Handler.dispatchMessage(Handler.java:106)
05-10 15:05:14.145  1481  1481 W SettingsProvider: 	at android.os.Looper.loop(Looper.java:227)
05-10 15:05:14.145  1481  1481 W SettingsProvider: 	at com.android.server.SystemServer.run(SystemServer.java:613)
05-10 15:05:14.145  1481  1481 W SettingsProvider: 	at com.android.server.SystemServer.main(SystemServer.java:440)
05-10 15:05:14.145  1481  1481 W SettingsProvider: 	at java.lang.reflect.Method.invoke(Native Method)
05-10 15:05:14.145  1481  1481 W SettingsProvider: 	at com.android.internal.os.RuntimeInit$MethodAndArgsCaller.run(RuntimeInit.java:575)
05-10 15:05:14.145  1481  1481 W SettingsProvider: 	at com.android.internal.os.ZygoteInit.main(ZygoteInit.java:883)
05-10 15:05:14.145  1481  1481 V SettingsProvider: Notifying for 999: content://settings/global/oppo_comm_bt_right_headset_battery
05-10 15:05:14.148  2821  2969 I bt_core_module: module_shut_down Shutting down module "btif_config_module"
05-10 15:05:14.182   846   949 W SurfaceFlinger: Attempting to set client state on removed layer: loading#0
05-10 15:05:14.182   846   949 W SurfaceFlinger: Attempting to destroy on removed layer: loading#0
05-10 15:05:14.192   846   846 D SurfaceFlinger: Client::detachLayer this 0x7352cbe880, layer sequence 11967 Surface(name=aba250d loading)/@0x1f0912f - animation-leash#1
05-10 15:05:14.192   846   846 D SurfaceFlinger: Client::detachLayer this 0x7352cbe880, layer sequence 11962 aba250d loading#0
05-10 15:05:14.192   846   846 D SurfaceFlinger: Client::detachLayer this 0x7352cbe880, layer sequence 11963 loading#0
05-10 15:05:14.193   846   950 W SurfaceFlinger: Attempting to set client state on removed layer: Dim Layer for - Task=872#0
05-10 15:05:14.193   846   950 W SurfaceFlinger: Attempting to destroy on removed layer: Dim Layer for - Task=872#0
05-10 15:05:14.194   846   846 D SurfaceFlinger: Client::detachLayer this 0x7356c5e000, layer sequence 11965 Dim Layer for - Task=872#0
05-10 15:05:14.208   846   846 D SurfaceFlinger: Client::detachLayer this 0x7356c5e000, layer sequence 11968 Surface(name=Dim Layer for - Task=872)/@0x49be8c5 - animation-leash#1
05-10 15:05:14.208  5066 22934 E EasyUnlock: [HostValidator] Invalid account list.
05-10 15:05:14.257  2821  3466 I bt_btif : bta_sys_event: Event 0x3
05-10 15:05:14.257  2821  3466 I bt_btif : bta_sys_sm_execute state:2, event:0x3
05-10 15:05:14.257  2821  3466 D bt_btif : bta_sys_hw_api_disable for 0, active modules: 0x0001
05-10 15:05:14.257  2821  3466 D bt_btif : bta_sys_disable: module 0
05-10 15:05:14.257  2821  3466 I bt_btif : bta_sys_event: Event 0x4
05-10 15:05:14.257  2821  3466 I bt_btif : bta_sys_sm_execute state:3, event:0x4
05-10 15:05:14.257  2821  3466 D bt_btif : bta_sys_hw_evt_disabled - module 0x0
05-10 15:05:14.257  2821  3466 D bt_btif : bta_dm_sys_hw_cback with event: 0
05-10 15:05:14.257  2821  2978 I bt_btif : btif_dm_upstreams_evt: ev: BTA_DM_DISABLE_EVT
05-10 15:05:14.257  2821  2978 I bt_btif_core: btif_disable_bluetooth_evt entered
05-10 15:05:14.257  2821  2978 D bt_btif : bte_main_disable
05-10 15:05:14.259   799   831 E ANDR-PERF-MPCTL: Invalid profile no. 0, total profiles 0 only
05-10 15:05:14.262  2821  2978 I bt_core_module: module_shut_down Shutting down module "hci_module"
05-10 15:05:14.262  2821  2978 I bt_hci  : hci_module_shut_down
05-10 15:05:14.262  2821  2978 I bt_hci  : hci_close
05-10 15:05:14.262   766   766 W vendor.qti.bluetooth@1.0-bluetooth_hci: BluetoothHci::close()
05-10 15:05:14.267   766   766 I vendor.qti.bluetooth@1.0-data_handler: Sending HCI Reset 
05-10 15:05:14.272   766  3463 I vendor.qti.bluetooth@1.0-ibs_handler: ProcessIbsCmd: Received IBS_WAKE_IND: 0xFD
05-10 15:05:14.272   766  3463 I vendor.qti.bluetooth@1.0-ibs_handler: ProcessIbsCmd: Writing IBS_WAKE_ACK
05-10 15:05:14.272   766  3463 W vendor.qti.bluetooth@1.0-data_handler: OnPacketReady: Received event for command sent internally: 03 0c 
05-10 15:05:14.272   766   766 W vendor.qti.bluetooth@1.0-data_handler: DataHandler::CleanUp()
05-10 15:05:14.272   766   766 D vendor.qti.bluetooth@1.0-data_handler: Close: Signal close to Diag interface
05-10 15:05:14.272   766   766 D vendor.qti.bluetooth@1.0-data_handler: Close: Wait for collecting crash dump to finish
05-10 15:05:14.272   766   766 I vendor.qti.bluetooth@1.0-data_handler: DataHandler:: init_status 3
05-10 15:05:14.272   766   766 I vendor.qti.bluetooth@1.0-data_handler: Sending Pre-shutdown command 
05-10 15:05:14.273   766  3463 W vendor.qti.bluetooth@1.0-data_handler: OnPacketReady: Received event for command sent internally: 08 fc 
05-10 15:05:14.273   766   766 D vendor.qti.bluetooth@1.0-uart_controller: UartController::Cleanup, soc_need_reload_patch=0
05-10 15:05:14.273   766   766 I vendor.qti.bluetooth@1.0-ibs_handler: DeviceSleep: TX Awake, Sending SLEEP_IND
05-10 15:05:14.273   766   766 D vendor.qti.bluetooth@1.0-ibs_handler: waitUntilSleepIndRecvd, begin
05-10 15:05:14.313   766  3463 I vendor.qti.bluetooth@1.0-ibs_handler: ProcessIbsCmd: Received IBS_SLEEP_IND: 0xFE
05-10 15:05:14.313   766  3463 D vendor.qti.bluetooth@1.0-ibs_handler: SerialClockVote: vote for UART CLK OFF
05-10 15:05:14.313   766   766 D vendor.qti.bluetooth@1.0-ibs_handler: waitUntilSleepIndRecvd, end, sleep_ind_recvd_=1
05-10 15:05:14.314   766   766 W vendor.qti.bluetooth@1.0-async_fd_watcher: StopThread: stopped the work thread
05-10 15:05:14.317   766   766 I vendor.qti.bluetooth@1.0-ibs_handler: ~IbsHandler
05-10 15:05:14.318   766   766 D vendor.qti.bluetooth@1.0-wake_lock: Release wakelock is released 
05-10 15:05:14.318   766   766 D vendor.qti.bluetooth@1.0-uart_transport: Disconnect: discard unsent data
05-10 15:05:14.318   766   766 D vendor.qti.bluetooth@1.0-uart_transport: CleanUp:> soc_type: 3, need_reload: 0
05-10 15:05:14.318   766   766 D vendor.qti.bluetooth@1.0-uart_transport: userial clock off
05-10 15:05:14.318   766   766 I vendor.qti.bluetooth@1.0-uart_transport: DeInitTransport: Transport is being closed!
05-10 15:05:14.329   766   766 W vendor.qti.bluetooth@1.0-data_handler: controller Cleanup done
05-10 15:05:14.329   766   766 I vendor.qti.bluetooth@1.0-data_handler: DataHandler:: joined Init thread 
05-10 15:05:14.329   766   766 D vendor.qti.bluetooth@1.0-wake_lock: CleanUp wakelock is destroyed 
05-10 15:05:14.329   766   766 W vendor.qti.bluetooth@1.0-bluetooth_hci: BluetoothHci::close, finish cleanup
05-10 15:05:14.332  2821  3204 W bt_osi_thread: run_thread: thread id 3204, thread name hci_thread exited
05-10 15:05:14.333  2821  2978 I bt_core_module: module_shut_down Shutdown of module "hci_module" completed
05-10 15:05:14.339  2821  2969 I bt_core_module: module_shut_down Shutdown of module "btif_config_module" completed
05-10 15:05:14.339  2821  2978 I bt_core_module: module_shut_down Shutting down module "btsnoop_module"
05-10 15:05:14.339  2821  3203 W bt_snoop_net: listen_fn_ exting from listen_fn_ thread 
05-10 15:05:14.341   799   831 E ANDR-PERF-RESOURCEQS: Failed to reset optimization [3, 0]
05-10 15:05:14.342  2821  2978 W bt_snoop_net: btsnoop_net_close stopped the btsnoop listen thread
05-10 15:05:14.342  2821  2978 I bt_core_module: module_shut_down Shutdown of module "btsnoop_module" completed
05-10 15:05:14.343  2821  2969 I bt_core_module: module_shut_down Shutting down module "device_iot_config_module"
05-10 15:05:14.343  2821  2969 I device_iot_config: shut_down
05-10 15:05:14.343  2821  2969 I device_iot_config: device_iot_config_write: evt=0
05-10 15:05:14.347  2821  2978 I bt_core_module: module_clean_up Cleaning up module "bte_logmsg_module"
05-10 15:05:14.347  2821  2978 I bt_core_module: module_clean_up Cleanup of module "bte_logmsg_module" completed
05-10 15:05:14.348  2821  3465 W bt_osi_thread: run_thread: thread id 3465, thread name bt_workqueue exited
05-10 15:05:14.348  2821  2978 I bt_btif_core: btif_disable_bluetooth_evt finished
05-10 15:05:14.355  2821  2969 I bt_core_module: module_shut_down Shutdown of module "device_iot_config_module" completed
05-10 15:05:14.355  2821  2969 I bt_core_module: module_shut_down Shutting down module "controller_module"
05-10 15:05:14.355  2821  2969 I bt_core_module: module_shut_down Shutdown of module "controller_module" completed
05-10 15:05:14.355  2821  2978 I bt_btif : HAL bt_hal_cbacks->adapter_state_changed_cb
05-10 15:05:14.355  2821  2978 D BluetoothAdapterService: stateChangeCallback: disableNative() completed
05-10 15:05:14.355  2821  2969 I bt_stack_manager: event_shut_down_stack finished
05-10 15:05:14.356  2821  2968 D AdapterProperties: onBleDisable
05-10 15:05:14.356  2821  2968 I bt_btif : btif_set_adapter_property type: 7, len 4, 0x85c2ba70
05-10 15:05:14.358  2821  2821 D BtGatt.DebugUtils: handleDebugAction() action=null
05-10 15:05:14.358  2821  2821 D BluetoothAdapterService: getAdapterService() - returning com.android.bluetooth.btservice.AdapterService@f8145a0
05-10 15:05:14.359  2821  2821 D GattService: : Received stop request...Stopping profile...
05-10 15:05:14.359  2821  2821 W bt_btif : GATTC Module not enabled/already disabled
05-10 15:05:14.359  2821  2821 W bt_btif : GATTS Module not enabled/already disabled
05-10 15:05:14.361  2821  2821 D BtGatt.CustomScanStrategy: CustomScanStrategy cleanup
05-10 15:05:14.364  2821  2821 D BtGatt.CustomScanStrategy: dont stopWatchWIFITraffic
05-10 15:05:14.364  2821  2821 D GattService:  profile stopped successfully
05-10 15:05:14.365  2821  2821 D BluetoothAdapterService: handleMessage() - Message: 1
05-10 15:05:14.365  2821  2821 D BluetoothAdapterService: handleMessage() - MESSAGE_PROFILE_SERVICE_STATE_CHANGED
05-10 15:05:14.365  2821  2821 W BluetoothAdapterService: onProfileServiceStateChange() - All profile services stopped..
05-10 15:05:14.365  2821  2821 D BluetoothAdapterService: handleMessage() - Message: 3
05-10 15:05:14.365  2821  2821 D BluetoothAdapterService: handleMessage() - MESSAGE_PROFILE_SERVICE_UNREGISTERED
05-10 15:05:14.366  2821  2968 I AdapterState: OFF : entered 
05-10 15:05:14.366  2821  2968 D AdapterProperties: Setting state to OFF
05-10 15:05:14.366  2821  2968 D BluetoothAdapterService: updateAdapterState() - Broadcasting state OFF to 1 receivers.
05-10 15:05:14.367  1481  1697 D BluetoothManagerService: MESSAGE_BLUETOOTH_STATE_CHANGE: BLE_TURNING_OFF > OFF
05-10 15:05:14.367  1481  1697 D BluetoothManagerService: Bluetooth is complete send Service Down
05-10 15:05:14.367  1481  1697 D BluetoothManagerService: Broadcasting onBluetoothServiceDown() to 20 receivers.
05-10 15:05:14.368  2821  2837 D BluetoothAdapter: onBluetoothServiceDown: com.android.bluetooth.btservice.AdapterService$AdapterServiceBinder@af24ca6
05-10 15:05:14.368 23847 24043 D BluetoothAdapter: onBluetoothServiceDown: android.bluetooth.IBluetooth$Stub$Proxy@bc9c71d
05-10 15:05:14.368  2821  2837 D BluetoothAdapter: onBluetoothServiceDown: Sending callbacks to 1 clients
05-10 15:05:14.368 23847 24043 D BluetoothAdapter: onBluetoothServiceDown: Sending callbacks to 0 clients
05-10 15:05:14.368  8630 28239 D BluetoothAdapter: onBluetoothServiceDown: android.bluetooth.IBluetooth$Stub$Proxy@3856901
05-10 15:05:14.368 23847 24043 D BluetoothAdapter: onBluetoothServiceDown: Finished sending callbacks to registered clients
05-10 15:05:14.368  2821  2837 D BluetoothAdapter: onBluetoothServiceDown: Finished sending callbacks to registered clients
05-10 15:05:14.368  8630 28239 D BluetoothAdapter: onBluetoothServiceDown: Sending callbacks to 1 clients
05-10 15:05:14.368  4625  8561 D BluetoothAdapter: onBluetoothServiceDown: android.bluetooth.IBluetooth$Stub$Proxy@ff4704c
05-10 15:05:14.369  4625  8561 D BluetoothAdapter: onBluetoothServiceDown: Sending callbacks to 0 clients
05-10 15:05:14.369  4625  8561 D BluetoothAdapter: onBluetoothServiceDown: Finished sending callbacks to registered clients
05-10 15:05:14.369  7298 11461 D BluetoothAdapter: onBluetoothServiceDown: android.bluetooth.IBluetooth$Stub$Proxy@1a4e53b
05-10 15:05:14.369  7298 11461 D BluetoothAdapter: onBluetoothServiceDown: Sending callbacks to 0 clients
05-10 15:05:14.369  7298 11461 D BluetoothAdapter: onBluetoothServiceDown: Finished sending callbacks to registered clients
05-10 15:05:14.369  5066  2309 D BluetoothAdapter: onBluetoothServiceDown: android.bluetooth.IBluetooth$Stub$Proxy@c680fb6
05-10 15:05:14.369  5066  2309 D BluetoothAdapter: onBluetoothServiceDown: Sending callbacks to 0 clients
05-10 15:05:14.369  5066  2309 D BluetoothAdapter: onBluetoothServiceDown: Finished sending callbacks to registered clients
05-10 15:05:14.370 32712 32764 D BluetoothAdapter: onBluetoothServiceDown: android.bluetooth.IBluetooth$Stub$Proxy@4b90e87
05-10 15:05:14.370 32712 32764 D BluetoothAdapter: onBluetoothServiceDown: Sending callbacks to 0 clients
05-10 15:05:14.370 31825 31907 I chatty  : uid=1000(system) Binder:31825_3 expire 3 lines
05-10 15:05:14.370 32712 32764 D BluetoothAdapter: onBluetoothServiceDown: Finished sending callbacks to registered clients
05-10 15:05:14.370  4526  4537 D BluetoothAdapter: onBluetoothServiceDown: android.bluetooth.IBluetooth$Stub$Proxy@e1daa43
05-10 15:05:14.370  8906  8932 D BluetoothAdapter: onBluetoothServiceDown: android.bluetooth.IBluetooth$Stub$Proxy@c4ed9f0
05-10 15:05:14.370  8906  8932 D BluetoothAdapter: onBluetoothServiceDown: Sending callbacks to 0 clients
05-10 15:05:14.370  4526  4537 D BluetoothAdapter: onBluetoothServiceDown: Sending callbacks to 0 clients
05-10 15:05:14.370  4526  4537 D BluetoothAdapter: onBluetoothServiceDown: Finished sending callbacks to registered clients
05-10 15:05:14.370  8906  8932 D BluetoothAdapter: onBluetoothServiceDown: Finished sending callbacks to registered clients
05-10 15:05:14.370  7630  8171 D BluetoothAdapter: onBluetoothServiceDown: android.bluetooth.IBluetooth$Stub$Proxy@428d203
05-10 15:05:14.370  7799  7813 D BluetoothAdapter: onBluetoothServiceDown: android.bluetooth.IBluetooth$Stub$Proxy@a1a81b5
05-10 15:05:14.370  7630  8171 D BluetoothAdapter: onBluetoothServiceDown: Sending callbacks to 0 clients
05-10 15:05:14.370  7630  8171 D BluetoothAdapter: onBluetoothServiceDown: Finished sending callbacks to registered clients
05-10 15:05:14.370  7799  7813 D BluetoothAdapter: onBluetoothServiceDown: Sending callbacks to 0 clients
05-10 15:05:14.370  3089 14858 D BluetoothAdapter: onBluetoothServiceDown: android.bluetooth.IBluetooth$Stub$Proxy@6beb841
05-10 15:05:14.370  7799  7813 D BluetoothAdapter: onBluetoothServiceDown: Finished sending callbacks to registered clients
05-10 15:05:14.371  3089 14858 D BluetoothAdapter: onBluetoothServiceDown: Sending callbacks to 0 clients
05-10 15:05:14.371  3089 14858 D BluetoothAdapter: onBluetoothServiceDown: Finished sending callbacks to registered clients
05-10 15:05:14.371 25538 25556 D BluetoothAdapter: onBluetoothServiceDown: android.bluetooth.IBluetooth$Stub$Proxy@dcbbdd2
05-10 15:05:14.371  4141  4160 D BluetoothAdapter: onBluetoothServiceDown: android.bluetooth.IBluetooth$Stub$Proxy@b91e16
05-10 15:05:14.371 25538 25556 D BluetoothAdapter: onBluetoothServiceDown: Sending callbacks to 0 clients
05-10 15:05:14.371 25538 25556 D BluetoothAdapter: onBluetoothServiceDown: Finished sending callbacks to registered clients
05-10 15:05:14.371 23870 24315 D BluetoothAdapter: onBluetoothServiceDown: android.bluetooth.IBluetooth$Stub$Proxy@81d1aa0
05-10 15:05:14.371  4141  4160 D BluetoothAdapter: onBluetoothServiceDown: Sending callbacks to 0 clients
05-10 15:05:14.371 23870 24315 D BluetoothAdapter: onBluetoothServiceDown: Sending callbacks to 1 clients
05-10 15:05:14.371  8769  8784 D BluetoothAdapter: onBluetoothServiceDown: android.bluetooth.IBluetooth$Stub$Proxy@160c27e
05-10 15:05:14.371  4141  4160 D BluetoothAdapter: onBluetoothServiceDown: Finished sending callbacks to registered clients
05-10 15:05:14.371 23870 24315 D BluetoothAdapter: onBluetoothServiceDown: Finished sending callbacks to registered clients
05-10 15:05:14.371  8769  8784 D BluetoothAdapter: onBluetoothServiceDown: Sending callbacks to 0 clients
05-10 15:05:14.371 18196 18209 D BluetoothAdapter: onBluetoothServiceDown: android.bluetooth.IBluetooth$Stub$Proxy@c3f371c
05-10 15:05:14.371  8769  8784 D BluetoothAdapter: onBluetoothServiceDown: Finished sending callbacks to registered clients
05-10 15:05:14.371 18196 18209 D BluetoothAdapter: onBluetoothServiceDown: Sending callbacks to 0 clients
05-10 15:05:14.371 18196 18209 D BluetoothAdapter: onBluetoothServiceDown: Finished sending callbacks to registered clients
05-10 15:05:14.372  5369  6118 D BluetoothAdapter: onBluetoothServiceDown: android.bluetooth.IBluetooth$Stub$Proxy@539e5cb
05-10 15:05:14.372  8630 28239 D BluetoothAdapter: onBluetoothServiceDown: Finished sending callbacks to registered clients
05-10 15:05:14.372  5369  6118 D BluetoothAdapter: onBluetoothServiceDown: Sending callbacks to 0 clients
05-10 15:05:14.372  5369  6118 D BluetoothAdapter: onBluetoothServiceDown: Finished sending callbacks to registered clients
05-10 15:05:14.373  1481  1697 D BluetoothManagerService: unbindAndFinish(): android.bluetooth.IBluetooth$Stub$Proxy@6de91bc mBinding = false mUnbinding = false
05-10 15:05:14.375  2821  2821 W BluetoothAdapterService: onUnbind, calling cleanup
05-10 15:05:14.375  2821  2821 D BluetoothAdapterService: cleanup()
05-10 15:05:14.384  1481  1697 D BluetoothManagerService: Sending BLE State Change: BLE_TURNING_OFF > OFF
05-10 15:05:14.403  2821  2821 W BluetoothSdpJni: Cleaning up Bluetooth SDP Interface...
05-10 15:05:14.403  2821  2821 D bt_btif : Sdp Search deinit
05-10 15:05:14.403  2821  2821 D bt_btif : Sdp Server sdp_server_cleanup
05-10 15:05:14.403  2821  2821 D bt_btif : btif_disable_service: Current Services:0x0
05-10 15:05:14.403  2821  2821 W BluetoothSdpJni: Cleaning up Bluetooth SDP object
05-10 15:05:14.403  2821  2821 D BluetoothAdapterService: cleanup() - Cleaning up adapter native
05-10 15:05:14.403  2821  2969 I bt_stack_manager: event_clean_up_stack is cleaning up the stack
05-10 15:05:14.403  2821  2969 I bt_btif_core: btif_cleanup_bluetooth entered
05-10 15:05:14.403  2821  2969 D bt_btm  : BTM_BleGetVendorCapabilities
05-10 15:05:14.403  2821  2969 I bt_btm  : btm_ble_batchscan_cleanup
05-10 15:05:14.403  2821  2969 D bt_btif : btif_jni_disassociate Disassociating thread from JVM
05-10 15:05:14.403  2821  2969 I bt_btif : HAL bt_hal_cbacks->thread_evt_cb
05-10 15:05:14.403  2821  2969 E BluetoothServiceJni: Callback: 'callback_thread_event' is not called on the correct thread
05-10 15:05:14.403  2821  2969 I bt_btif_queue: btif_queue_release
05-10 15:05:14.404  2821  2978 I bt_btif_core: run_message_loop finished
05-10 15:05:14.404  2821  2978 W bt_osi_thread: run_thread: thread id 2978, thread name bt_jni_workqueue exited
05-10 15:05:14.404  2821  2969 I bt_core_module: module_clean_up Cleaning up module "stack_config_module"
05-10 15:05:14.405  2821  2969 I bt_core_module: module_clean_up Cleanup of module "stack_config_module" completed
05-10 15:05:14.405  2821  2969 I bt_core_module: module_clean_up Cleaning up module "interop_module"
05-10 15:05:14.417  2821  2969 I bt_core_module: module_clean_up Cleanup of module "interop_module" completed
05-10 15:05:14.417  2821  2969 I bt_core_module: module_clean_up Cleaning up module "profile_config_module"
05-10 15:05:14.418  2821  2969 I bt_core_module: module_clean_up Cleanup of module "profile_config_module" completed
05-10 15:05:14.418  2821  2969 I bt_btif_core: btif_cleanup_bluetooth finished
05-10 15:05:14.418  2821  2969 I bt_core_module: module_clean_up Cleaning up module "btif_config_module"
05-10 15:05:14.771  2821  2969 I bt_core_module: module_clean_up Cleanup of module "btif_config_module" completed
05-10 15:05:14.772  2821  2969 I bt_core_module: module_clean_up Cleaning up module "device_iot_config_module"
05-10 15:05:14.772  2821  2969 I device_iot_config: clean_up
05-10 15:05:14.772  2821  2969 I bt_core_module: module_clean_up Cleanup of module "device_iot_config_module" completed
05-10 15:05:14.772  2821  2969 I bt_core_module: module_clean_up Cleaning up module "bt_utils_module"
05-10 15:05:14.772  2821  2969 I bt_core_module: module_clean_up Cleanup of module "bt_utils_module" completed
05-10 15:05:14.772  2821  2969 I bt_core_module: module_clean_up Cleaning up module "osi_module"
05-10 15:05:14.772  2821  2974 D bt_osi_alarm: callback_dispatch Callback thread exited
05-10 15:05:14.772  2821  2974 W bt_osi_thread: run_thread: thread id 2974, thread name alarm_dispatcher exited
05-10 15:05:14.773  2821  2973 W bt_osi_thread: run_thread: thread id 2973, thread name alarm_default_ca exited
05-10 15:05:14.773  2821  2969 I bt_core_module: module_clean_up Cleanup of module "osi_module" completed
05-10 15:05:14.773  2821  2969 I bt_stack_manager: event_clean_up_stack finished
05-10 15:05:14.773  2821  2821 I BluetoothServiceJni: cleanupNative: return from cleanup
05-10 15:05:14.777  2821  2821 W BluetoothVendorJni: Cleaning up Bluetooth Vendor Interface...
05-10 15:05:14.777  2821  2821 I bt_btif_vendor: cleanup
05-10 15:05:14.777  2821  2821 W BluetoothVendorJni: Cleaning up Bluetooth Vendor callback object
05-10 15:05:14.778  2821  2821 W BluetoothVendorSocketJni: Cleaning up Bluetooth Vendor Interface...
05-10 15:05:14.778  2821  2821 I bt_btif_vendor_socket: cleanup
05-10 15:05:14.778  2821  2821 W BluetoothVendorSocketJni: Cleaning up Bluetooth Vendor callback object
05-10 15:05:14.778  2821  2821 D BluetoothActiveDeviceManager: cleanup()
05-10 15:05:14.779  2821  2821 D BluetoothAdapterService: onDestroy()
05-10 15:05:14.781  2821  2821 I BluetoothAdapterService: Force exit to cleanup internal state in Bluetooth stack
05-10 15:05:14.787  2821  2821 I droid.bluetoot: System.exit called, status: 0
05-10 15:05:14.787  2821  2821 I AndroidRuntime: VM exiting with result code 0, cleanup skipped.
05-10 15:05:14.824  1481  3524 I ActivityManager: Process com.android.bluetooth (pid 2821) has died: fore SVC 
05-10 15:05:14.824  1481  1601 I chatty  : uid=1000(system) ActivityManager expire 3 lines
05-10 15:05:14.825  1481  3524 W ActivityManager: app.persistent false app.isolated false app.removed false app ProcessRecord{697623a 2821:com.android.bluetooth/1002}
05-10 15:05:14.825  1481  1592 D Dex2oatManagerService: Process died; UID 1002 PID 2821
05-10 15:05:14.826   710   710 I Zygote  : Process 2821 exited cleanly (0)
05-10 15:05:15.572   709   739 E NetlinkEvent: NetlinkEvent::FindParam(): Parameter 'INTERFACE' not found
05-10 15:05:15.572   709   739 E NetlinkEvent: NetlinkEvent::FindParam(): Parameter 'STATE' not found
05-10 15:05:15.572   709   739 E NetlinkEvent: NetlinkEvent::FindParam(): Parameter 'TIME_NS' not found
05-10 15:05:15.572   709   739 E NetlinkEvent: NetlinkEvent::FindParam(): Parameter 'UID' not found
05-10 15:05:15.968  1481  1727 W ActivityManager: preloadAction is 0, starting intent = act=android.intent.action.MAIN cmp=com.oppo.logkit/.settings.OppoLogkitSettingsActivity
05-10 15:05:15.969  1481  1727 I ActivityManager: START u0 {act=android.intent.action.MAIN cmp=com.oppo.logkit/.settings.OppoLogkitSettingsActivity} from uid 1000 and from pid 31825
05-10 15:05:15.969 30762 30773 W elsa    : WARNING  resume: not support for uid:1000
05-10 15:05:15.982  1481  3524 I ActivityManager: handleActivitySwitch the same packageName!
05-10 15:05:15.982  1481  2566 I MotorManagerService: notifyActivityChanged: mBackgroudPkg = com.oppo.logkit mFocusPkg = com.oppo.logkit mIsSplitMode = false mBackActivity = com.oppo.logkit.main.OppoLogkitMainActivity mFocusActivity = com.oppo.logkit.settings.OppoLogkitSettingsActivity
05-10 15:05:15.983  1481  3524 D DEBUG_VISIBILITY: mOccluded:false lastOccluded:false
05-10 15:05:15.984  1481  3524 D DEBUG_VISIBILITY: mOccluded:false lastOccluded:false
05-10 15:05:15.987  1481  3524 V WindowManager: Changing focus from Window{a15c924 u0 com.oppo.logkit/com.oppo.logkit.main.OppoLogkitMainActivity} to null
05-10 15:05:15.988  1481  3524 D DEBUG_VISIBILITY: mOccluded:false lastOccluded:false
05-10 15:05:15.990  1481  3524 D DEBUG_VISIBILITY: mOccluded:false lastOccluded:false
05-10 15:05:16.043  1481  3524 V WindowManager: Changing focus from null to Window{b3a12a u0 com.oppo.logkit/com.oppo.logkit.settings.OppoLogkitSettingsActivity}
05-10 15:05:16.077  8630  8630 E PhoneState: iconId is 0android.widget.ImageView{d2222f8 G.ED..... ......I. 0,0-15,42 #7f0900e3 app:id/data_inout}
05-10 15:05:16.080  1481  1598 I ActivityManager: Start proc 852:com.ss.android.article.lite/u0a191 for embryo com.ss.android.article.lite
05-10 15:05:16.080  1481  1598 I chatty  : uid=1000(system) ActivityManager expire 1 line
05-10 15:05:16.085   852   852 W id.article.lit: Using default instruction set features for ARM CPU variant (cortex-a9) using conservative defaults
05-10 15:05:16.088   852   852 E id.article.lit: Not starting debugger since process cannot load the jdwp agent.
05-10 15:05:16.103  1481  1727 I chatty  : uid=1000(system) Binder:1481_4 expire 1 line
05-10 15:05:16.110   852   884 I id.article.lit: The ClassLoaderContext is a special shared library.
05-10 15:05:16.116   846   950 W DispPerfService: onFrameAvailable: sequence=11971 com.oppo.logkit/com.oppo.logkit.settings.OppoLogkitSettingsActivity#0 (31825,-1)
05-10 15:05:16.117   852   884 I id.article.lit: The ClassLoaderContext is a special shared library.
05-10 15:05:16.122  1481  2153 I chatty  : uid=1000(system) android.anim expire 16 lines
05-10 15:05:16.135   852   884 W id.article.lit: resources.arsc in APK '/data/app/com.ss.android.article.lite-Cc30bsHEPTBium8GBvpoaQ==/base.apk' is compressed.
05-10 15:05:16.141  1481  2154 I chatty  : uid=1000(system) android.anim.lf expire 296 lines
05-10 15:05:16.150  1481  3524 D DEBUG_VISIBILITY: mOccluded:false lastOccluded:false
05-10 15:05:16.151   852   852 D Embryo  : preload com.ss.android.article.lite, 7ms, hwui=true, layout=false, decor=false
05-10 15:05:16.154   852   889 D OpenGLRenderer: Skia GL Pipeline
05-10 15:05:16.154   852   889 D MMListParser: onlineVersion -1 defaultVersion 20190227
05-10 15:05:16.155   846   950 D DispPerfService: getHint applicationScene=com.ss.android.article.lite, idx=0 none
05-10 15:05:16.441  1481  2153 V WindowManager: adjustNotShowWallpaperByOppo: false
05-10 15:05:16.444  1481  2153 I WindowManager: handleOpeningSpecialApp (statusbar != null ) true pkg: com.oppo.launcher start: 4
05-10 15:05:16.445  1481  2153 V WindowManager: adjustNotShowWallpaperByOppo: false
05-10 15:05:16.447  1481  1591 D DEBUG_VISIBILITY: mOccluded:false lastOccluded:false
05-10 15:05:16.457   846   846 D SurfaceFlinger: Client::detachLayer this 0x7356c5e000, layer sequence 11972 Surface(name=AppWindowToken{77698c4 token=Token{a21d7d7 ActivityRecord{9532b56 u0 com.oppo.logkit/.main.OppoLogkitMainActivity t872}}})/@0x893baf4 - animation-leash#0
05-10 15:05:16.458   846   846 D SurfaceFlinger: Client::detachLayer this 0x7356c5e000, layer sequence 11973 Surface(name=AppWindowToken{463911e token=Token{a47159 ActivityRecord{8b611a0 u0 com.oppo.logkit/.settings.OppoLogkitSettingsActivity t872}}})/@0x735cdf7 - animation-leash#0
05-10 15:05:16.491   846   846 D SurfaceFlinger: Client::detachLayer this 0x7352cbe880, layer sequence 11958 com.oppo.logkit/com.oppo.logkit.main.OppoLogkitMainActivity#0
05-10 15:05:17.191  1481  3524 W ActivityManager: preloadAction is 0, starting intent = act=oppo.intent.action.SETTINGS_MAIN cmp=com.oppo.logkit/.settings.BTSettingsActivity
05-10 15:05:17.193  1481  3524 I ActivityManager: START u0 {act=oppo.intent.action.SETTINGS_MAIN cmp=com.oppo.logkit/.settings.BTSettingsActivity} from uid 1000 and from pid 31825
05-10 15:05:17.193 30762 30773 W elsa    : WARNING  resume: not support for uid:1000
05-10 15:05:17.205  1481  3524 I ActivityManager: handleActivitySwitch the same packageName!
05-10 15:05:17.205  1481  2566 I MotorManagerService: notifyActivityChanged: mBackgroudPkg = com.oppo.logkit mFocusPkg = com.oppo.logkit mIsSplitMode = false mBackActivity = com.oppo.logkit.settings.OppoLogkitSettingsActivity mFocusActivity = com.oppo.logkit.settings.BTSettingsActivity
05-10 15:05:17.205   799   831 E ANDR-PERF-MPCTL: Invalid profile no. 0, total profiles 0 only
05-10 15:05:17.206  1481  3524 D DEBUG_VISIBILITY: mOccluded:false lastOccluded:false
05-10 15:05:17.207  1481  3524 D DEBUG_VISIBILITY: mOccluded:false lastOccluded:false
05-10 15:05:17.211  1481  3524 V WindowManager: Changing focus from Window{b3a12a u0 com.oppo.logkit/com.oppo.logkit.settings.OppoLogkitSettingsActivity} to null
05-10 15:05:17.212  1481  3524 D DEBUG_VISIBILITY: mOccluded:false lastOccluded:false
05-10 15:05:17.214  1481  3524 D DEBUG_VISIBILITY: mOccluded:false lastOccluded:false
05-10 15:05:17.254  1481  3524 V WindowManager: Changing focus from null to Window{ce67be8 u0 com.oppo.logkit/com.oppo.logkit.settings.BTSettingsActivity}
05-10 15:05:17.282   846  3318 W DispPerfService: onFrameAvailable: sequence=11976 com.oppo.logkit/com.oppo.logkit.settings.BTSettingsActivity#0 (31825,-1)
05-10 15:05:17.299  1481  3524 D DEBUG_VISIBILITY: mOccluded:false lastOccluded:false
05-10 15:05:17.446  1481  1591 D DEBUG_VISIBILITY: mOccluded:false lastOccluded:false
05-10 15:05:17.491  1030  1075 D         : power_monitor cpu0-gold-usr: open fail -1
05-10 15:05:17.491  1030  1073 D         : thermal_monitor msm_therm: open fail -1
05-10 15:05:17.491  1030  1073 D         : thermal_monitor gpu0-usr: open fail -1
05-10 15:05:17.491  1030  1073 D         : thermal_monitor cpu0-gold-usr: open fail -1
05-10 15:05:17.607  1481  2153 V WindowManager: adjustNotShowWallpaperByOppo: false
05-10 15:05:17.609  1481  2153 I WindowManager: handleOpeningSpecialApp (statusbar != null ) true pkg: com.oppo.launcher start: 4
05-10 15:05:17.610  1481  2153 V WindowManager: adjustNotShowWallpaperByOppo: false
05-10 15:05:17.614  1481  1591 D DEBUG_VISIBILITY: mOccluded:false lastOccluded:false
05-10 15:05:17.623   846   846 D SurfaceFlinger: Client::detachLayer this 0x7356c5e000, layer sequence 11977 Surface(name=AppWindowToken{463911e token=Token{a47159 ActivityRecord{8b611a0 u0 com.oppo.logkit/.settings.OppoLogkitSettingsActivity t872}}})/@0x735cdf7 - animation-leash#0
05-10 15:05:17.623   846   846 D SurfaceFlinger: Client::detachLayer this 0x7356c5e000, layer sequence 11978 Surface(name=AppWindowToken{5d9bfc token=Token{b284ef ActivityRecord{5a47dce u0 com.oppo.logkit/.settings.BTSettingsActivity t872}}})/@0x94022e7 - animation-leash#0
05-10 15:05:17.640   846   846 D SurfaceFlinger: Client::detachLayer this 0x7352cbe880, layer sequence 11971 com.oppo.logkit/com.oppo.logkit.settings.OppoLogkitSettingsActivity#0
05-10 15:05:17.988 31825   896 I chatty  : uid=1000(system) AsyncTask #3 expire 1 line
05-10 15:05:18.306 31825 31825 D RUtils  : isRUtilsEnable oppo.service.rutils.enable = 1!
05-10 15:05:18.306 31825 31825 D RUtils  : waitForRUtilsEnable OK!
05-10 15:05:18.306 31825 31825 E         : android_rutils_RUtils :: bArrSize = 47 
05-10 15:05:18.352 31825 31825 D RUtils  : isRUtilsEnable oppo.service.rutils.enable = 1!
05-10 15:05:18.353 31825 31825 D RUtils  : waitForRUtilsEnable OK!
05-10 15:05:18.353 31825 31825 E         : android_rutils_RUtils :: bArrSize = 29 
05-10 15:05:18.391 31825 31825 V DeviceLogCollectorData:  initConfigData : sensor
05-10 15:05:18.391 31825 31825 V DeviceLogCollectorData:  initConfigData : modem_custom
05-10 15:05:18.391 31825 31825 V DeviceLogCollectorData:  initConfigData : modem_voice
05-10 15:05:18.391 31825 31825 V DeviceLogCollectorData:  initConfigData : modem_simcard
05-10 15:05:18.391 31825 31825 V DeviceLogCollectorData:  initConfigData : modem_data
05-10 15:05:18.391 31825 31825 V DeviceLogCollectorData:  initConfigData : modem_rf
05-10 15:05:18.391 31825 31825 V DeviceLogCollectorData:  initConfigData : wifi
05-10 15:05:18.391 31825 31825 V DeviceLogCollectorData:  initConfigData : audio
05-10 15:05:18.391 31825 31825 V DeviceLogCollectorData:  initConfigData : gps
05-10 15:05:18.391 31825 31825 V DeviceLogCollectorData:  initConfigData : bluetooth
05-10 15:05:18.391 31825 31825 V DeviceLogCollectorData: device : bluetooth
05-10 15:05:18.402 31825 31825 V DeviceLogCollectorData: nrt:false size:300 mask:bluetooth num:20 enable:1
05-10 15:05:18.403 31825 31825 D LogConfigManager: update data LogCollectorParameter{logCollectorName='DeviceLogCollector', functionName='setDeviceLogType', mParams=bluetooth}
05-10 15:05:18.403 31825 31913 D LogCoreService: handle receive msg 10004
05-10 15:05:18.403 31825 31913 D LogConfigManager: writeLogConfig mConfigFilePath /data/oppo/log/temp_log_config.xml
05-10 15:05:18.403 31825 31825 D DeviceLogCollector: setDumpSwitchType bluetooth
05-10 15:05:18.406 31825   899 D XmlDomWriter: LogConfigInfoData is LogConfigInfoData{ mVersion='1.0', mLogTime='null', mLogDate='2017-06-19-164532', mRebootFlag='on', mLogCountDownTime='null', mLogModuleName='default', mTitle='null', mLogOwner='null', mIsNotifier='true', mIsSatusBar='true', mLogLimit='-1'}
05-10 15:05:18.417 31825 31825 I Choreographer: Skipped 6 frames!  The application may be doing too much work on its main thread.
05-10 15:05:18.434 31825 31913 D LogCoreService: handle receive msg 10002
05-10 15:05:18.440 31825 31913 D LogConfigManager: encodeTempConfingFile uid 1000
05-10 15:05:18.912   795   795 V LocSvc_HIDL_IzatSubscription: [batteryLevelUpdate][772] [HS] <<<<= [HC]
05-10 15:05:18.916 11035 11035 D Cloud.DeviceStatusDispatcher: DeviceStatusDispatcher.Receiver action=android.intent.action.BATTERY_CHANGED
05-10 15:05:18.916 11035 11035 D Cloud.BatteryStatusUtil: isCharging false
05-10 15:05:18.983 30852 30874 D MsgLruCacheLog: BEFORE_SCAN
05-10 15:05:18.984 30852 30874 D MsgLruCacheLog: AFTER_SCAN, isChanged: false
05-10 15:05:19.201  7526  7557 W Settings: Setting airplane_mode_on has moved from android.provider.Settings.System to android.provider.Settings.Global, returning read-only value.
05-10 15:05:19.422   782 31701 E sensors-hal: handle_sns_client_event:83, device_orient_event: ts=125474676265808, type=0
05-10 15:05:17.671  1481  1591 D DEBUG_VISIBILITY: mOccluded:false lastOccluded:false
05-10 15:05:19.423  1481  1592 D WindowOrientationListener: scheduleRotationEvaluationLocked: ignoring, user is still touching the screen.
05-10 15:05:19.424  1481  1592 V WindowOrientationListener: onSensorChanged mDesiredRotation = 0 newRotation = -1
05-10 15:05:19.483  1481  3518 I ActivityManager: handleActivitySwitch the same packageName!
05-10 15:05:19.484  1481  2566 I MotorManagerService: notifyActivityChanged: mBackgroudPkg = com.oppo.logkit mFocusPkg = com.oppo.logkit mIsSplitMode = false mBackActivity = com.oppo.logkit.settings.BTSettingsActivity mFocusActivity = com.oppo.logkit.settings.OppoLogkitSettingsActivity
05-10 15:05:19.488  1481  3518 V WindowManager: Changing focus from Window{ce67be8 u0 com.oppo.logkit/com.oppo.logkit.settings.BTSettingsActivity} to null
05-10 15:05:19.493  1481  3518 D DEBUG_VISIBILITY: mOccluded:false lastOccluded:false
05-10 15:05:19.512 31825 31825 I Choreographer: Skipped 1 frames!  The application may be doing too much work on its main thread.
05-10 15:05:19.501  1481  3518 I chatty  : uid=1000(system) Binder:1481_C identical 2 lines
05-10 15:05:19.505  1481  3518 D DEBUG_VISIBILITY: mOccluded:false lastOccluded:false
05-10 15:05:19.532  1481  1727 V WindowManager: Changing focus from null to Window{b3a12a u0 com.oppo.logkit/com.oppo.logkit.settings.OppoLogkitSettingsActivity}
05-10 15:05:19.537  1481  2654 E TaskPersister: File error accessing recents directory (directory doesn't exist?).
05-10 15:05:19.565   846  3318 W DispPerfService: onFrameAvailable: sequence=11979 com.oppo.logkit/com.oppo.logkit.settings.OppoLogkitSettingsActivity#0 (31825,-1)
05-10 15:05:19.584  1481  3524 D DEBUG_VISIBILITY: mOccluded:false lastOccluded:false
05-10 15:05:19.890  1481  2503 I chatty  : uid=1000(system) WifiStateMachin expire 2 lines
05-10 15:05:19.890  1481  1591 D DEBUG_VISIBILITY: mOccluded:false lastOccluded:false
05-10 15:05:19.891  1481  2153 V WindowManager: adjustNotShowWallpaperByOppo: false
05-10 15:05:19.894  1481  2153 I WindowManager: handleOpeningSpecialApp (statusbar != null ) true pkg: com.oppo.launcher start: 4
05-10 15:05:19.895  1481  2153 V WindowManager: adjustNotShowWallpaperByOppo: false
05-10 15:05:19.902 31825 31825 D BTSettingsActivity: finish activity
05-10 15:05:19.906   846   846 D SurfaceFlinger: Client::detachLayer this 0x7356c5e000, layer sequence 11981 Surface(name=AppWindowToken{463911e token=Token{a47159 ActivityRecord{8b611a0 u0 com.oppo.logkit/.settings.OppoLogkitSettingsActivity t872}}})/@0x735cdf7 - animation-leash#0
05-10 15:05:19.906   846   846 D SurfaceFlinger: Client::detachLayer this 0x7352cbe880, layer sequence 11976 com.oppo.logkit/com.oppo.logkit.settings.BTSettingsActivity#0
05-10 15:05:19.906   846   846 D SurfaceFlinger: Client::detachLayer this 0x7356c5e000, layer sequence 11980 Surface(name=AppWindowToken{5d9bfc token=Token{b284ef ActivityRecord{5a47dce u0 com.oppo.logkit/.settings.BTSettingsActivity t872}}})/@0x94022e7 - animation-leash#0
05-10 15:05:19.922   846   846 D SurfaceFlinger: Client::detachLayer this 0x7352cbe880, layer sequence 11975 ce67be8 com.oppo.logkit/com.oppo.logkit.settings.BTSettingsActivity#0
05-10 15:05:19.931 30852 30873 D BatteryStats.BgCpu: bgPrintCpuCostSofar msfrecv=1224[30908],   fts=2419[31004]
05-10 15:05:19.939   846   846 D SurfaceFlinger: Client::detachLayer this 0x7356c5e000, layer sequence 11974 AppWindowToken{5d9bfc token=Token{b284ef ActivityRecord{5a47dce u0 com.oppo.logkit/.settings.BTSettingsActivity t872}}}#0
05-10 15:05:19.965  1481  1592 V WindowOrientationListener: Runnable mRotationEvaluator newRotation : 0
05-10 15:05:20.014   782 31701 E sensors-hal: handle_sns_client_event:83, device_orient_event: ts=125475318852787, type=4
05-10 15:05:20.015  1481  1592 V WindowOrientationListener: onSensorChanged mDesiredRotation = 4
05-10 15:05:21.394 31825 31825 D ViewRootImpl: swipeFromBottom mIgnoring true downY 2339 mScreenHeight 2340 mStatusBarHeight 54 globalScale 1.125
05-10 15:05:21.396  1481  1592 V TaskTapPointerEventListener: isSwipeFromBottom true motionEventMotionEvent { action=ACTION_DOWN, actionButton=0, id[0]=0, x[0]=895.0, y[0]=2339.0, toolType[0]=TOOL_TYPE_FINGER, buttonState=0, metaState=0, flags=0x0, edgeFlags=0x0, pointerCount=1, historySize=0, eventTime=56785375, downTime=56785375, deviceId=7, source=0x1002 }
05-10 15:05:21.478  1481  1727 I ActivityManager: handleActivitySwitch the same packageName!
05-10 15:05:21.478  1481  2566 I MotorManagerService: notifyActivityChanged: mBackgroudPkg = com.oppo.logkit mFocusPkg = com.oppo.logkit mIsSplitMode = false mBackActivity = com.oppo.logkit.settings.OppoLogkitSettingsActivity mFocusActivity = com.oppo.logkit.main.OppoLogkitMainActivity
05-10 15:05:21.483  1481  1727 V WindowManager: Changing focus from Window{b3a12a u0 com.oppo.logkit/com.oppo.logkit.settings.OppoLogkitSettingsActivity} to null
05-10 15:05:21.488  1481  1727 D DEBUG_VISIBILITY: mOccluded:false lastOccluded:false
05-10 15:05:21.505 31825 31825 I Choreographer: Skipped 2 frames!  The application may be doing too much work on its main thread.
05-10 15:05:21.521 31825 31825 V OppoLogkitMainActivity: getService() : com.oppo.logkit.service.E@3d3ddba
05-10 15:05:21.521 31825 31825 D LogCoreService: mLogStatusCallback has already exist
05-10 15:05:21.521 31825 31825 D LogCoreService: registerLogStatusCallback : com.oppo.logkit.main.G@6a0446b
05-10 15:05:21.521 31825 31825 E DeviceLogCollectorData: getData basicMultiValueMap is BasicMultiValueMap{mSource=
05-10 15:05:21.521 31825 31825 E DeviceLogCollectorData: 	 [type :  [bluetooth, 300, 20, false, on, 9]]
05-10 15:05:21.521 31825 31825 E DeviceLogCollectorData: 	}
05-10 15:05:21.522 31825 31825 D HwUpdatePreference: basicMultiValueMap BasicMultiValueMap{mSource=
05-10 15:05:21.522 31825 31825 D HwUpdatePreference: 	 [type :  [bluetooth, 300, 20, false, on, 9]]
05-10 15:05:21.522 31825 31825 D HwUpdatePreference: 	}
05-10 15:05:21.522 31825 31825 V HwUpdatePreference: qxdm name = 蓝牙 mQxdm : null
05-10 15:05:21.522 31825 31825 V OppoLogkitMainActivity: onResume
05-10 15:05:21.522 31825 31825 E OppoLogkitMainActivity: checkRomUpdateBroadCastSend intent is null
05-10 15:05:21.522 31825 31825 V OppoLogkitMainActivity: ice_debug_log, switchConfigPre 0
05-10 15:05:21.522 31825 31825 V OppoLogkitMainActivity: ice_debug_log, user
05-10 15:05:21.522 31825 31825 D OppoLogkitMainActivity: reFreshMain
05-10 15:05:21.522 31825 31825 V OppoLogkitMainActivity: mLoggingPre!=null
05-10 15:05:21.522 31825 31825 V HwUpdatePreference: remove mTickCb
05-10 15:05:21.522 31825 31825 V StartTimer: remove cb : com.oppo.logkit.main.b@d2702c false
05-10 15:05:21.522 31825 31825 V StartTimer: mCbs size : 0
05-10 15:05:21.522 31825 31825 V OppoLogkitMainActivity: switchToIdleScreen : 
05-10 15:05:21.522 31825 31825 D OppoLogkitMainActivity: removeServerLogPerference
05-10 15:05:21.522 31825 31825 V OppoLogkitMainActivity: initColorMarkPreference-------------------1
05-10 15:05:21.522 31825 31825 V OppoLogkitMainActivity: mListMark.size()  8
05-10 15:05:21.522 31825 31825 V OppoLogkitMainActivity: set config i = 0
05-10 15:05:21.522 31825 31825 V OppoLogkitMainActivity: initColorMarkPreference-------------------1
