07-09 09:27:18.842   796  1043 D msm8974_platform: platform_set_snd_device_backend: hw_interface_table[109] = TX_CDC_DMA_TX_3
07-09 09:27:18.842   796  1043 D msm8974_platform: platform_set_snd_device_backend: backend_tag_table[voice-speaker-qmic]: old = null new = (null)
07-09 09:27:18.842   796  1043 D msm8974_platform: platform_set_snd_device_backend: hw_interface_table[110] = TX_CDC_DMA_TX_3
07-09 09:27:18.842   796  1043 D msm8974_platform: platform_set_snd_device_backend: backend_tag_table[voice-tty-full-headset-mic]: old = null new = (null)
07-09 09:27:18.842   796  1043 D msm8974_platform: platform_set_snd_device_backend: hw_interface_table[111] = TX_CDC_DMA_TX_3
07-09 09:27:18.842   796  1043 D msm8974_platform: platform_set_snd_device_backend: backend_tag_table[voice-tty-vco-handset-mic]: old = null new = (null)
07-09 09:27:18.842   796  1043 D msm8974_platform: platform_set_snd_device_backend: hw_interface_table[112] = TX_CDC_DMA_TX_3
07-09 09:27:18.842   796  1043 D msm8974_platform: platform_set_snd_device_backend: backend_tag_table[voice-tty-hco-headset-mic]: old = null new = (null)
07-09 09:27:18.843   796  1043 D msm8974_platform: platform_set_snd_device_backend: hw_interface_table[113] = TX_CDC_DMA_TX_3
07-09 09:27:18.843   796  1043 D msm8974_platform: platform_set_snd_device_backend: backend_tag_table[voice-rec-mic]: old = null new = (null)
07-09 09:27:18.843   796  1043 D msm8974_platform: platform_set_snd_device_backend: hw_interface_table[116] = TX_CDC_DMA_TX_3
07-09 09:27:18.843   796  1043 D msm8974_platform: platform_set_snd_device_backend: backend_tag_table[voice-rec-mic]: old = null new = (null)
07-09 09:27:18.843   796  1043 D msm8974_platform: platform_set_snd_device_backend: hw_interface_table[117] = TX_CDC_DMA_TX_3
07-09 09:27:18.843   796  1043 D msm8974_platform: platform_set_snd_device_backend: backend_tag_table[voice-rec-dmic-ef]: old = null new = (null)
07-09 09:27:18.843   796  1043 D msm8974_platform: platform_set_snd_device_backend: hw_interface_table[118] = TX_CDC_DMA_TX_3
07-09 09:27:18.843   796  1043 D msm8974_platform: platform_set_snd_device_backend: backend_tag_table[voice-rec-dmic-ef-fluence]: old = null new = (null)
07-09 09:27:18.843   796  1043 D msm8974_platform: platform_set_snd_device_backend: hw_interface_table[119] = TX_CDC_DMA_TX_3
07-09 09:27:18.843   796  1043 D msm8974_platform: platform_set_snd_device_backend: backend_tag_table[aanc-handset-mic]: old = null new = (null)
07-09 09:27:18.843   796  1043 D msm8974_platform: platform_set_snd_device_backend: hw_interface_table[131] = TX_CDC_DMA_TX_3
07-09 09:27:18.843   796  1043 D msm8974_platform: platform_set_snd_device_backend: backend_tag_table[quad-mic]: old = null new = (null)
07-09 09:27:18.843  1328  2030 I PackageParser: Parse times for '/system/priv-app/CarrierServices': parse=156ms, update_cache=4 ms
07-09 09:27:18.843   796  1043 D msm8974_platform: platform_set_snd_device_backend: hw_interface_table[132] = TX_CDC_DMA_TX_3
07-09 09:27:18.843  1328  2030 D ColorRemovableAppManager: package com.google.android.ims is unremovable
07-09 09:27:18.843   796  1043 D msm8974_platform: platform_set_snd_device_backend: backend_tag_table[handset-stereo-dmic-ef]: old = null new = (null)
07-09 09:27:18.843   796  1043 D msm8974_platform: platform_set_snd_device_backend: hw_interface_table[133] = TX_CDC_DMA_TX_3
07-09 09:27:18.843   796  1043 D msm8974_platform: platform_set_snd_device_backend: backend_tag_table[speaker-stereo-dmic-ef]: old = null new = (null)
07-09 09:27:18.843   796  1043 D msm8974_platform: platform_set_snd_device_backend: hw_interface_table[134] = TX_CDC_DMA_TX_3
07-09 09:27:18.843   796  1043 D msm8974_platform: platform_set_snd_device_backend: backend_tag_table[vi-feedback]: old = null new = (null)
07-09 09:27:18.843   796  1043 D msm8974_platform: platform_set_snd_device_backend: hw_interface_table[135] = WSA_CDC_DMA_TX_0
07-09 09:27:18.843   796  1043 D msm8974_platform: platform_set_snd_device_backend: backend_tag_table[vi-feedback-mono-1]: old = null new = (null)
07-09 09:27:18.843   796  1043 D msm8974_platform: platform_set_snd_device_backend: hw_interface_table[136] = WSA_CDC_DMA_TX_0
07-09 09:27:18.843  1328  2030 E PackageManager_MultiTaskDealer: Failed to scan /system/priv-app/CarrierServices: PackageManagerCommonSoft system fiter this app by name
07-09 09:27:18.843   796  1043 D msm8974_platform: platform_set_snd_device_backend: backend_tag_table[vi-feedback-mono-2]: old = null new = (null)
07-09 09:27:18.844   796  1043 D msm8974_platform: platform_set_snd_device_backend: hw_interface_table[137] = WSA_CDC_DMA_TX_0
07-09 09:27:18.844   796  1043 D msm8974_platform: platform_set_snd_device_backend: backend_tag_table[voice-speaker-dmic-broadside]: old = null new = (null)
07-09 09:27:18.844   796  1043 D msm8974_platform: platform_set_snd_device_backend: hw_interface_table[138] = TX_CDC_DMA_TX_3
07-09 09:27:18.844   796  1043 D msm8974_platform: platform_set_snd_device_backend: backend_tag_table[speaker-dmic-broadside]: old = null new = (null)
07-09 09:27:18.844   796  1043 D msm8974_platform: platform_set_snd_device_backend: hw_interface_table[139] = TX_CDC_DMA_TX_3
07-09 09:27:18.844   796  1043 D msm8974_platform: platform_set_snd_device_backend: backend_tag_table[speaker-dmic-broadside]: old = null new = (null)
07-09 09:27:18.844   796  1043 D msm8974_platform: platform_set_snd_device_backend: hw_interface_table[140] = TX_CDC_DMA_TX_3
07-09 09:27:18.844   796  1043 D msm8974_platform: platform_set_snd_device_backend: backend_tag_table[speaker-dmic-broadside]: old = null new = (null)
07-09 09:27:18.844   796  1043 D msm8974_platform: platform_set_snd_device_backend: hw_interface_table[141] = TX_CDC_DMA_TX_3
07-09 09:27:18.844   796  1043 D msm8974_platform: platform_set_snd_device_backend: backend_tag_table[speaker-dmic-broadside]: old = null new = (null)
07-09 09:27:18.844   796  1043 D msm8974_platform: platform_set_snd_device_backend: hw_interface_table[142] = TX_CDC_DMA_TX_3
07-09 09:27:18.844   796  1043 D msm8974_platform: platform_set_snd_device_backend: backend_tag_table[aanc-handset-mic]: old = null new = (null)
07-09 09:27:18.844   796  1043 D msm8974_platform: platform_set_snd_device_backend: hw_interface_table[143] = TX_CDC_DMA_TX_3
07-09 09:27:18.844   796  1043 D msm8974_platform: platform_set_snd_device_backend: backend_tag_table[quad-mic]: old = null new = (null)
07-09 09:27:18.844   796  1043 D msm8974_platform: platform_set_snd_device_backend: hw_interface_table[144] = TX_CDC_DMA_TX_3
07-09 09:27:18.844   796  1043 D msm8974_platform: platform_set_snd_device_backend: backend_tag_table[quad-mic]: old = null new = (null)
07-09 09:27:18.844   796  1043 D msm8974_platform: platform_set_snd_device_backend: hw_interface_table[145] = TX_CDC_DMA_TX_3
07-09 09:27:18.844   796  1043 D msm8974_platform: platform_set_snd_device_backend: backend_tag_table[quad-mic]: old = null new = (null)
07-09 09:27:18.844   796  1043 D msm8974_platform: platform_set_snd_device_backend: hw_interface_table[146] = TX_CDC_DMA_TX_3
07-09 09:27:18.844   796  1043 D msm8974_platform: platform_set_snd_device_backend: backend_tag_table[quad-mic]: old = null new = (null)
07-09 09:27:18.844   796  1043 D msm8974_platform: platform_set_snd_device_backend: hw_interface_table[147] = TX_CDC_DMA_TX_3
07-09 09:27:18.845   796  1043 D msm8974_platform: platform_set_snd_device_backend: backend_tag_table[three-mic]: old = null new = (null)
07-09 09:27:18.845   796  1043 D msm8974_platform: platform_set_snd_device_backend: hw_interface_table[149] = TX_CDC_DMA_TX_3
07-09 09:27:18.845   796  1043 D msm8974_platform: platform_set_snd_device_backend: backend_tag_table[three-mic]: old = null new = (null)
07-09 09:27:18.845   796  1043 D msm8974_platform: platform_set_snd_device_backend: hw_interface_table[150] = TX_CDC_DMA_TX_3
07-09 09:27:18.845   796  1043 D msm8974_platform: platform_set_snd_device_backend: backend_tag_table[three-mic]: old = null new = (null)
07-09 09:27:18.845   796  1043 D msm8974_platform: platform_set_snd_device_backend: hw_interface_table[151] = TX_CDC_DMA_TX_3
07-09 09:27:18.845   796  1043 D msm8974_platform: platform_set_snd_device_backend: backend_tag_table[three-mic]: old = null new = (null)
07-09 09:27:18.845   796  1043 D msm8974_platform: platform_set_snd_device_backend: hw_interface_table[152] = TX_CDC_DMA_TX_3
07-09 09:27:18.845   796  1043 D msm8974_platform: platform_set_snd_device_backend: backend_tag_table[three-mic]: old = null new = (null)
07-09 09:27:18.845   796  1043 D msm8974_platform: platform_set_snd_device_backend: hw_interface_table[153] = TX_CDC_DMA_TX_3
07-09 09:27:18.845   796  1043 D msm8974_platform: platform_set_snd_device_backend: backend_tag_table[three-mic]: old = null new = (null)
07-09 09:27:18.845   796  1043 D msm8974_platform: platform_set_snd_device_backend: hw_interface_table[154] = TX_CDC_DMA_TX_3
07-09 09:27:18.845   796  1043 D msm8974_platform: platform_set_snd_device_backend: backend_tag_table[three-mic]: old = null new = (null)
07-09 09:27:18.845   796  1043 D msm8974_platform: platform_set_snd_device_backend: hw_interface_table[158] = TX_CDC_DMA_TX_3
07-09 09:27:18.845   796  1043 D msm8974_platform: platform_set_snd_device_backend: backend_tag_table[unprocessed-mic]: old = null new = (null)
07-09 09:27:18.845   796  1043 D msm8974_platform: platform_set_snd_device_backend: hw_interface_table[159] = TX_CDC_DMA_TX_3
07-09 09:27:18.845   796  1043 D msm8974_platform: platform_set_snd_device_backend: backend_tag_table[unprocessed-stereo-mic]: old = null new = (null)
07-09 09:27:18.845   796  1043 D msm8974_platform: platform_set_snd_device_backend: hw_interface_table[160] = TX_CDC_DMA_TX_3
07-09 09:27:18.845   796  1043 D msm8974_platform: platform_set_snd_device_backend: backend_tag_table[unprocessed-three-mic]: old = null new = (null)
07-09 09:27:18.845   796  1043 D msm8974_platform: platform_set_snd_device_backend: hw_interface_table[161] = TX_CDC_DMA_TX_3
07-09 09:27:18.845   796  1043 D msm8974_platform: platform_set_snd_device_backend: backend_tag_table[unprocessed-quad-mic]: old = null new = (null)
07-09 09:27:18.845   796  1043 D msm8974_platform: platform_set_snd_device_backend: hw_interface_table[162] = TX_CDC_DMA_TX_3
07-09 09:27:18.845   796  1043 D msm8974_platform: platform_set_snd_device_backend: backend_tag_table[unprocessed-headset-mic]: old = null new = (null)
07-09 09:27:18.845   796  1043 D msm8974_platform: platform_set_snd_device_backend: hw_interface_table[163] = TX_CDC_DMA_TX_3
07-09 09:27:18.846   796  1043 E msm8974_platform: find_index: Could not find index for name = SND_DEVICE_OUT_VOICE_SPEAKER_AND_VOICE_HEADPHONES
07-09 09:27:18.846   796  1043 E platform_info: process_backend_name: Device SND_DEVICE_OUT_VOICE_SPEAKER_AND_VOICE_HEADPHONES not found, no ACDB ID set!
07-09 09:27:18.846   796  1043 E msm8974_platform: find_index: Could not find index for name = SND_DEVICE_OUT_VOICE_SPEAKER_AND_VOICE_ANC_HEADSET
07-09 09:27:18.846   796  1043 E platform_info: process_backend_name: Device SND_DEVICE_OUT_VOICE_SPEAKER_AND_VOICE_ANC_HEADSET not found, no ACDB ID set!
07-09 09:27:18.846   796  1043 D msm8974_platform: platform_set_snd_device_backend: backend_tag_table[speaker-and-bt-sco]: old = null new = speaker-and-bt-sco
07-09 09:27:18.846   796  1043 D msm8974_platform: platform_set_snd_device_backend: hw_interface_table[31] = TERT_MI2S_RX-and-SLIMBUS_7_RX
07-09 09:27:18.846   796  1043 D msm8974_platform: platform_set_snd_device_backend: backend_tag_table[speaker-and-bt-sco-wb]: old = null new = speaker-and-bt-sco-wb
07-09 09:27:18.846   796  1043 D msm8974_platform: platform_set_snd_device_backend: hw_interface_table[32] = TERT_MI2S_RX-and-SLIMBUS_7_RX
07-09 09:27:18.846   796  1043 D msm8974_platform: platform_set_snd_device_backend: backend_tag_table[voice-dmic-ef]: old = null new = (null)
07-09 09:27:18.846   796  1043 D msm8974_platform: platform_set_snd_device_backend: hw_interface_table[180] = TX_CDC_DMA_TX_3
07-09 09:27:18.846   796  1043 D msm8974_platform: platform_set_snd_device_backend: backend_tag_table[voice-speaker-dmic-ef]: old = null new = (null)
07-09 09:27:18.846   796  1043 D msm8974_platform: platform_set_snd_device_backend: hw_interface_table[181] = TX_CDC_DMA_TX_3
07-09 09:27:18.846   796  1043 D msm8974_platform: platform_set_snd_device_backend: backend_tag_table[voice-headset-mic]: old = null new = (null)
07-09 09:27:18.846   796  1043 D msm8974_platform: platform_set_snd_device_backend: hw_interface_table[182] = TX_CDC_DMA_TX_3
07-09 09:27:18.846   796  1043 D msm8974_platform: platform_set_snd_device_backend: backend_tag_table[voice-headset-mic]: old = null new = (null)
07-09 09:27:18.846   796  1043 D msm8974_platform: platform_set_snd_device_backend: hw_interface_table[183] = TX_CDC_DMA_TX_3
07-09 09:27:18.846   796  1043 D msm8974_platform: platform_set_snd_device_backend: backend_tag_table[handset-stereo-dmic-ef-weixin]: old = null new = (null)
07-09 09:27:18.846   796  1043 D msm8974_platform: platform_set_snd_device_backend: hw_interface_table[173] = TX_CDC_DMA_TX_3
07-09 09:27:18.846   796  1043 D msm8974_platform: platform_set_snd_device_backend: backend_tag_table[mmi-speaker]: old = speaker new = (null)
07-09 09:27:18.846   796  1043 D msm8974_platform: platform_set_snd_device_backend: hw_interface_table[78] = TERT_MI2S_RX
07-09 09:27:18.846   796  1043 D msm8974_platform: platform_set_snd_device_backend: backend_tag_table[handset]: old = null new = (null)
07-09 09:27:18.846   796  1043 D msm8974_platform: platform_set_snd_device_backend: hw_interface_table[77] = RX_CDC_DMA_RX_0
07-09 09:27:18.846   796  1043 D msm8974_platform: platform_set_snd_device_backend: backend_tag_table[handset]: old = null new = (null)
07-09 09:27:18.847   796  1043 D msm8974_platform: platform_set_snd_device_backend: hw_interface_table[79] = RX_CDC_DMA_RX_0
07-09 09:27:18.847   796  1043 D msm8974_platform: platform_set_snd_device_backend: backend_tag_table[main-mic-test]: old = null new = (null)
07-09 09:27:18.847   796  1043 D msm8974_platform: platform_set_snd_device_backend: hw_interface_table[187] = TX_CDC_DMA_TX_3
07-09 09:27:18.847   796  1043 D msm8974_platform: platform_set_snd_device_backend: backend_tag_table[sec-mic-test]: old = null new = (null)
07-09 09:27:18.847   796  1043 D msm8974_platform: platform_set_snd_device_backend: hw_interface_table[188] = TX_CDC_DMA_TX_3
07-09 09:27:18.847   796  1043 D msm8974_platform: platform_set_snd_device_backend: backend_tag_table[anc-mic-test]: old = null new = (null)
07-09 09:27:18.847   796  1043 D msm8974_platform: platform_set_snd_device_backend: hw_interface_table[189] = TX_CDC_DMA_TX_3
07-09 09:27:18.847   796  1043 D msm8974_platform: platform_set_snd_device_backend: backend_tag_table[mmi-mic-record]: old = null new = (null)
07-09 09:27:18.847   796  1043 D msm8974_platform: platform_set_snd_device_backend: hw_interface_table[190] = TX_CDC_DMA_TX_3
07-09 09:27:18.847   796  1043 D msm8974_platform: platform_set_snd_device_backend: backend_tag_table[mmi-anc-mic-record]: old = null new = (null)
07-09 09:27:18.847   796  1043 D msm8974_platform: platform_set_snd_device_backend: hw_interface_table[191] = TX_CDC_DMA_TX_3
07-09 09:27:18.847   796  1043 D msm8974_platform: platform_set_snd_device_backend: backend_tag_table[headset-mic-ktv]: old = ktv-afe new = (null)
07-09 09:27:18.847   796  1043 D msm8974_platform: platform_set_snd_device_backend: hw_interface_table[174] = TX_CDC_DMA_TX_3
07-09 09:27:18.848   796  1043 E msm8974_platform: find_index: Could not find index for name = SND_DEVICE_IN_VOICE_REC_MIC_AEC_NS
07-09 09:27:18.848   796  1043 E platform_info: process_snd_dev: Sound device not valid
07-09 09:27:18.848   796  1043 E platform_info: start_tag: Error in previous tags, do not process mic info
07-09 09:27:18.848   796  1043 E msm8974_platform: find_index: Could not find index for name = SND_DEVICE_IN_VOICE_REC_MIC_AEC
07-09 09:27:18.848   796  1043 E platform_info: process_snd_dev: Sound device not valid
07-09 09:27:18.848   796  1043 E platform_info: start_tag: Error in previous tags, do not process mic info
07-09 09:27:18.848   796  1043 E msm8974_platform: find_index: Could not find index for name = SND_DEVICE_IN_VOICE_DMIC_TMUS
07-09 09:27:18.848   796  1043 E platform_info: process_snd_dev: Sound device not valid
07-09 09:27:18.848   796  1043 E platform_info: start_tag: Error in previous tags, do not process mic info
07-09 09:27:18.848   796  1043 E platform_info: start_tag: Error in previous tags, do not process mic info
07-09 09:27:18.849   796  1043 E msm8974_platform: find_index: Could not find index for name = SND_DEVICE_IN_HANDSET_DMIC_STEREO
07-09 09:27:18.849   796  1043 E platform_info: process_snd_dev: Sound device not valid
07-09 09:27:18.849   796  1043 E platform_info: start_tag: Error in previous tags, do not process mic info
07-09 09:27:18.849   796  1043 E platform_info: start_tag: Error in previous tags, do not process mic info
07-09 09:27:18.849   796  1043 E msm8974_platform: find_index: Could not find index for name = SND_DEVICE_IN_SPEAKER_DMIC_STEREO
07-09 09:27:18.849   796  1043 E platform_info: process_snd_dev: Sound device not valid
07-09 09:27:18.849   796  1043 E platform_info: start_tag: Error in previous tags, do not process mic info
07-09 09:27:18.849   796  1043 I chatty  : uid=1041(audioserver) HwBinder:796_1 identical 1 line
07-09 09:27:18.850   796  1043 E platform_info: start_tag: Error in previous tags, do not process mic info
07-09 09:27:18.870  2067  2067 D         : face hwbinder service starting
07-09 09:27:18.870  2067  2067 D faced.FaceRusNativeData: FaceRusNativeData create success, mHacknessThreshold = 0.950000
07-09 09:27:18.872  2067  2067 E face_hidl: face sdk version=ST_v3.3.11 PRO
07-09 09:27:18.872  2067  2067 D face_hidl: FaceDaemonProxy created ok
07-09 09:27:18.872  2067  2067 D face_hidl: face_hidl::init
07-09 09:27:18.873  2067  2067 D QSEECOMAPI: QSEECom_get_handle sb_length = 0x80
07-09 09:27:18.873  2067  2067 D QSEECOMAPI: App is not loaded in QSEE
07-09 09:27:18.873  2067  2067 D QSEECOMAPI: app_arch = 1, total_files = 9
07-09 09:27:18.874  2067  2067 E ion     : ioctl c0044901 failed with code -1: Not a typewriter
07-09 09:27:18.894   796  1043 D platform_info: platform_info_init: Failed to open /vendor/etc/audio_platform_info.xml, using defaults.
07-09 09:27:18.895   796  1043 D ACDB-LOADER: getProjectNameFromFile project:19031
07-09 09:27:18.895   796  1043 D ACDB-LOADER: get_exp_acdb_dir operator:5, oppo_exp_acdbdir:
07-09 09:27:18.897   796  1043 D ACDB-LOADER: ACDB -> Load file: /vendor/etc/acdbdata/19031/Bluetooth_cal.acdb
07-09 09:27:18.897   796  1043 D ACDB-LOADER: ACDB -> Load file: /vendor/etc/acdbdata/19031/Codec_cal.acdb
07-09 09:27:18.897   796  1043 D ACDB-LOADER: ACDB -> Load file: /vendor/etc/acdbdata/19031/General_cal.acdb
07-09 09:27:18.897   796  1043 D ACDB-LOADER: ACDB -> Load file: /vendor/etc/acdbdata/19031/Global_cal.acdb
07-09 09:27:18.897   796  1043 D ACDB-LOADER: ACDB -> Load file: /vendor/etc/acdbdata/19031/Handset_cal.acdb
07-09 09:27:18.897   796  1043 D ACDB-LOADER: ACDB -> Load file: /vendor/etc/acdbdata/19031/Hdmi_cal.acdb
07-09 09:27:18.897   796  1043 D ACDB-LOADER: ACDB -> Load file: /vendor/etc/acdbdata/19031/Headset_cal.acdb
07-09 09:27:18.898   796  1043 D ACDB-LOADER: ACDB -> Load file: /vendor/etc/acdbdata/19031/Speaker_cal.acdb
07-09 09:27:18.899   796  1043 D ACDB-LOADER: ACDB -> Load file: /vendor/etc/acdbdata/19031/workspaceFile.qwsp
07-09 09:27:18.899   796  1043 D ACDB-LOADER: ACDB -> ACDB_CMD_INITIALIZE_V2
07-09 09:27:18.901   796  1043 D         : [ACDB Command]->SW Minor/Major/Revision version info for /vendor/etc/acdbdata/19031/Bluetooth_cal.acdb
07-09 09:27:18.901   796  1043 D         : [ACDB Command]->ACDB Sw Major = 10, ACDB Sw Minor = 0, ACDB Sw Revision = 9, ACDB Sw Cpl Number = 0
07-09 09:27:18.901   796  1043 D         : [ACDB Command]->ACDB File Major = 12, ACDB File Minor = 0, ACDB File Revision = 3, ACDB File Cpl Number = 0
07-09 09:27:18.901  2067  2067 D QSEECOMAPI: Loaded image: APP id = 14
07-09 09:27:18.902  1240  1570 I ServiceManager: Waiting for service 'package_native' on '/dev/binder'...
07-09 09:27:18.904   796  1043 D         : [ACDB Command]->SW Minor/Major/Revision version info for /vendor/etc/acdbdata/19031/Codec_cal.acdb
07-09 09:27:18.904   796  1043 D         : [ACDB Command]->ACDB Sw Major = 10, ACDB Sw Minor = 0, ACDB Sw Revision = 9, ACDB Sw Cpl Number = 0
07-09 09:27:18.904   796  1043 D         : [ACDB Command]->ACDB File Major = 12, ACDB File Minor = 0, ACDB File Revision = 3, ACDB File Cpl Number = 0
07-09 09:27:18.907   796  1043 D         : [ACDB Command]->SW Minor/Major/Revision version info for /vendor/etc/acdbdata/19031/General_cal.acdb
07-09 09:27:18.907   796  1043 D         : [ACDB Command]->ACDB Sw Major = 10, ACDB Sw Minor = 0, ACDB Sw Revision = 9, ACDB Sw Cpl Number = 0
07-09 09:27:18.908   796  1043 D         : [ACDB Command]->ACDB File Major = 12, ACDB File Minor = 0, ACDB File Revision = 3, ACDB File Cpl Number = 0
07-09 09:27:18.910   796  1043 D         : [ACDB Command]->SW Minor/Major/Revision version info for /vendor/etc/acdbdata/19031/Global_cal.acdb
07-09 09:27:18.910   796  1043 D         : [ACDB Command]->ACDB Sw Major = 10, ACDB Sw Minor = 0, ACDB Sw Revision = 9, ACDB Sw Cpl Number = 0
07-09 09:27:18.910   796  1043 D         : [ACDB Command]->ACDB File Major = 12, ACDB File Minor = 0, ACDB File Revision = 3, ACDB File Cpl Number = 0
07-09 09:27:18.910  2067  2067 D face_hidl: open_log   0
07-09 09:27:18.910  2067  2067 D face_hidl: open_log   1
07-09 09:27:18.910  2067  2067 D face_hidl.SenseTimeEngine: SenseTimeEngine create
07-09 09:27:18.910  2067  2067 D face_hidl.Handler: HandlerThread create
07-09 09:27:18.911  2067  2067 D face_hidl.Handler: mHandlerThread run, result = 0
07-09 09:27:18.911  2067  2067 D face_hidl.Handler: Handler create success
07-09 09:27:18.913  2067  2067 I ServiceManagement: Removing namespace from process name vendor.oppo.hardware.biometrics.face@1.0-service to face@1.0-service.
07-09 09:27:18.917   796  1043 D         : [ACDB Command]->SW Minor/Major/Revision version info for /vendor/etc/acdbdata/19031/Handset_cal.acdb
07-09 09:27:18.917   796  1043 D         : [ACDB Command]->ACDB Sw Major = 10, ACDB Sw Minor = 0, ACDB Sw Revision = 9, ACDB Sw Cpl Number = 0
07-09 09:27:18.917   796  1043 D         : [ACDB Command]->ACDB File Major = 12, ACDB File Minor = 0, ACDB File Revision = 3, ACDB File Cpl Number = 0
07-09 09:27:18.920   796  1043 D         : [ACDB Command]->SW Minor/Major/Revision version info for /vendor/etc/acdbdata/19031/Hdmi_cal.acdb
07-09 09:27:18.920   796  1043 D         : [ACDB Command]->ACDB Sw Major = 10, ACDB Sw Minor = 0, ACDB Sw Revision = 9, ACDB Sw Cpl Number = 0
07-09 09:27:18.920   796  1043 D         : [ACDB Command]->ACDB File Major = 12, ACDB File Minor = 0, ACDB File Revision = 3, ACDB File Cpl Number = 0
07-09 09:27:18.921  2067  2067 D         : Add face to ServiceManager ok, pid = 2067
07-09 09:27:18.922  2067  2067 D face_hidl: notifyInitFinished(pid = 2067)
07-09 09:27:18.924   796  1043 D         : [ACDB Command]->SW Minor/Major/Revision version info for /vendor/etc/acdbdata/19031/Headset_cal.acdb
07-09 09:27:18.924   796  1043 D         : [ACDB Command]->ACDB Sw Major = 10, ACDB Sw Minor = 0, ACDB Sw Revision = 9, ACDB Sw Cpl Number = 0
07-09 09:27:18.925   796  1043 D         : [ACDB Command]->ACDB File Major = 12, ACDB File Minor = 0, ACDB File Revision = 3, ACDB File Cpl Number = 0
07-09 09:27:18.926  2067  2067 I ServiceManagement: getService: Trying again for android.frameworks.faceservice@1.0::IFaceHalService/faceservice...
07-09 09:27:18.932   796  1043 D         : [ACDB Command]->SW Minor/Major/Revision version info for /vendor/etc/acdbdata/19031/Speaker_cal.acdb
07-09 09:27:18.932   796  1043 D         : [ACDB Command]->ACDB Sw Major = 10, ACDB Sw Minor = 0, ACDB Sw Revision = 9, ACDB Sw Cpl Number = 0
07-09 09:27:18.932   796  1043 D         : [ACDB Command]->ACDB File Major = 12, ACDB File Minor = 0, ACDB File Revision = 3, ACDB File Cpl Number = 0
07-09 09:27:18.944   796  1043 D         : [ACDB Command]->SW Minor/Major/Revision version info for /vendor/etc/acdbdata/19031/workspaceFile.qwsp
07-09 09:27:18.944   796  1043 D         : [ACDB Command]->ACDB Sw Major = 10, ACDB Sw Minor = 0, ACDB Sw Revision = 9, ACDB Sw Cpl Number = 0
07-09 09:27:18.944   796  1043 D         : [ACDB Command]->ACDB File Major = 12, ACDB File Minor = 0, ACDB File Revision = 3
07-09 09:27:18.945   796  1043 D ACDB-LOADER: get_acdb_sw_major_version: ACDB SW Major version: 10
07-09 09:27:18.945   796  1043 D ACDB-LOADER: get_instance_id_support: ACDB file instance ID support info:1
07-09 09:27:18.945   796  1043 D ACDB-LOADER: acdb_loader_init_v4: snd_card_name:sm6150-wcd9375-snd-card, cvd_version:2.3, instance_id_supported:1
07-09 09:27:18.945   796  1043 D ACDB-LOADER: ACDB -> ACPH INIT
07-09 09:27:18.945   796  1043 D         : [ACPH]->Online service registered with ACPH
07-09 09:27:18.946   796  1043 D         : [ACPH]->ACPH init success
07-09 09:27:18.947   796  1043 D ACDB-LOADER: ACDB -> RTAC INIT
07-09 09:27:18.947   796  1043 D         : [ACPH]->DSP RTC service registered with ACPH
07-09 09:27:18.947   796  1043 D ACDB-LOADER: ACDB -> MCS, FTS INIT
07-09 09:27:18.947   796  1043 E ACDB-MCS: acdb_mcs_init: /vendor/etc/audio_tuning_mixer.txt not present, using /vendor/etc/audio_tuning_mixer.txt config file
07-09 09:27:18.947   796  1043 E MCS-RT-CTL: Can't open the configuration file /vendor/etc/audio_tuning_mixer.txt.
07-09 09:27:18.947   796  1043 E ACDB-MCS: acdb_mcs_init: MCS routing control initialization failed.
07-09 09:27:18.947   796  1043 D         : [ACPH]->FTS RTC service registered with ACPH
07-09 09:27:18.947   796  1043 D ACDB-LOADER: ACDB -> ADIE RTAC INIT
07-09 09:27:18.947   796  1043 D         : [ACPH]->ADIE RTC service registered with ACPH
07-09 09:27:18.947   796  1043 D ACDB-LOADER: ACDB -> ACDB_CMD_GET_VOC_PROC_DYNAMIC_TABLE_SIZE
07-09 09:27:18.949   796  1043 E ion     : ioctl c0044901 failed with code -1: Not a typewriter
07-09 09:27:18.973  1328  2030 I PackageParser: Parse times for '/system/priv-app/DefaultContainerService': parse=126ms, update_cache=3 ms
07-09 09:27:18.973  1328  2030 D ColorRemovableAppManager: package com.android.defcontainer is unremovable
07-09 09:27:18.974  1328  2028 I PackageParser: Parse times for '/system/priv-app/CellBroadcastReceiver': parse=287ms, update_cache=1 ms
07-09 09:27:18.975  1328  2028 D ColorRemovableAppManager: package com.android.cellbroadcastreceiver is unremovable
07-09 09:27:18.977  1328  2029 I PackageParser: Parse times for '/system/priv-app/CtsShimPrivPrebuilt': parse=130ms, update_cache=5 ms
07-09 09:27:18.977  1328  2029 D ColorRemovableAppManager: package com.android.cts.priv.ctsshim is unremovable
07-09 09:27:18.981  1328  2026 I PackageParser: Parse times for '/system/priv-app/ContactsProvider': parse=140ms, update_cache=1 ms
07-09 09:27:18.981  1328  2026 D ColorRemovableAppManager: package com.android.providers.contacts is unremovable
07-09 09:27:18.982   796  1043 D ACDB-LOADER: ACDB -> send_common_custom_topology
07-09 09:27:18.982   796  1043 D ACDB-LOADER: ACDB -> ACDB_CMD_GET_AVCS_CUSTOM_TOPO_INFO_SIZE_V3
07-09 09:27:18.982   796  1043 D ACDB-LOADER: ACDB -> ACDB_CMD_GET_AVCS_CUSTOM_TOPO_INFO_V3
07-09 09:27:18.982   796  1043 D ACDB-LOADER: ACDB -> ACDB_CMD_GET_AVCS_CUSTOM_TOPO_INFO_V3: size:0xf8c ret=0 
07-09 09:27:18.982   796  1043 D ACDB-LOADER: ACDB -> CORE_CUSTOM_TOPOLOGIES
07-09 09:27:18.986   796  1043 D ACDB-LOADER: ACDB -> acdb_loader_send_common_custom_topology: Common custom topology in use
07-09 09:27:18.986   796  1043 D ACDB-LOADER: ACDB -> init done!
07-09 09:27:18.986   796  1043 D audio_hw_acdb: acdb_init_v2: ACDB Instance ID support after ACDB init:1
07-09 09:27:18.986   796  1043 D audio_hw_acdb: check_and_set_instance_id_support: Final Instance ID support:1
07-09 09:27:18.987   796  1043 D msm8974_platform: ACDB initialized
07-09 09:27:18.987   796  1043 D msm8974_platform: hw_util_open Opening device /dev/snd/hwC0D1000
07-09 09:27:18.987   796  1043 D msm8974_platform: hw_util_open success
07-09 09:27:18.987   796  1043 D ACDB-LOADER: ACDB -> ACDB_CMD_GET_ANC_SETTING
07-09 09:27:18.987   796  1043 D ACDB-LOADER: send_wcd9xxx_anc_cal: anc_version = 2
07-09 09:27:18.987   796  1043 D anc_map : convert_anc_acdb_to_reg:enter, ancch  0, input device   -1087
07-09 09:27:18.987   796  1043 D anc_map : Setwcd9xxxANC_IIRCoeffs:enter
07-09 09:27:18.987   796  1043 D anc_map : Setwcd9xxxANC_IIRCoeffs:leave
07-09 09:27:18.987   796  1043 D anc_map : Setwcd9xxxANC_LPFShift:enter
07-09 09:27:18.987   796  1043 D anc_map : Setwcd9xxxANC_LPFShift:leave
07-09 09:27:18.987   796  1043 D anc_map : convert_anc_acdb_to_reg:enter, ancch  1, input device   0
07-09 09:27:18.987   796  1043 D anc_map : convert_anc_acdb_to_reg:leave
07-09 09:27:18.987   796  1043 D ACDB-LOADER: ACDB -> ACDB_CMD_GET_ANC_SETTING
07-09 09:27:18.987   796  1043 D ACDB-LOADER: send_wcd9xxx_anc_cal: anc_version = 2
07-09 09:27:18.987   796  1043 D anc_map : convert_anc_acdb_to_reg:enter, ancch  0, input device   -1087
07-09 09:27:18.987   796  1043 D anc_map : Setwcd9xxxANC_IIRCoeffs:enter
07-09 09:27:18.988   796  1043 D anc_map : Setwcd9xxxANC_IIRCoeffs:leave
07-09 09:27:18.988   796  1043 D anc_map : Setwcd9xxxANC_LPFShift:enter
07-09 09:27:18.988   796  1043 D anc_map : Setwcd9xxxANC_LPFShift:leave
07-09 09:27:18.988   796  1043 D anc_map : convert_anc_acdb_to_reg:enter, ancch  1, input device   0
07-09 09:27:18.988   796  1043 D anc_map : convert_anc_acdb_to_reg:leave
07-09 09:27:18.988   796  1043 D ACDB-LOADER: ACDB -> ACDB_CMD_GET_ANC_SETTING
07-09 09:27:18.988   796  1043 D ACDB-LOADER: send_wcd9xxx_anc_cal: anc_version = 2
07-09 09:27:18.988   796  1043 D anc_map : convert_anc_acdb_to_reg:enter, ancch  0, input device   -1087
07-09 09:27:18.988   796  1043 D anc_map : Setwcd9xxxANC_IIRCoeffs:enter
07-09 09:27:18.988   796  1043 D anc_map : Setwcd9xxxANC_IIRCoeffs:leave
07-09 09:27:18.988   796  1043 D anc_map : Setwcd9xxxANC_LPFShift:enter
07-09 09:27:18.988   796  1043 D anc_map : Setwcd9xxxANC_LPFShift:leave
07-09 09:27:18.988   796  1043 D anc_map : convert_anc_acdb_to_reg:enter, ancch  1, input device   0
07-09 09:27:18.988   796  1043 D anc_map : convert_anc_acdb_to_reg:leave
07-09 09:27:18.988   796  1043 D ACDB-LOADER: ACDB -> ACDB_CMD_GET_ANC_SETTING
07-09 09:27:18.988   796  1043 D ACDB-LOADER: send_wcd9xxx_anc_cal: anc_version = 2
07-09 09:27:18.988   796  1043 D anc_map : convert_anc_acdb_to_reg:enter, ancch  0, input device   -1087
07-09 09:27:18.988   796  1043 D anc_map : Setwcd9xxxANC_IIRCoeffs:enter
07-09 09:27:18.988   796  1043 D anc_map : Setwcd9xxxANC_IIRCoeffs:leave
07-09 09:27:18.988   796  1043 D anc_map : Setwcd9xxxANC_LPFShift:enter
07-09 09:27:18.988   796  1043 D anc_map : Setwcd9xxxANC_LPFShift:leave
07-09 09:27:18.988   796  1043 D anc_map : convert_anc_acdb_to_reg:enter, ancch  1, input device   0
07-09 09:27:18.988   796  1043 D anc_map : convert_anc_acdb_to_reg:leave
07-09 09:27:18.988   796  1043 D ACDB-LOADER: ACDB -> ACDB_CMD_GET_ANC_SETTING
07-09 09:27:18.988   796  1043 D ACDB-LOADER: send_wcd9xxx_anc_cal: anc_version = 2
07-09 09:27:18.988   796  1043 D anc_map : convert_anc_acdb_to_reg:enter, ancch  0, input device   -7268
07-09 09:27:18.988   796  1043 D anc_map : Setwcd9xxxANC_IIRCoeffs:enter
07-09 09:27:18.988   796  1043 D anc_map : Setwcd9xxxANC_IIRCoeffs:leave
07-09 09:27:18.988   796  1043 D anc_map : Setwcd9xxxANC_LPFShift:enter
07-09 09:27:18.988   796  1043 D anc_map : Setwcd9xxxANC_LPFShift:leave
07-09 09:27:18.988   796  1043 D anc_map : convert_anc_acdb_to_reg:enter, ancch  1, input device   8192
07-09 09:27:18.988   796  1043 D anc_map : Setwcd9xxxANC_IIRCoeffs:enter
07-09 09:27:18.988   796  1043 D anc_map : Setwcd9xxxANC_IIRCoeffs:leave
07-09 09:27:18.988   796  1043 D anc_map : Setwcd9xxxANC_LPFShift:enter
07-09 09:27:18.988   796  1043 D anc_map : Setwcd9xxxANC_LPFShift:leave
07-09 09:27:18.988   796  1043 D anc_map : convert_anc_acdb_to_reg:leave
07-09 09:27:18.988   796  1043 D ACDB-LOADER: ACDB -> ACDB_CMD_GET_ANC_SETTING
07-09 09:27:18.988   796  1043 D ACDB-LOADER: send_wcd9xxx_anc_cal: anc_version = 2
07-09 09:27:18.988   796  1043 D anc_map : convert_anc_acdb_to_reg:enter, ancch  0, input device   -7268
07-09 09:27:18.988   796  1043 D anc_map : Setwcd9xxxANC_IIRCoeffs:enter
07-09 09:27:18.988   796  1043 D anc_map : Setwcd9xxxANC_IIRCoeffs:leave
07-09 09:27:18.988   796  1043 D anc_map : Setwcd9xxxANC_LPFShift:enter
07-09 09:27:18.988   796  1043 D anc_map : Setwcd9xxxANC_LPFShift:leave
07-09 09:27:18.988   796  1043 D anc_map : convert_anc_acdb_to_reg:enter, ancch  1, input device   8192
07-09 09:27:18.988   796  1043 D anc_map : Setwcd9xxxANC_IIRCoeffs:enter
07-09 09:27:18.988   796  1043 D anc_map : Setwcd9xxxANC_IIRCoeffs:leave
07-09 09:27:18.988   796  1043 D anc_map : Setwcd9xxxANC_LPFShift:enter
07-09 09:27:18.988   796  1043 D anc_map : Setwcd9xxxANC_LPFShift:leave
07-09 09:27:18.988   796  1043 D anc_map : convert_anc_acdb_to_reg:leave
07-09 09:27:18.988   796  1043 D ACDB-LOADER: ACDB -> ACDB_CMD_GET_ANC_SETTING
07-09 09:27:18.988   796  1043 D ACDB-LOADER: send_wcd9xxx_anc_cal: anc_version = 2
07-09 09:27:18.988   796  1043 D anc_map : convert_anc_acdb_to_reg:enter, ancch  0, input device   -7268
07-09 09:27:18.988   796  1043 D anc_map : Setwcd9xxxANC_IIRCoeffs:enter
07-09 09:27:18.988   796  1043 D anc_map : Setwcd9xxxANC_IIRCoeffs:leave
07-09 09:27:18.988   796  1043 D anc_map : Setwcd9xxxANC_LPFShift:enter
07-09 09:27:18.988   796  1043 D anc_map : Setwcd9xxxANC_LPFShift:leave
07-09 09:27:18.988   796  1043 D anc_map : convert_anc_acdb_to_reg:enter, ancch  1, input device   8192
07-09 09:27:18.988   796  1043 D anc_map : Setwcd9xxxANC_IIRCoeffs:enter
07-09 09:27:18.988   796  1043 D anc_map : Setwcd9xxxANC_IIRCoeffs:leave
07-09 09:27:18.988   796  1043 D anc_map : Setwcd9xxxANC_LPFShift:enter
07-09 09:27:18.988   796  1043 D anc_map : Setwcd9xxxANC_LPFShift:leave
07-09 09:27:18.988   796  1043 D anc_map : convert_anc_acdb_to_reg:leave
07-09 09:27:18.988   796  1043 D ACDB-LOADER: ACDB -> ACDB_CMD_GET_ANC_SETTING
07-09 09:27:18.988   796  1043 D ACDB-LOADER: send_wcd9xxx_anc_cal: anc_version = 2
07-09 09:27:18.988   796  1043 D anc_map : convert_anc_acdb_to_reg:enter, ancch  0, input device   0
07-09 09:27:18.988   796  1043 D anc_map : convert_anc_acdb_to_reg:enter, ancch  1, input device   8192
07-09 09:27:18.988   796  1043 D anc_map : Setwcd9xxxANC_IIRCoeffs:enter
07-09 09:27:18.988   796  1043 D anc_map : Setwcd9xxxANC_IIRCoeffs:leave
07-09 09:27:18.988   796  1043 D anc_map : Setwcd9xxxANC_LPFShift:enter
07-09 09:27:18.988   796  1043 D anc_map : Setwcd9xxxANC_LPFShift:leave
07-09 09:27:18.988   796  1043 D anc_map : convert_anc_acdb_to_reg:leave
07-09 09:27:18.988   796  1043 D ACDB-LOADER: ACDB -> ACDB_CMD_GET_ANC_SETTING
07-09 09:27:18.988   796  1043 D ACDB-LOADER: send_wcd9xxx_anc_cal: anc_version = 2
07-09 09:27:18.988   796  1043 D anc_map : convert_anc_acdb_to_reg:enter, ancch  0, input device   0
07-09 09:27:18.988   796  1043 D anc_map : convert_anc_acdb_to_reg:enter, ancch  1, input device   8192
07-09 09:27:18.988   796  1043 D anc_map : Setwcd9xxxANC_IIRCoeffs:enter
07-09 09:27:18.988   796  1043 D anc_map : Setwcd9xxxANC_IIRCoeffs:leave
07-09 09:27:18.988   796  1043 D anc_map : Setwcd9xxxANC_LPFShift:enter
07-09 09:27:18.988   796  1043 D anc_map : Setwcd9xxxANC_LPFShift:leave
07-09 09:27:18.988   796  1043 D anc_map : convert_anc_acdb_to_reg:leave
07-09 09:27:18.988   796  1043 E msm8974_platform: send_codec_cal: anc_cal Failed to call ioctl, err=14
07-09 09:27:18.989   796  1043 D ACDB-LOADER: send mbhc data
07-09 09:27:18.989   796  1043 D ACDB-LOADER: ACDB -> MBHC ACDB_PID_GENERAL_CONFIG
07-09 09:27:18.989   796  1043 D ACDB-LOADER: ACDB -> MBHC ACDB_PID_PLUG_REMOVAL_DETECTION
07-09 09:27:18.989   796  1043 D ACDB-LOADER: ACDB -> MBHC ACDB_PID_PLUG_TYPE_DETECTION
07-09 09:27:18.989   796  1043 D ACDB-LOADER: ACDB -> MBHC ACDB_PID_BUTTON_PRESS_DETECTION
07-09 09:27:18.989   796  1043 D ACDB-LOADER: ACDB -> MBHC ACDB_PID_IMPEDANCE_DETECTION
07-09 09:27:18.989   796  1043 D msm8974_platform: send_codec_cal: mbhc_cal cal sent successfully
07-09 09:27:18.989   796  1043 D ACDB-LOADER: send vbat data
07-09 09:27:18.989   796  1043 D ACDB-LOADER: ACDB -> VBAT ACDB_PID_ADC_CAL
07-09 09:27:18.989   796  1043 D ACDB-LOADER: ACDB -> VBAT ACDB_PID_GAIN_PROC
07-09 09:27:18.989   796  1043 D ACDB-LOADER: send vbat data, calling convert_vbat_data
07-09 09:27:18.989   796  1043 D ACDB-LOADER: copied vbat cal size =72
07-09 09:27:18.989   796  1043 E msm8974_platform: send_codec_cal: vbat_cal Failed to call ioctl, err=14
07-09 09:27:18.989   796  1043 D audio_log_utils: read_module
07-09 09:27:18.989   796  1043 D audio_log_utils: read_module: calling parse module xml file
07-09 09:27:18.989   796  1043 D audio_log_utils: parse_module_xml_file: parse hal log mask
07-09 09:27:18.989   796  1043 D log_xml_parser: parse_log_xml: Failed to open file /data/vendor/audio/audio_dynamic_log.xml
07-09 09:27:18.989   796  1043 E audio_log_utils: parse_module_xml_file: could not parse hal logmask
07-09 09:27:18.989   796  1043 D audio_log_utils: parse_module_xml_file: exit
07-09 09:27:18.990   796  2097 D audio_log_utils: monitor_mod_file_change
07-09 09:27:18.990   796  1043 W msm8974_platform: init_be_dai_name_table: sound device  has no hw interface set
07-09 09:27:18.990   796  1043 D msm8974_platform: init_be_dai_name_table: sound device speaker-and-headphones does not have a valid hw interface set (disregard for combo devices) TERT_MI2S_RX-and-SEC_MI2S_RX
07-09 09:27:18.990   796  1043 D msm8974_platform: init_be_dai_name_table: sound device speaker-and-line does not have a valid hw interface set (disregard for combo devices) TERT_MI2S_RX-and-SEC_MI2S_RX
07-09 09:27:18.990   796  1043 D msm8974_platform: init_be_dai_name_table: sound device speaker-and-headphones-ext-1 does not have a valid hw interface set (disregard for combo devices) TERT_MI2S_RX-and-SEC_MI2S_RX
07-09 09:27:18.990   796  1043 D msm8974_platform: init_be_dai_name_table: sound device speaker-and-headphones-ext-2 does not have a valid hw interface set (disregard for combo devices) TERT_MI2S_RX-and-SEC_MI2S_RX
07-09 09:27:18.990   796  1043 W msm8974_platform: init_be_dai_name_table: sound device voice-speaker-stereo has no hw interface set
07-09 09:27:18.990   796  1043 D msm8974_platform: init_be_dai_name_table: sound device speaker-and-hdmi does not have a valid hw interface set (disregard for combo devices) TERT_MI2S_RX-and-HDMI
07-09 09:27:18.990   796  1043 D msm8974_platform: init_be_dai_name_table: sound device speaker-and-display-port does not have a valid hw interface set (disregard for combo devices) TERT_MI2S_RX-and-DISPLAY_PORT
07-09 09:27:18.990   796  1043 D msm8974_platform: init_be_dai_name_table: sound device speaker-and-bt-a2dp does not have a valid hw interface set (disregard for combo devices) TERT_MI2S_RX-and-SLIMBUS_7_RX
07-09 09:27:18.990   796  1043 D msm8974_platform: init_be_dai_name_table: sound device speaker-and-bt-sco does not have a valid hw interface set (disregard for combo devices) TERT_MI2S_RX-and-SLIMBUS_7_RX
07-09 09:27:18.990   796  1043 D msm8974_platform: init_be_dai_name_table: sound device speaker-and-bt-sco-wb does not have a valid hw interface set (disregard for combo devices) TERT_MI2S_RX-and-SLIMBUS_7_RX
07-09 09:27:18.990   796  1043 D msm8974_platform: init_be_dai_name_table: sound device speaker-and-usb-headphones does not have a valid hw interface set (disregard for combo devices) SLIMBUS_0_RX-and-USB_AUDIO_RX
07-09 09:27:18.990   796  1043 D msm8974_platform: init_be_dai_name_table: sound device speaker-and-anc-headphones does not have a valid hw interface set (disregard for combo devices) TERT_MI2S_RX-and-SEC_MI2S_RX
07-09 09:27:18.990   796  1043 D msm8974_platform: init_be_dai_name_table: sound device speaker-and-anc-fb-headphones does not have a valid hw interface set (disregard for combo devices) SLIMBUS_0_RX-and-SLIMBUS_6_RX
07-09 09:27:18.990   796  1043 W msm8974_platform: init_be_dai_name_table: sound device speaker-protected has no hw interface set
07-09 09:27:18.990   796  1043 W msm8974_platform: init_be_dai_name_table: sound device speaker-protected-vbat has no hw interface set
07-09 09:27:18.990   796  1043 D msm8974_platform: init_be_dai_name_table: sound device voice-speaker-and-voice-headphones does not have a valid hw interface set (disregard for combo devices) SLIMBUS_0_RX-and-SLIMBUS_6_RX
07-09 09:27:18.990   796  1043 D msm8974_platform: init_be_dai_name_table: sound device voice-speaker-and-voice-anc-headphones does not have a valid hw interface set (disregard for combo devices) SLIMBUS_0_RX-and-SLIMBUS_6_RX
07-09 09:27:18.990   796  1043 D msm8974_platform: init_be_dai_name_table: sound device voice-speaker-and-voice-anc-fb-headphones does not have a valid hw interface set (disregard for combo devices) SLIMBUS_0_RX-and-SLIMBUS_6_RX
07-09 09:27:18.990   796  1043 D msm8974_platform: init_be_dai_name_table: sound device voice-speaker-stereo-and-voice-headphones does not have a valid hw interface set (disregard for combo devices) SLIMBUS_0_RX-and-SLIMBUS_6_RX
07-09 09:27:18.990   796  1043 D msm8974_platform: init_be_dai_name_table: sound device voice-speaker-stereo-and-voice-anc-headphones does not have a valid hw interface set (disregard for combo devices) SLIMBUS_0_RX-and-SLIMBUS_6_RX
07-09 09:27:18.990   796  1043 D msm8974_platform: init_be_dai_name_table: sound device voice-speaker-stereo-and-voice-anc-fb-headphones does not have a valid hw interface set (disregard for combo devices) SLIMBUS_0_RX-and-SLIMBUS_6_RX
07-09 09:27:18.990   796  1043 W msm8974_platform: init_be_dai_name_table: sound device usb-headset-mic has no hw interface set
07-09 09:27:18.990   796  1043 I chatty  : uid=1041(audioserver) HwBinder:796_1 identical 5 lines
07-09 09:27:18.990   796  1043 W msm8974_platform: init_be_dai_name_table: sound device usb-headset-mic has no hw interface set
07-09 09:27:18.990   796  1043 W msm8974_platform: init_be_dai_name_table: sound device handset-6mic has no hw interface set
07-09 09:27:18.990   796  1043 W msm8974_platform: init_be_dai_name_table: sound device handset-8mic has no hw interface set
07-09 09:27:18.990   796  1043 W msm8974_platform: init_be_dai_name_table: sound device ec-ref-loopback-mono has no hw interface set
07-09 09:27:18.990   796  1043 W msm8974_platform: init_be_dai_name_table: sound device ec-ref-loopback-stereo has no hw interface set
07-09 09:27:18.990   796  1043 W msm8974_platform: init_be_dai_name_table: sound device incall-rec-rx-tx has no hw interface set
07-09 09:27:18.990   796  1043 W msm8974_platform: init_be_dai_name_table: sound device ec-ref-loopback-quad has no hw interface set
07-09 09:27:18.990   796  1043 W msm8974_platform: init_be_dai_name_table: sound device (null) has no hw interface set
07-09 09:27:18.990   796  1043 D audio_hw_extn: audio_extn_can_use_ras: ras.enabled property is set to 0
07-09 09:27:18.990   796  1043 D msm8974_platform: platform_init: Fluence_Type(1) max_mic_count(4) mic_type(0xf) fluence_in_voice_call(1) fluence_in_voice_rec(1) fluence_in_spkr_mode(1) fluence_in_hfp_call(0) 
07-09 09:27:18.998   796  1043 D split_a2dp: get_offload_codec_capabilities = sbc-aptx-aptxtws-aptxhd-aac
07-09 09:27:18.998   796  1043 D split_a2dp: a2dp_offload_codec_cap_parser: SBC offload supported
07-09 09:27:18.998   796  1043 D split_a2dp: update_offload_codec_capabilities: codec cap = sbc
07-09 09:27:18.998   796  1043 D audio_hw_ssr: audio_extn_ssr_update_enabled: surround sound recording is not supported
07-09 09:27:18.998   796  1043 D audio_hw_spkr_prot: audio_extn_spkr_prot_init: Initialize speaker protection module
07-09 09:27:18.998   796  1043 D audio_hw_spkr_prot: audio_extn_spkr_prot_init: Speaker protection disabled
07-09 09:27:19.002  1328  2031 I PackageParser: Parse times for '/system/priv-app/Browser': parse=375ms, update_cache=6 ms
07-09 09:27:19.002  1328  2031 D ColorRemovableAppManager: package com.coloros.browser is unremovable
07-09 09:27:19.003  1328  2031 E PackageManager_MultiTaskDealer: Failed to scan /system/priv-app/Browser: PackageManagerCommonSoft system fiter this app by name
07-09 09:27:19.009  1328  2026 D ColorRemovableAppManager: package com.android.externalstorage is unremovable
07-09 09:27:19.010   796  1043 D msm8974_platform: platform_get_mixer_control: mixer ctl not obtained
07-09 09:27:19.010  1328  2028 D ColorRemovableAppManager: package com.android.providers.downloads is unremovable
07-09 09:27:19.013  1328  2027 I PackageParser: Parse times for '/system/priv-app/Contacts': parse=310ms, update_cache=7 ms
07-09 09:27:19.013  1328  2027 D ColorRemovableAppManager: package com.android.contacts is unremovable
07-09 09:27:19.014  1328  2029 D ColorRemovableAppManager: package com.android.location.fused is unremovable
07-09 09:27:19.010   796  1043 I chatty  : uid=1041(audioserver) HwBinder:796_1 identical 3 lines
07-09 09:27:19.010   796  1043 D msm8974_platform: platform_get_mixer_control: mixer ctl not obtained
07-09 09:27:19.014  1240  1570 I ServiceManager: Waiting for service 'package_native' on '/dev/binder'...
07-09 09:27:19.018   796  1043 D msm8974_platform: platform_get_mixer_control: mixer ctl not obtained
07-09 09:27:19.023  1328  2030 D ColorRemovableAppManager: package com.android.documentsui is unremovable
07-09 09:27:19.018   796  1043 I chatty  : uid=1041(audioserver) HwBinder:796_1 identical 1 line
07-09 09:27:19.018   796  1043 D msm8974_platform: platform_get_mixer_control: mixer ctl not obtained
07-09 09:27:19.040  1755  1755 E QTI_SDM_INFO: [qti_rmnet_peripheral.c:739] qti_file_open():Could not open device file. Errno 2 error msg=No such file or directory
07-09 09:27:19.047  1328  2027 D ColorRemovableAppManager: package com.google.android.ext.services is unremovable
07-09 09:27:19.049  1328  2026 D ColorRemovableAppManager: package com.google.android.backuptransport is unremovable
07-09 09:27:19.055  1328  2031 D ColorRemovableAppManager: package com.oppo.quicksearchbox is unremovable
07-09 09:27:19.057  1328  2029 D ColorRemovableAppManager: package com.google.android.feedback is unremovable
07-09 09:27:19.068  1328  2030 D ColorRemovableAppManager: package com.google.android.onetimeinitializer is unremovable
07-09 09:27:19.092  1328  2027 D ColorRemovableAppManager: package com.google.android.partnersetup is unremovable
07-09 09:27:19.102   796  1043 E audio_hw_extn: audio_extn_perf_lock_init: Perf lock handles Success 
07-09 09:27:19.105   796  1043 W audio_hw_sndmonitor: access /proc/asound/card0/cpe0_state failed w/ err No such file or directory
07-09 09:27:19.105   796  1043 W audio_hw_sndmonitor: Skip over non-ADSP snd card dspgdbmdx      
07-09 09:27:19.109   796  1043 I audio_hw::BatteryListener: Get health service in 0 tries
07-09 09:27:19.113  1328  2030 D ColorRemovableAppManager: package com.android.hotwordenrollment.okgoogle is unremovable
07-09 09:27:19.115  1432  1499 W ServiceManagement: Waited one second for android.frameworks.sensorservice@1.0::ISensorManager/default
07-09 09:27:19.116  1432  1499 I ServiceManagement: getService: Trying again for android.frameworks.sensorservice@1.0::ISensorManager/default...
07-09 09:27:19.117  1240  1570 I ServiceManager: Waiting for service 'package_native' on '/dev/binder'...
07-09 09:27:19.125  1328  2027 D ColorRemovableAppManager: package com.android.inputdevices is unremovable
07-09 09:27:19.129  1328  2029 D ColorRemovableAppManager: package com.google.android.gsf is unremovable
07-09 09:27:19.133   796  1043 I soundtrigger: audio_extn_sound_trigger_init: Enter
07-09 09:27:19.133  1328  2031 D ColorRemovableAppManager: package com.google.android.apps.restore is unremovable
07-09 09:27:19.133   796  1043 E soundtrigger: audio_extn_sound_trigger_init: error dlopen failed: library "/vendor/lib/hw/sound_trigger.primary.sm6150.so" not found
07-09 09:27:19.133   796  1043 E audio_hw_primary: adev_open: ERROR. Could not get ctl for mixer cmd - AudStr 0 ChMixer Weight Ch 1
07-09 09:27:19.134   796  1043 W DeviceHAL: Error from HAL Device in function get_master_volume: Function not implemented
07-09 09:27:19.134   796  1043 W DeviceHAL: Error from HAL Device in function get_master_mute: Function not implemented
07-09 09:27:19.134   796  1043 W DeviceHAL: Error from HAL Device in function set_master_volume: Function not implemented
07-09 09:27:19.135   796  1043 W DeviceHAL: Error from HAL Device in function set_master_mute: Function not implemented
07-09 09:27:19.135   888   888 I AudioFlinger: loadHwModule() Loaded primary audio interface, handle 10
07-09 09:27:19.135   888   888 I AudioFlinger: openOutput() this 0xf21c7300, module 10 Device 0x2, SamplingRate 48000, Format 0x000001, Channels 0x3, flags 0x6
07-09 09:27:19.135   796  1043 D audio_hw_primary: adev_open_output_stream: enter: format(0x1) sample_rate(48000) channel_mask(0x3) devices(0x2) flags(0x6)        stream_handle(0xeebf9000)
07-09 09:27:19.135   796  1043 I audio_hw_primary: adev_open_output_stream: dynamic qos voting not enabled for platform
07-09 09:27:19.135   796  1043 D audio_hw_primary: adev_open_output_stream: Stream (0xeebf9000) picks up usecase (low-latency-playback)
07-09 09:27:19.136  1328  2026 D ColorRemovableAppManager: package com.google.android.packageinstaller is unremovable
07-09 09:27:19.137   888   888 I AudioFlinger: HAL output buffer size 192 frames, normal sink buffer size 960 frames
