07-09 09:27:16.327  1328  1328 W libprocessgroup: Failed to remove /acct/uid_1000/pid_859: Device or resource busy
07-09 09:27:16.327  1328  1328 W libprocessgroup: Failed to remove /acct/uid_1000/pid_1275: Device or resource busy
07-09 09:27:16.327  1328  1328 W libprocessgroup: Failed to remove /acct/uid_1000/pid_1114: Device or resource busy
07-09 09:27:16.328  1328  1328 W libprocessgroup: Failed to remove /acct/uid_1000/pid_819: Device or resource busy
07-09 09:27:16.329  1240  1570 I ServiceManager: Waiting for service 'package_native' on '/dev/binder'...
07-09 09:27:16.336  1328  1328 W libprocessgroup: Failed to remove /acct/uid_1000/pid_1565: Device or resource busy
07-09 09:27:16.336  1328  1328 W libprocessgroup: Failed to remove /acct/uid_1000/pid_903: Device or resource busy
07-09 09:27:16.337  1328  1328 W libprocessgroup: Failed to remove /acct/uid_1000/pid_1102: Device or resource busy
07-09 09:27:16.337  1328  1328 W libprocessgroup: Failed to remove /acct/uid_1000: Permission denied
07-09 09:27:16.337  1328  1328 W libprocessgroup: Failed to remove /acct/uid_1019/pid_1173: Device or resource busy
07-09 09:27:16.338  1328  1328 W libprocessgroup: Failed to remove /acct/uid_1019: Permission denied
07-09 09:27:16.338  1328  1328 W libprocessgroup: Failed to remove /acct/uid_1047/pid_1167: Device or resource busy
07-09 09:27:16.338  1328  1328 W libprocessgroup: Failed to remove /acct/uid_1047/pid_801: Device or resource busy
07-09 09:27:16.339  1328  1328 W libprocessgroup: Failed to remove /acct/uid_1047: Permission denied
07-09 09:27:16.339  1328  1328 W libprocessgroup: Failed to remove /acct/uid_1027/pid_827: Device or resource busy
07-09 09:27:16.339  1328  1328 W libprocessgroup: Failed to remove /acct/uid_1027: Permission denied
07-09 09:27:16.340  1328  1328 W libprocessgroup: Failed to remove /acct/uid_1017/pid_1192: Device or resource busy
07-09 09:27:16.340  1328  1328 W libprocessgroup: Failed to remove /acct/uid_1017: Permission denied
07-09 09:27:16.341  1328  1328 W libprocessgroup: Failed to remove /acct/uid_0/pid_1583: Device or resource busy
07-09 09:27:16.341  1328  1328 W libprocessgroup: Failed to remove /acct/uid_0/pid_1601: Device or resource busy
07-09 09:27:16.341  1328  1328 W libprocessgroup: Failed to remove /acct/uid_0/pid_799: Device or resource busy
07-09 09:27:16.342  1328  1328 W libprocessgroup: Failed to remove /acct/uid_0/pid_845: Device or resource busy
07-09 09:27:16.343  1328  1328 W libprocessgroup: Failed to remove /acct/uid_0/pid_1336: Device or resource busy
07-09 09:27:16.344  1328  1328 W libprocessgroup: Failed to remove /acct/uid_0/pid_1080: Device or resource busy
07-09 09:27:16.344  1328  1328 W libprocessgroup: Failed to remove /acct/uid_0/pid_1127: Device or resource busy
07-09 09:27:16.345  1328  1328 W libprocessgroup: Failed to remove /acct/uid_0/pid_1089: Device or resource busy
07-09 09:27:16.346  1328  1328 W libprocessgroup: Failed to remove /acct/uid_0/pid_1598: Device or resource busy
07-09 09:27:16.346  1328  1328 W libprocessgroup: Failed to remove /acct/uid_0/pid_1616: Device or resource busy
07-09 09:27:16.346  1328  1328 W libprocessgroup: Failed to remove /acct/uid_0/pid_1606: Device or resource busy
07-09 09:27:16.346  1328  1328 W libprocessgroup: Failed to remove /acct/uid_0/pid_898: Device or resource busy
07-09 09:27:16.348  1328  1328 W libprocessgroup: Failed to remove /acct/uid_0/pid_1775: Device or resource busy
07-09 09:27:16.348  1328  1328 W libprocessgroup: Failed to remove /acct/uid_0/pid_1596: Device or resource busy
07-09 09:27:16.350  1328  1328 W libprocessgroup: Failed to remove /acct/uid_0/pid_886: Device or resource busy
07-09 09:27:16.352  1328  1328 W libprocessgroup: Failed to remove /acct/uid_0/pid_725: Device or resource busy
07-09 09:27:16.353  1328  1328 W libprocessgroup: Failed to remove /acct/uid_0/pid_1594: Device or resource busy
07-09 09:27:16.355  1328  1328 W libprocessgroup: Failed to remove /acct/uid_0/pid_1592: Device or resource busy
07-09 09:27:16.355  1328  1328 W libprocessgroup: Failed to remove /acct/uid_0/pid_874: Device or resource busy
07-09 09:27:16.356  1328  1328 W libprocessgroup: Failed to remove /acct/uid_0/pid_1431: Device or resource busy
07-09 09:27:16.358  1328  1328 W libprocessgroup: Failed to remove /acct/uid_0/pid_977: Device or resource busy
07-09 09:27:16.358  1328  1328 W libprocessgroup: Failed to remove /acct/uid_0/pid_1091: Device or resource busy
07-09 09:27:16.358  1328  1328 W libprocessgroup: Failed to remove /acct/uid_0/pid_542: Device or resource busy
07-09 09:27:16.359  1328  1328 W libprocessgroup: Failed to remove /acct/uid_0/pid_872: Device or resource busy
07-09 09:27:16.360  1328  1328 W libprocessgroup: Failed to remove /acct/uid_0/pid_1071: Device or resource busy
07-09 09:27:16.362  1328  1328 W libprocessgroup: Failed to remove /acct/uid_0/pid_1240: Device or resource busy
07-09 09:27:16.363  1328  1328 W libprocessgroup: Failed to remove /acct/uid_0/pid_540: Device or resource busy
07-09 09:27:16.363  1328  1328 W libprocessgroup: Failed to remove /acct/uid_0/pid_1589: Device or resource busy
07-09 09:27:16.370  1328  1328 W libprocessgroup: Failed to remove /acct/uid_0/pid_726: Device or resource busy
07-09 09:27:16.371  1328  1328 W libprocessgroup: Failed to remove /acct/uid_0/pid_1104: Device or resource busy
07-09 09:27:16.372  1328  1328 W libprocessgroup: Failed to remove /acct/uid_0/pid_1189: Device or resource busy
07-09 09:27:16.373  1328  1328 W libprocessgroup: Failed to remove /acct/uid_0/pid_517: Device or resource busy
07-09 09:27:16.373  1328  1328 W libprocessgroup: Failed to remove /acct/uid_0/pid_847: Device or resource busy
07-09 09:27:16.373  1328  1328 W libprocessgroup: Failed to remove /acct/uid_0/pid_724: Device or resource busy
07-09 09:27:16.375  1328  1328 W libprocessgroup: Failed to remove /acct/uid_0: Permission denied
07-09 09:27:16.375  1328  1328 W libprocessgroup: Failed to remove /acct/uid_1013/pid_1130: Device or resource busy
07-09 09:27:16.376  1328  1328 W libprocessgroup: Failed to remove /acct/uid_1013/pid_825: Device or resource busy
07-09 09:27:16.376  1328  1328 W libprocessgroup: Failed to remove /acct/uid_1013/pid_1203: Device or resource busy
07-09 09:27:16.377  1328  1328 W libprocessgroup: Failed to remove /acct/uid_1013/pid_805: Device or resource busy
07-09 09:27:16.377  1328  1328 W libprocessgroup: Failed to remove /acct/uid_1013/pid_1201: Device or resource busy
07-09 09:27:16.377  1328  1328 W libprocessgroup: Failed to remove /acct/uid_1013/pid_1208: Device or resource busy
07-09 09:27:16.377  1328  1328 W libprocessgroup: Failed to remove /acct/uid_1013/pid_806: Device or resource busy
07-09 09:27:16.378  1328  1328 W libprocessgroup: Failed to remove /acct/uid_1013/pid_1128: Device or resource busy
07-09 09:27:16.378  1328  1328 W libprocessgroup: Failed to remove /acct/uid_1013/pid_804: Device or resource busy
07-09 09:27:16.378  1328  1328 W libprocessgroup: Failed to remove /acct/uid_1013/pid_802: Device or resource busy
07-09 09:27:16.378  1328  1328 W libprocessgroup: Failed to remove /acct/uid_1013/pid_1122: Device or resource busy
07-09 09:27:16.378  1328  1328 W libprocessgroup: Failed to remove /acct/uid_1013: Permission denied
07-09 09:27:16.378  1775  1775 E Diag_Lib:  Diag_LSM_Init: Failed to open handle to diag driver, error = 13
07-09 09:27:16.379  1328  1328 W libprocessgroup: Failed to remove /acct/uid_1041/pid_831: Device or resource busy
07-09 09:27:16.379  1328  1328 W libprocessgroup: Failed to remove /acct/uid_1041/pid_888: Device or resource busy
07-09 09:27:16.379  1328  1328 W libprocessgroup: Failed to remove /acct/uid_1041/pid_796: Device or resource busy
07-09 09:27:16.380  1328  1328 W libprocessgroup: Failed to remove /acct/uid_1041: Permission denied
07-09 09:27:16.385  1328  1328 D AppOps  : AppOpsService published
07-09 09:27:16.402   882   922 D PerMgrSrv: modem state: is on-line, add client QCRIL
07-09 09:27:16.402   882   922 D PerMgrSrv: QCRIL registered
07-09 09:27:16.403  1328  1328 D NeuronSystem: neuronsystem published
07-09 09:27:16.403  1328  1328 W SystemServiceManager: Service com.android.server.am.ActivityManagerService$Lifecycle took 136 ms in onStart
07-09 09:27:16.403  1328  1328 I SystemServer: StartPowerManager
07-09 09:27:16.403  1328  1328 I SystemServer: Power Service
07-09 09:27:16.403  1328  1328 I SystemServiceManager: Starting com.android.server.power.PowerManagerService
07-09 09:27:16.404  1742  1742 D PerMgrLib: QCRIL successfully registered for modem
07-09 09:27:16.430  1240  1570 I ServiceManager: Waiting for service 'package_native' on '/dev/binder'...
07-09 09:27:16.430  1328  1328 I OppoBrightUtils: Device version:		AMS655MGN61
07-09 09:27:16.431  1328  1328 I OppoBrightUtils: version : AMS655MGN61
07-09 09:27:16.431  1328  1328 I OppoBrightUtils: Device manufacture:		samsung1024
07-09 09:27:16.431  1328  1328 I OppoBrightUtils: manufacture : samsung1024
07-09 09:27:16.432  1328  1328 I OppoBrightUtils: config_string_from_property : 16,155,8,41,65,117,196,312,478,596,842,1023,1086,1135,1255,1337,2047  lcd_manufacture = samsung1024
07-09 09:27:16.432  1328  1328 I OppoBrightUtils: mDefaultBrightness : 155
07-09 09:27:16.432  1328  1328 I OppoBrightUtils: brighness_int_config : 8
07-09 09:27:16.432  1328  1328 I OppoBrightUtils: brighness_int_config : 41
07-09 09:27:16.433  1328  1328 I OppoBrightUtils: brighness_int_config : 65
07-09 09:27:16.433  1328  1328 I OppoBrightUtils: brighness_int_config : 117
07-09 09:27:16.433  1328  1328 I OppoBrightUtils: brighness_int_config : 196
07-09 09:27:16.433  1328  1328 I OppoBrightUtils: brighness_int_config : 312
07-09 09:27:16.433  1328  1328 I OppoBrightUtils: brighness_int_config : 478
07-09 09:27:16.433  1328  1328 I OppoBrightUtils: brighness_int_config : 596
07-09 09:27:16.433  1328  1328 I OppoBrightUtils: brighness_int_config : 842
07-09 09:27:16.433  1328  1328 I OppoBrightUtils: brighness_int_config : 1023
07-09 09:27:16.433  1328  1328 I OppoBrightUtils: brighness_int_config : 1086
07-09 09:27:16.433  1328  1328 I OppoBrightUtils: brighness_int_config : 1135
07-09 09:27:16.434  1328  1328 I OppoBrightUtils: brighness_int_config : 1255
07-09 09:27:16.434  1328  1328 I OppoBrightUtils: brighness_int_config : 1337
07-09 09:27:16.434  1328  1328 I OppoBrightUtils: brighness_int_config : 2047
07-09 09:27:16.439   815   815 E QTI PowerHAL: Failed to acquire lock for hint_id: 1041.
07-09 09:27:16.439   815   815 I QTI PowerHAL: Got set_interactive hint
07-09 09:27:16.437  1547  1547 W top     : type=1400 audit(0.0:193): avc: denied { sys_ptrace } for capability=19 scontext=u:r:perf_record:s0 tcontext=u:r:perf_record:s0 tclass=capability permissive=0
07-09 09:27:16.437  1547  1547 I chatty  : uid=0(root) top identical 3 lines
07-09 09:27:16.437  1547  1547 W top     : type=1400 audit(0.0:197): avc: denied { sys_ptrace } for capability=19 scontext=u:r:perf_record:s0 tcontext=u:r:perf_record:s0 tclass=capability permissive=0
07-09 09:27:16.447   882   922 D PerMgrSrv: modem state: is on-line, add client QCRIL
07-09 09:27:16.447   882   922 D PerMgrSrv: QCRIL registered
07-09 09:27:16.449  1625  1625 D PerMgrLib: QCRIL successfully registered for modem
07-09 09:27:16.450  1328  1328 I SystemServer: InitPowerManagement
07-09 09:27:16.452  1328  1328 I SystemServer: StartRecoverySystemService
07-09 09:27:16.452  1328  1328 I SystemServiceManager: Starting com.android.server.RecoverySystemService
07-09 09:27:16.453  1328  1328 V RescueParty: Disabled because of manual property
07-09 09:27:16.454  1328  1328 I SystemServer: StartLightsService
07-09 09:27:16.454  1328  1328 I SystemServer: Light Service
07-09 09:27:16.454  1328  1328 I SystemServiceManager: Starting com.android.server.lights.OppoLightsService
07-09 09:27:16.454  1328  1328 I SystemServer: StartSidekickService
07-09 09:27:16.454  1328  1328 I SystemServer: StartDisplayManager
07-09 09:27:16.454  1328  1328 I SystemServer: DisplayManager Service
07-09 09:27:16.454  1328  1328 I SystemServiceManager: Starting com.android.server.display.DisplayManagerService
07-09 09:27:16.455  1809  1809 I NetUtilsWrapper: Unexpected command: /system/bin/iptables -w -W 10000 -t mangle -A PREROUTING -m mark --mark 0x20 -j ACCEPT
07-09 09:27:16.462  1328  1328 I SystemServer: WaitForDisplay
07-09 09:27:16.462  1328  1328 I SystemServiceManager: Starting phase 100
07-09 09:27:16.488   807  1022 I SDM     : HWCDisplay::GetColorModeCount: Supported color mode count = 3
07-09 09:27:16.488   807  1022 I SDM     : HWCDisplay::GetColorModes: Color mode = 0 is supported
07-09 09:27:16.488   807  1022 I SDM     : HWCDisplay::GetColorModes: Color mode = 7 is supported
07-09 09:27:16.488   807  1022 I SDM     : HWCDisplay::GetColorModes: Color mode = 9 is supported
07-09 09:27:16.502   807  1022 I SDM     : HWCDisplay::GetColorModeCount: Supported color mode count = 3
07-09 09:27:16.502   807  1022 I SDM     : HWCDisplay::GetColorModes: Color mode = 0 is supported
07-09 09:27:16.502   807  1022 I SDM     : HWCDisplay::GetColorModes: Color mode = 7 is supported
07-09 09:27:16.502   807  1022 I SDM     : HWCDisplay::GetColorModes: Color mode = 9 is supported
07-09 09:27:16.523  1328  1769 I DisplayManagerService: Display device added: DisplayDeviceInfo{"": uniqueId="local:0", 1080 x 2400, modeId 1, defaultModeId 1, supportedModes [{id=1, width=1080, height=2400, fps=61.000004}], colorMode 0, supportedColorModes [0, 7, 9], HdrCapabilities android.view.Display$HdrCapabilities@578cbce3, density 480, 397.565 x 411.891 dpi, appVsyncOff 1000000, presDeadline 16393442, touch INTERNAL, rotation 0, type BUILT_IN, state UNKNOWN, FLAG_DEFAULT_DISPLAY, FLAG_ROTATES_WITH_CONTENT, FLAG_SECURE, FLAG_SUPPORTS_PROTECTED_BUFFERS}
07-09 09:27:16.524  1328  1769 I OppoProcessManager: addPkgToDisplayDeviceList pkg is null
07-09 09:27:16.524  1328  1769 D SurfaceControl: Set power mode=2, in nativeSetDisplayPowerMode
07-09 09:27:16.525   903   903 D SurfaceFlinger: Set power mode=2, type=0 flinger=0x7961c58000
07-09 09:27:16.525  1328  1769 D SurfaceControl: Set power mode=2, out nativeSetDisplayPowerMode
07-09 09:27:16.526  1071  1168 D BootAnimation: >2 count:26 fps:18 (ox:0, oy:1234, w:1080, h:300), rect(l:0, t:866, r:1080, b:1166)
07-09 09:27:16.531  1328  1769 I DisplayManagerService: Display device changed state: "", ON
07-09 09:27:16.531  1328  1328 W SystemServiceManager: Service com.android.server.display.DisplayManagerService took 69 ms in onBootPhase
07-09 09:27:16.532  1240  1570 I ServiceManager: Waiting for service 'package_native' on '/dev/binder'...
07-09 09:27:16.532  1328  1328 I SystemServer: StartPackageManagerService
07-09 09:27:16.536  1328  1328 I [PHOENIX]:  stage: ANDROID_PMS_INIT_START
07-09 09:27:16.541  1820  1820 I NetUtilsWrapper: Unexpected command: /system/bin/iptables -w -W 10000 -t mangle -D PREROUTING -m mark --mark 0x20 -j ACCEPT
07-09 09:27:16.550  1775  1775 E Diag_Lib:  Diag_LSM_Init: Failed to open handle to diag driver, error = 13
07-09 09:27:16.559  1328  1328 I CII_ColorInterceptSettings:  file = /data/oppo/coloros/trafficProtect/color_intercept_fw_config.xml exist = false
07-09 09:27:16.560  1328  1328 I CII_ColorInterceptSettings: load default rule list
07-09 09:27:16.569  1328  1328 D ColorPackageManager: readEncryptFile!!!
07-09 09:27:16.560  1775  1775 E Diag_Lib:  Diag_LSM_Init: Failed to open handle to diag driver, error = 13
07-09 09:27:16.618  1775  1775 E QMI_FW  : QMUXD: WARNING qmi_qmux_if_pwr_up_init failed! rc=-6
07-09 09:27:16.579  1328  1328 I chatty  : uid=1000 system_server identical 1 line
07-09 09:27:16.602  1328  1328 D ColorPackageManager: readEncryptFile!!!
07-09 09:27:16.635  1328  1838 E CommonDcsUploader: startHidlService
07-09 09:27:16.640  1328  1838 I android_os_HwBinder: HwBinder: Starting thread pool for commondcsservice
07-09 09:27:16.640  1240  1570 I ServiceManager: Waiting for service 'package_native' on '/dev/binder'...
07-09 09:27:16.650  1328  1328 I PackageManager: settingsExists=true packageVerifiedExists=true
07-09 09:27:16.737  1463  1463 W ServiceManagement: Waited one second for android.frameworks.fingerprintservice@1.0::IFingerprintHalService/fingerprintservice
07-09 09:27:16.745  1463  1463 I ServiceManagement: getService: Trying again for android.frameworks.fingerprintservice@1.0::IFingerprintHalService/fingerprintservice...
07-09 09:27:16.746  1240  1570 I ServiceManager: Waiting for service 'package_native' on '/dev/binder'...
07-09 09:27:16.761  1167  1167 W ServiceManagement: Waited one second for android.hardware.camera.provider@2.4::ICameraProvider/legacy/0
07-09 09:27:16.761   801   801 E CamX    : [ERROR][CSL    ] camxcslhwinternal.cpp:3086 CSLHwInternalDefaultIoctl() Ioctl failed for device /dev/v4l-subdev14 (Type:CSLHwImageSensor, FD:24, Index:25) with error reason Bad address
07-09 09:27:16.764  1167  1167 I ServiceManagement: getService: Trying again for android.hardware.camera.provider@2.4::ICameraProvider/legacy/0...
07-09 09:27:16.780  1328  1356 I system_server: Background concurrent copying GC freed 63966(3MB) AllocSpace objects, 28(1100KB) LOS objects, 42% free, 3MB/6MB, paused 369us total 116.638ms
07-09 09:27:16.798  1625  1625 D PerMgrLib: QCRIL voting for modem
07-09 09:27:16.798   882   922 D PerMgrSrv: QCRIL voting for modem
07-09 09:27:16.798   882   922 D PerMgrSrv: modem num voters is 3
07-09 09:27:16.827  1625  1625 E QMI_FW  : QMUXD: WARNING qmi_qmux_if_pwr_up_init failed! rc=-6
07-09 09:27:16.848  1240  1570 I ServiceManager: Waiting for service 'package_native' on '/dev/binder'...
07-09 09:27:16.907  1328  1328 I PackageManager: Packages.xml is ok
07-09 09:27:16.909  1328  1328 W PackageManager: load regionOCfeatures!
07-09 09:27:16.909  1328  1328 D PackageManager: loadRegionFeature callerName = android.uid.system:1000
07-09 09:27:16.914  1328  1328 I SystemConfig: Got feature oppo.null.OC
07-09 09:27:16.949  1240  1570 I ServiceManager: Waiting for service 'package_native' on '/dev/binder'...
07-09 09:27:17.039  1755  1755 E QTI_SDM_INFO: [qti_rmnet_peripheral.c:739] qti_file_open():Could not open device file. Errno 2 error msg=No such file or directory
07-09 09:27:17.050  1240  1570 I ServiceManager: Waiting for service 'package_native' on '/dev/binder'...
07-09 09:27:17.066  1328  1328 D CompatibilityHelper: 196586251 updateConfigVersion, type = filter-conf, value =         
07-09 09:27:17.067  1328  1328 D CompatibilityHelper: 196586251 updateConfigVersion, type = version, value = 20190704
07-09 09:27:17.067  1328  1328 D CompatibilityHelper: 196586251 updateConfigVersion, type = isOpen, value = 1
07-09 09:27:17.067  1328  1328 D CompatibilityHelper: 196586251 updateConfigVersion, type = filter-name, value = compatibility_whitelist_values
07-09 09:27:17.071  1328  1328 D RomUpdateHelper: Got execption parsing permissions.
07-09 09:27:17.083  1328  1328 D CompatibilityHelper: eventType = 4, text = 20190704
07-09 09:27:17.084  1328  1328 W PackageManager: /system/etc/oppo_customize_whitelist.xml file don't exist!
07-09 09:27:17.088  1328  1328 W PackageManager: /system/etc/customize_system_app_blacklist.xml file don't exist!
07-09 09:27:17.103  1328  1328 D SELinuxMMAC: Using policy file /system/etc/selinux/plat_mac_permissions.xml
07-09 09:27:17.110  1432  1499 W ServiceManagement: Waited one second for android.frameworks.sensorservice@1.0::ISensorManager/default
07-09 09:27:17.111  1328  1328 D SELinuxMMAC: Using policy file /vendor/etc/selinux/vendor_mac_permissions.xml
07-09 09:27:17.112  1432  1499 I ServiceManagement: getService: Trying again for android.frameworks.sensorservice@1.0::ISensorManager/default...
07-09 09:27:17.121  1328  1328 D FallbackCategoryProvider: Found 1 fallback categories
07-09 09:27:17.122  1328  1328 I PackageManager: start init SandboxApp 
07-09 09:27:17.155  1240  1570 I ServiceManager: Waiting for service 'package_native' on '/dev/binder'...
07-09 09:27:17.180  1625  1774 I Diag_Lib: reserve_integrate=true
07-09 09:27:17.214  1625  1774 W libc    : Unable to set property "sys.oppo.carrier_version" to "00000000": error code: 0x18
07-09 09:27:17.267  1625  1774 W libc    : Unable to set property "persist.oppo.network.operator" to "-1": error code: 0x18
07-09 09:27:17.267  1328  1356 I system_server: Background concurrent copying GC freed 35277(1571KB) AllocSpace objects, 17(676KB) LOS objects, 42% free, 5MB/8MB, paused 104us total 133.133ms
07-09 09:27:17.270  1625  1774 W libc    : Unable to set property "persist.sys.oppo.simlockoperator" to "-1": error code: 0x18
07-09 09:27:17.268  1240  1570 I ServiceManager: Waiting for service 'package_native' on '/dev/binder'...
07-09 09:27:17.278   807  1196 W ServiceManagement: Waited one second for android.frameworks.sensorservice@1.0::ISensorManager/default
07-09 09:27:17.280   807  1196 I ServiceManagement: getService: Trying again for android.frameworks.sensorservice@1.0::ISensorManager/default...
07-09 09:27:17.374  1240  1570 I ServiceManager: Waiting for service 'package_native' on '/dev/binder'...
07-09 09:27:17.442  1742  1742 D PerMgrLib: QCRIL voting for modem
07-09 09:27:17.443   882   922 D PerMgrSrv: QCRIL voting for modem
07-09 09:27:17.443   882   922 D PerMgrSrv: modem num voters is 4
07-09 09:27:17.476  1240  1570 I ServiceManager: Waiting for service 'package_native' on '/dev/binder'...
07-09 09:27:17.479  1742  1742 E QMI_FW  : QMUXD: WARNING qmi_qmux_if_pwr_up_init failed! rc=-6
07-09 09:27:17.481  1823  1823 W top     : type=1400 audit(0.0:452): avc: denied { sys_ptrace } for capability=19 scontext=u:r:perf_record:s0 tcontext=u:r:perf_record:s0 tclass=capability permissive=0
07-09 09:27:17.482  1328  1356 I system_server: Background concurrent copying GC freed 57949(2MB) AllocSpace objects, 2(40KB) LOS objects, 42% free, 7MB/13MB, paused 175us total 115.426ms
07-09 09:27:17.565  1742  1742 W libc    : Unable to set property "ro.vendor.ril.svlte1x" to "false": error code: 0xb
07-09 09:27:17.566  1742  1742 W libc    : Unable to set property "ro.vendor.ril.svdo" to "false": error code: 0xb
07-09 09:27:17.567   801   801 E CamX    : [ERROR][CSL    ] camxcslhwinternal.cpp:3086 CSLHwInternalDefaultIoctl() Ioctl failed for device /dev/v4l-subdev15 (Type:CSLHwImageSensor, FD:25, Index:26) with error reason Bad address
07-09 09:27:17.580  1240  1570 I ServiceManager: Waiting for service 'package_native' on '/dev/binder'...
07-09 09:27:17.673  1742  1787 I Diag_Lib: reserve_integrate=true
07-09 09:27:17.681  1240  1570 I ServiceManager: Waiting for service 'package_native' on '/dev/binder'...
07-09 09:27:17.686  1742  1787 W libc    : Unable to set property "sys.oppo.carrier_version" to "00000000": error code: 0x18
07-09 09:27:17.701  1742  1787 W libc    : Unable to set property "ro.oppo.nw.singlecard" to "false": error code: 0xb
07-09 09:27:17.705  1742  1787 W libc    : Unable to set property "persist.oppo.network.operator" to "-1": error code: 0x18
07-09 09:27:17.707  1742  1787 W libc    : Unable to set property "persist.sys.oppo.simlockoperator" to "-1": error code: 0x18
07-09 09:27:17.745  1463  1463 W ServiceManagement: Waited one second for android.frameworks.fingerprintservice@1.0::IFingerprintHalService/fingerprintservice
07-09 09:27:17.746  1463  1463 I ServiceManagement: getService: Trying again for android.frameworks.fingerprintservice@1.0::IFingerprintHalService/fingerprintservice...
07-09 09:27:17.765  1167  1167 W ServiceManagement: Waited one second for android.hardware.camera.provider@2.4::ICameraProvider/legacy/0
07-09 09:27:17.767  1167  1167 I ServiceManagement: getService: Trying again for android.hardware.camera.provider@2.4::ICameraProvider/legacy/0...
07-09 09:27:17.782  1240  1570 I ServiceManager: Waiting for service 'package_native' on '/dev/binder'...
07-09 09:27:17.889  1328  1328 I ColorRemovableAppManager: Version[1.0.33]
07-09 09:27:17.891  1328  1328 I ColorRemovableAppManager: /data/oppo/coloros/removableapp/removable_app_state.xml not exist.
07-09 09:27:17.892  1328  1328 E ColorRemovableAppManager: loadList::file /extra/etc/security/cup.list is empty
07-09 09:27:17.893  1328  1328 D ColorRemovableAppManager: loadList::file /data/preset_list.txt not exists
07-09 09:27:17.894  1328  1328 I OppoDataUpdater: OppoDataUpdaterVersion[1.1.9]
07-09 09:27:17.895  1328  1328 I PackageManager: OTA file path is no exist,normal boot
07-09 09:27:17.895  1328  1328 D OppoDataUpdater: init OppoDataUpdater, bootFromOTAMode[false]
07-09 09:27:17.895  1328  1328 I OppoDataUpdater: /data/oppo/coloros/dataupdate exists.
07-09 09:27:17.897  1328  1328 I OppoDataUpdater: /data/oppo/coloros/dataupdate/data_update_state.xml not exist, first update after ota.
07-09 09:27:17.898  1328  1328 D OppoDataUpdater: parse manual-state tag.
07-09 09:27:17.899  1328  1328 I PackageManager: OTA file path is no exist,normal boot
07-09 09:27:17.899  1328  1328 D PackageManagerCommonSoft: commonSoftInit
07-09 09:27:17.901  1328  1328 D PackageManagerCommonSoft: mPackageChannelHashMap key = com.kwai.mercury Value = kwai_lite_vn.appsflyer
07-09 09:27:17.901  1328  1328 D PackageManagerCommonSoft: mPackageChannelHashMap key = com.caiharbor.esim Value = caih_channel.txt
07-09 09:27:17.901  1328  1328 D PackageManagerCommonSoft: mPackageChannelHashMap key = com.zhangyue.read Value = iReader_preinstall.txt
07-09 09:27:17.901  1328  1328 D PackageManagerCommonSoft: mPackageChannelHashMap key = com.qidian.QDReader.traditional Value = qdtraditional_preinstall.txt
07-09 09:27:17.901  1328  1328 D PackageManagerCommonSoft: mPackageChannelHashMap key = com.vova.android Value = vova_appchannel.txt
07-09 09:27:17.901  1328  1328 D PackageManagerCommonSoft: mPackageChannelHashMap key = com.msd.JTClient Value = jtexpress_oppo_preburn.ini
07-09 09:27:17.901  1328  1328 D PackageManagerCommonSoft: mPackageChannelHashMap key = com.qidian.Int.reader Value = webnovel_appchannel.txt
07-09 09:27:17.901  1328  1328 D PackageManagerCommonSoft: mPackageChannelHashMap key = com.zing.mp3 Value = zalo_appchannel.in
07-09 09:27:17.901  1328  1328 D PackageManagerCommonSoft: mPackageChannelHashMap key = com.eterno Value = dailyhunt_preburn_oppo.txt
07-09 09:27:17.902  1328  1328 D PackageManagerCommonSoft: mPackageChannelHashMap key = com.UCMobile.intl Value = OPPO_36577_browserconfiginfo
07-09 09:27:17.902  1328  1328 D PackageManagerCommonSoft: mPackageChannelHashMap key = com.jakarta.baca.lite Value = com.jakarta.baca.lite_appchannel.txt
07-09 09:27:17.902  1328  1328 D PackageManagerCommonSoft: mPackageChannelHashMap key = com.qiyi.video Value = qiyioemkey.ini
07-09 09:27:17.902  1328  1328 D PackageManagerCommonSoft: mPackageChannelHashMap key = com.onmo.ugames Value = pre_install_onmo.appsflyer
07-09 09:27:17.902  1328  1328 D PackageManagerCommonSoft: mPackageChannelHashMap key = net.one97.paytm Value = paytm_preburn_oppo.txt
07-09 09:27:17.902  1328  1328 D PackageManagerCommonSoft: mPackageChannelHashMap key = com.shop.android Value = shopChannel.txt
07-09 09:27:17.902  1328  1328 D PackageManagerCommonSoft: mPackageChannelHashMap key = cn.wps.moffice_eng Value = wps.txt
07-09 09:27:17.902  1328  1328 D PackageManagerCommonSoft: mPackageChannelHashMap key = com.zing.zalo Value = zalo_appchannel.in
07-09 09:27:17.902  1328  1328 D PackageManagerCommonSoft: mPackageChannelHashMap key = com.kwai.video Value = kwai_vn.appsflyer
07-09 09:27:17.902  1328  1328 D PackageManagerCommonSoft: mPackageChannelHashMap key = com.xb.topnews Value = pre_install.topnews
07-09 09:27:17.902  1328  1328 D PackageManagerCommonSoft: mPackageChannelHashMap key = com.vng.inputmethod.labankey Value = zalo_appchannel.in
07-09 09:27:17.902  1328  1328 D PackageManagerCommonSoft: mPackageChannelHashMap key = com.til.timesnews Value = Newspoint_pre_install.appsflyer
07-09 09:27:17.902  1328  1328 D PackageManagerCommonSoft: mPackageChannelHashMap key = com.epi Value = zalo_appchannel.in
07-09 09:27:17.902  1328  1328 D PackageManagerCommonSoft: mPackageChannelHashMap key = com.daraz.android Value = darazChannel.txt
07-09 09:27:17.902  1328  1328 D PackageManagerCommonSoft: mPackageChannelHashMap key = com.lazada.android Value = lazadaChannel.txt
07-09 09:27:17.902  1328  1328 D PackageManagerCommonSoft: mPackageChannelHashMap key = ctrip.english Value = preinstall-oppo.txt
07-09 09:27:17.902  1328  1328 D PackageManagerCommonSoft: mPackageChannelHashMap key = org.kman.AquaMail Value = MobiSystems_AquaMail_OPPO.txt
07-09 09:27:17.907  1328  1328 D PackageManagerCommonSoft: load systemapp from file=/system/etc/blacklist/systemapp_common_-ID_common.txt
07-09 09:27:17.912  1328  1328 D PackageManagerCommonSoft: load systemapp from file=/system/etc/blacklist/systemapp_common_-IN_common.txt
07-09 09:27:17.915  1328  1328 D PackageManagerCommonSoft: load systemapp from file=/system/etc/blacklist/systemapp_common_-JP_common.txt
07-09 09:27:17.917  1328  1328 D PackageManagerCommonSoft: load systemapp from file=/system/etc/blacklist/systemapp_common_-KH_common.txt
07-09 09:27:17.919  1328  1328 D PackageManagerCommonSoft: load systemapp from file=/system/etc/blacklist/systemapp_common_-MY_common.txt
07-09 09:27:17.930  1328  1328 D PackageManagerCommonSoft: load systemapp from file=/system/etc/blacklist/systemapp_common_-PH_common.txt
07-09 09:27:17.932  1328  1328 D PackageManagerCommonSoft: load systemapp from file=/system/etc/blacklist/systemapp_common_-SG_common.txt
07-09 09:27:17.935  1328  1328 D PackageManagerCommonSoft: load systemapp from file=/system/etc/blacklist/systemapp_common_-TH_common.txt
07-09 09:27:17.936  1328  1328 D PackageManagerCommonSoft: load systemapp from file=/system/etc/blacklist/systemapp_common_-TW_common.txt
07-09 09:27:17.937  1328  1328 D PackageManagerCommonSoft: load systemapp from file=/system/etc/blacklist/systemapp_common_-VN_common.txt
07-09 09:27:17.939  1328  1328 D PackageManagerCommonSoft: load systemapp from file=/system/etc/blacklist/systemapp_common_common_-BOUYGUE.txt
07-09 09:27:17.942  1328  1328 D PackageManagerCommonSoft: load systemapp from file=/system/etc/blacklist/systemapp_common_common_-M1.txt
07-09 09:27:17.883  1240  1570 I ServiceManager: Waiting for service 'package_native' on '/dev/binder'...
07-09 09:27:17.943   801   801 E CamX    : [ERROR][SENSOR ] camxeepromdata.cpp:1345 FormatAFData() eeprom_name:imx586_gt24p128c2csli macroDAC:-1 infinityDAC:-1
07-09 09:27:17.944   801   801 E ISPHVX  : FormatPDAF2DData: versionNumber:65535
07-09 09:27:17.944   801   801 E ISPHVX  : FormatPDAF2DData: No Type2 PDAF Data, USe Default Value!!
07-09 09:27:17.946  1328  1328 D PackageManagerCommonSoft: load systemapp from file=/system/etc/blacklist/systemapp_common_common_-MOVISTAR.txt
07-09 09:27:17.951   801   801 E CamX    : [ERROR][SENSOR ] camxeepromdata.cpp:2601 CalculateAESync() Failed to open the master bin file
07-09 09:27:17.952   801   801 E CamX    : [ERROR][SENSOR ] camxeepromdata.cpp:2620 CalculateAESync() Failed to open the tele bin file
07-09 09:27:17.952   801   801 E CamX    : [ERROR][CSL    ] camxcslhw.cpp:300 CSLCloseHW() Dump any orphaned and acquired devices after close CSLHandle=5636608
07-09 09:27:17.952   801   801 E CamX    : [ERROR][SENSOR ] camximagesensormoduledata.cpp:861 ValidcheckAFOTPData() /data/vendor/camera/PDAFDCCCalibration_imx586_gt24p128c2csli.bin PDAFDCCCalibration Data not available
07-09 09:27:17.952  1328  1328 D PackageManagerCommonSoft: load systemapp from file=/system/etc/blacklist/systemapp_common_common_-ORANGE.txt
07-09 09:27:17.955  1328  1328 D PackageManagerCommonSoft: load systemapp from file=/system/etc/blacklist/systemapp_common_common_-SINGTEL.txt
07-09 09:27:17.958  1328  1328 D PackageManagerCommonSoft: load systemapp from file=/system/etc/blacklist/systemapp_common_common_-UQMOBILE.txt
07-09 09:27:17.960  1328  1328 D PackageManagerCommonSoft: load systemapp from file=/system/etc/blacklist/systemapp_common_common_-VODAFONE_EUEX.txt
07-09 09:27:17.964  1328  1328 D PackageManagerCommonSoft: load systempath from file=/system/etc/blacklist/systempath_common_-ID_common.txt
07-09 09:27:17.966  1328  1328 D PackageManagerCommonSoft: load systempath from file=/system/etc/blacklist/systempath_common_-IN_common.txt
07-09 09:27:17.970  1328  1328 D PackageManagerCommonSoft: load persistpath from file=/data/engineermode/persistpath_-17061_common_common.txt
07-09 09:27:17.972  1328  1328 D PackageManagerCommonSoft: load persistpath from file=/data/engineermode/persistpath_-17062_common_common.txt
07-09 09:27:17.974  1328  1328 D PackageManagerCommonSoft: load persistpath from file=/data/engineermode/persistpath_-17063_common_common.txt
07-09 09:27:17.975  1071  1168 I BootAnimation: set sys.sf.bootaonce flags...
07-09 09:27:17.975  1071  1168 D BootAnimation: current priority: -20
07-09 09:27:17.975  1328  1328 D PackageManagerCommonSoft: load persistpath from file=/data/engineermode/persistpath_-17179_common_common.txt
07-09 09:27:17.975  1071  1168 I BootAnimation: prop = 0
07-09 09:27:17.977  1328  1328 D PackageManagerCommonSoft: load persistpath from file=/data/engineermode/persistpath_-17199_common_common.txt
07-09 09:27:17.980  1328  1328 D PackageManagerCommonSoft: load persistpath from file=/data/engineermode/persistpath_-17337_common_common.txt
07-09 09:27:17.981  1328  1328 D PackageManagerCommonSoft: load persistpath from file=/data/engineermode/persistpath_-17338_common_common.txt
07-09 09:27:17.982  1328  1328 D PackageManagerCommonSoft: load persistpath from file=/data/engineermode/persistpath_-17339_common_common.txt
07-09 09:27:17.984  1328  1328 D PackageManagerCommonSoft: load persistpath from file=/data/engineermode/persistpath_-17340_common_common.txt
07-09 09:27:17.985  1240  1570 I ServiceManager: Waiting for service 'package_native' on '/dev/binder'...
07-09 09:27:17.987  1328  1328 D PackageManagerCommonSoft: load persistpath from file=/data/engineermode/persistpath_-17341_common_common.txt
07-09 09:27:17.988  1328  1328 D PackageManagerCommonSoft: load persistpath from file=/data/engineermode/persistpath_-18311_common_common.txt
07-09 09:27:17.989  1328  1328 D PackageManagerCommonSoft: load persistpath from file=/data/engineermode/persistpath_-18312_common_common.txt
07-09 09:27:17.991  1328  1328 D PackageManagerCommonSoft: load persistpath from file=/data/engineermode/persistpath_-18313_common_common.txt
07-09 09:27:17.993  1328  1328 D PackageManagerCommonSoft: load persistpath from file=/data/engineermode/persistpath_-18317_common_common.txt
07-09 09:27:17.995  1328  1328 D PackageManagerCommonSoft: load persistpath from file=/data/engineermode/persistpath_-18323_common_common.txt
07-09 09:27:17.996  1328  1328 D PackageManagerCommonSoft: load persistpath from file=/data/engineermode/persistpath_-18328_common_common.txt
07-09 09:27:17.999  1328  1328 D PackageManagerCommonSoft: load persistpath from file=/data/engineermode/persistpath_-18525_common_common.txt
07-09 09:27:18.002  1328  1328 D PackageManagerCommonSoft: load persistpath from file=/data/engineermode/persistpath_-18531_common_common.txt
07-09 09:27:18.003  1328  1328 D PackageManagerCommonSoft: load persistpath from file=/data/engineermode/persistpath_-18532_common_common.txt
07-09 09:27:18.005  1328  1328 D PackageManagerCommonSoft: load persistpath from file=/data/engineermode/persistpath_-18533_common_common.txt
07-09 09:27:18.007  1328  1328 D PackageManagerCommonSoft: load persistpath from file=/data/engineermode/persistpath_-18540_common_common.txt
07-09 09:27:18.008  1328  1328 D PackageManagerCommonSoft: load persistpath from file=/data/engineermode/persistpath_-18541_common_common.txt
07-09 09:27:18.010  1328  1328 D PackageManagerCommonSoft: load persistpath from file=/data/engineermode/persistpath_-18542_common_common.txt
07-09 09:27:18.012  1328  1328 D PackageManagerCommonSoft: load persistpath from file=/data/engineermode/persistpath_-18543_common_common.txt
07-09 09:27:18.014  1328  1328 D PackageManagerCommonSoft: load persistpath from file=/data/engineermode/persistpath_-18545_common_common.txt
07-09 09:27:18.016  1328  1328 D PackageManagerCommonSoft: load persistpath from file=/data/engineermode/persistpath_-18546_common_common.txt
07-09 09:27:18.018  1328  1328 D PackageManagerCommonSoft: load persistpath from file=/data/engineermode/persistpath_-18561_common_common.txt
07-09 09:27:18.020  1328  1328 D PackageManagerCommonSoft: load persistpath from file=/data/engineermode/persistpath_-18562_common_common.txt
07-09 09:27:18.022  1328  1328 D PackageManagerCommonSoft: load persistpath from file=/data/engineermode/persistpath_-18563_common_common.txt
07-09 09:27:18.023  1328  1328 D PackageManagerCommonSoft: load persistpath from file=/data/engineermode/persistpath_-18566_common_common.txt
07-09 09:27:18.024  1328  1328 D PackageManagerCommonSoft: load persistpath from file=/data/engineermode/persistpath_-18567_common_common.txt
07-09 09:27:18.026  1328  1328 D PackageManagerCommonSoft: load persistpath from file=/data/engineermode/persistpath_-18568_common_common.txt
07-09 09:27:18.028  1328  1328 D PackageManagerCommonSoft: load persistpath from file=/data/engineermode/persistpath_-18569_common_common.txt
07-09 09:27:18.029  1328  1328 D PackageManagerCommonSoft: load persistpath from file=/data/engineermode/persistpath_-19321_common_common.txt
07-09 09:27:18.031  1328  1328 D PackageManagerCommonSoft: load persistpath from file=/data/engineermode/persistpath_-19322_common_common.txt
07-09 09:27:18.033  1328  1328 D PackageManagerCommonSoft: load persistpath from file=/data/engineermode/persistpath_-19323_common_common.txt
07-09 09:27:18.035  1328  1328 D PackageManagerCommonSoft: load persistpath from file=/data/engineermode/persistpath_-19325_common_common.txt
07-09 09:27:18.037  1328  1328 D PackageManagerCommonSoft: load persistpath from file=/data/engineermode/persistpath_-19326_common_common.txt
07-09 09:27:18.039  1328  1328 D PackageManagerCommonSoft: load persistpath from file=/data/engineermode/persistpath_-19327_common_common.txt
07-09 09:27:18.040  1755  1755 E QTI_SDM_INFO: [qti_rmnet_peripheral.c:739] qti_file_open():Could not open device file. Errno 2 error msg=No such file or directory
07-09 09:27:18.042  1328  1328 D PackageManagerCommonSoft: load persistpath from file=/data/engineermode/persistpath_-19328_common_common.txt
07-09 09:27:18.044  1328  1328 D PackageManagerCommonSoft: load persistpath from file=/data/engineermode/persistpath_-19329_common_common.txt
07-09 09:27:18.046  1328  1328 D PackageManagerCommonSoft: load persistpath from file=/data/engineermode/persistpath_19331_common_common.txt
07-09 09:27:18.048  1328  1328 D PackageManagerCommonSoft: load persistpath from file=/data/engineermode/persistpath_common_-EUEX_-TELSTRA.txt
07-09 09:27:18.050  1328  1328 D PackageManagerCommonSoft: load persistpath from file=/data/engineermode/persistpath_common_-EUEX_-TELSTRA_POSTPAID.txt
07-09 09:27:18.052  1328  1328 D PackageManagerCommonSoft: load persistpath from file=/data/engineermode/persistpath_common_-EUEX_-TELSTRA_PREPAID.txt
07-09 09:27:18.054  1328  1328 D PackageManagerCommonSoft: load persistpath from file=/data/engineermode/persistpath_common_-IN_common.txt
07-09 09:27:18.056  1328  1328 D PackageManagerCommonSoft: load persistpath from file=/data/engineermode/persistpath_common_common_-OPTUS_POSTPAID.txt
07-09 09:27:18.058  1328  1328 D PackageManagerCommonSoft: load persistpath from file=/data/engineermode/persistpath_common_common_-OPTUS_PREPAID.txt
07-09 09:27:18.059  1328  1328 D PackageManagerCommonSoft: load persistpath from file=/data/engineermode/persistpath_common_common_-TELSTRA_POSTPAID.txt
07-09 09:27:18.061  1328  1328 D PackageManagerCommonSoft: load persistpath from file=/data/engineermode/persistpath_common_common_-TELSTRA_PREPAID.txt
07-09 09:27:18.063  1328  1328 D PackageManagerCommonSoft: load persistpath from file=/data/engineermode/persistpath_common_common_-VODAFONE_POSTPAID.txt
07-09 09:27:18.064  1328  1328 D PackageManagerCommonSoft: load persistpath from file=/data/engineermode/persistpath_common_common_-VODAFONE_PREPAID.txt
07-09 09:27:18.066  1328  1328 D PackageManagerCommonSoft: load persistpath from file=/data/engineermode/persistpath_common_common_common.txt
07-09 09:27:18.070  1328  1328 D PackageManagerCommonSoft: load persistname from file=/data/engineermode/persistname_-17061_common_common.txt
07-09 09:27:18.071  1328  1328 D PackageManagerCommonSoft: load persistname from file=/data/engineermode/persistname_-17062_common_common.txt
07-09 09:27:18.072  1328  1328 D PackageManagerCommonSoft: load persistname from file=/data/engineermode/persistname_-17063_common_common.txt
07-09 09:27:18.074  1328  1328 D PackageManagerCommonSoft: load persistname from file=/data/engineermode/persistname_-17179_common_common.txt
07-09 09:27:18.076  1328  1328 D PackageManagerCommonSoft: load persistname from file=/data/engineermode/persistname_-17199_common_common.txt
07-09 09:27:18.078  1328  1328 D PackageManagerCommonSoft: load persistname from file=/data/engineermode/persistname_-17337_common_common.txt
07-09 09:27:18.080  1328  1328 D PackageManagerCommonSoft: load persistname from file=/data/engineermode/persistname_-17338_common_common.txt
07-09 09:27:18.082  1328  1328 D PackageManagerCommonSoft: load persistname from file=/data/engineermode/persistname_-17339_common_common.txt
07-09 09:27:18.083  1328  1328 D PackageManagerCommonSoft: load persistname from file=/data/engineermode/persistname_-17340_common_common.txt
07-09 09:27:18.086  1328  1328 D PackageManagerCommonSoft: load persistname from file=/data/engineermode/persistname_-17341_common_common.txt
07-09 09:27:18.087  1240  1570 I ServiceManager: Waiting for service 'package_native' on '/dev/binder'...
07-09 09:27:18.087  1328  1328 D PackageManagerCommonSoft: load persistname from file=/data/engineermode/persistname_-18311_common_common.txt
07-09 09:27:18.089  1328  1328 D PackageManagerCommonSoft: load persistname from file=/data/engineermode/persistname_-18312_common_common.txt
07-09 09:27:18.090  1328  1356 I system_server: Background concurrent copying GC freed 91745(4MB) AllocSpace objects, 19(380KB) LOS objects, 42% free, 11MB/19MB, paused 101us total 133.333ms
07-09 09:27:18.091  1328  1328 D PackageManagerCommonSoft: load persistname from file=/data/engineermode/persistname_-18313_common_common.txt
07-09 09:27:18.094  1328  1328 D PackageManagerCommonSoft: load persistname from file=/data/engineermode/persistname_-18317_common_common.txt
07-09 09:27:18.096  1328  1328 D PackageManagerCommonSoft: load persistname from file=/data/engineermode/persistname_-18323_common_common.txt
07-09 09:27:18.097  1328  1328 D PackageManagerCommonSoft: load persistname from file=/data/engineermode/persistname_-18328_common_common.txt
07-09 09:27:18.099  1328  1328 D PackageManagerCommonSoft: load persistname from file=/data/engineermode/persistname_-18525_common_common.txt
07-09 09:27:18.101  1328  1328 D PackageManagerCommonSoft: load persistname from file=/data/engineermode/persistname_-18531_common_common.txt
07-09 09:27:18.103  1328  1328 D PackageManagerCommonSoft: load persistname from file=/data/engineermode/persistname_-18532_common_common.txt
07-09 09:27:18.105  1328  1328 D PackageManagerCommonSoft: load persistname from file=/data/engineermode/persistname_-18533_common_common.txt
07-09 09:27:18.106   801   801 E CamX    : [ERROR][CSL    ] camxcslhw.cpp:300 CSLCloseHW() Dump any orphaned and acquired devices after close CSLHandle=4325888
07-09 09:27:18.106  1328  1328 D PackageManagerCommonSoft: load persistname from file=/data/engineermode/persistname_-18540_common_common.txt
07-09 09:27:18.107   801   801 E CamX    : [ERROR][SENSOR ] camximagesensormoduledata.cpp:804 ValidcheckAFOTPData() /data/vendor/camera/AFCalibration_imx471_m24c64s.bin AFCalibration Data not available
07-09 09:27:18.107   801   801 E CamX    : [ERROR][SENSOR ] camximagesensormoduledata.cpp:838 ValidcheckAFOTPData() /data/vendor/camera/SPCCalibration_imx471_m24c64s.bin SPCCalibration Data not available
07-09 09:27:18.107   801   801 E CamX    : [ERROR][SENSOR ] camximagesensormoduledata.cpp:861 ValidcheckAFOTPData() /data/vendor/camera/PDAFDCCCalibration_imx471_m24c64s.bin PDAFDCCCalibration Data not available
07-09 09:27:18.107   801   801 E CamX    : [ERROR][SENSOR ] camximagesensormoduledata.cpp:884 ValidcheckAFOTPData() /data/vendor/camera/PDAF2DCalibration_imx471_m24c64s.bin PDAF2DCalibration Data not available
07-09 09:27:18.108  1328  1328 D PackageManagerCommonSoft: load persistname from file=/data/engineermode/persistname_-18541_common_common.txt
07-09 09:27:18.110  1328  1328 D PackageManagerCommonSoft: load persistname from file=/data/engineermode/persistname_-18542_common_common.txt
07-09 09:27:18.112  1328  1328 D PackageManagerCommonSoft: load persistname from file=/data/engineermode/persistname_-18543_common_common.txt
07-09 09:27:18.113  1432  1499 W ServiceManagement: Waited one second for android.frameworks.sensorservice@1.0::ISensorManager/default
07-09 09:27:18.114  1328  1328 D PackageManagerCommonSoft: load persistname from file=/data/engineermode/persistname_-18545_common_common.txt
07-09 09:27:18.115  1432  1499 I ServiceManagement: getService: Trying again for android.frameworks.sensorservice@1.0::ISensorManager/default...
07-09 09:27:18.120  1328  1328 D PackageManagerCommonSoft: load persistname from file=/data/engineermode/persistname_-18546_common_common.txt
07-09 09:27:18.121  1328  1328 D PackageManagerCommonSoft: load persistname from file=/data/engineermode/persistname_-18561_common_common.txt
07-09 09:27:18.122  1328  1328 D PackageManagerCommonSoft: load persistname from file=/data/engineermode/persistname_-18562_common_common.txt
07-09 09:27:18.124  1328  1328 D PackageManagerCommonSoft: load persistname from file=/data/engineermode/persistname_-18563_common_common.txt
07-09 09:27:18.125  1328  1328 D PackageManagerCommonSoft: load persistname from file=/data/engineermode/persistname_-18566_common_common.txt
07-09 09:27:18.127  1328  1328 D PackageManagerCommonSoft: load persistname from file=/data/engineermode/persistname_-18567_common_common.txt
07-09 09:27:18.128  1328  1328 D PackageManagerCommonSoft: load persistname from file=/data/engineermode/persistname_-18568_common_common.txt
07-09 09:27:18.129  1328  1328 D PackageManagerCommonSoft: load persistname from file=/data/engineermode/persistname_-18569_common_common.txt
07-09 09:27:18.131  1328  1328 D PackageManagerCommonSoft: load persistname from file=/data/engineermode/persistname_-19321_common_common.txt
07-09 09:27:18.132  1328  1328 D PackageManagerCommonSoft: load persistname from file=/data/engineermode/persistname_-19322_common_common.txt
07-09 09:27:18.134  1328  1328 D PackageManagerCommonSoft: load persistname from file=/data/engineermode/persistname_-19323_common_common.txt
07-09 09:27:18.135  1328  1328 D PackageManagerCommonSoft: load persistname from file=/data/engineermode/persistname_-19325_common_common.txt
07-09 09:27:18.137  1328  1328 D PackageManagerCommonSoft: load persistname from file=/data/engineermode/persistname_-19326_common_common.txt
07-09 09:27:18.139  1328  1328 D PackageManagerCommonSoft: load persistname from file=/data/engineermode/persistname_-19327_common_common.txt
07-09 09:27:18.140  1328  1328 D PackageManagerCommonSoft: load persistname from file=/data/engineermode/persistname_-19328_common_common.txt
07-09 09:27:18.142  1328  1328 D PackageManagerCommonSoft: load persistname from file=/data/engineermode/persistname_-19329_common_common.txt
07-09 09:27:18.146  1328  1328 D PackageManagerCommonSoft: load persistname from file=/data/engineermode/persistname_19331_common_common.txt
07-09 09:27:18.147  1328  1328 D PackageManagerCommonSoft: load persistname from file=/data/engineermode/persistname_common_-IN_common.txt
07-09 09:27:18.149  1328  1328 D PackageManagerCommonSoft: load persistname from file=/data/engineermode/persistname_common_common_-OPTUS_POSTPAID.txt
07-09 09:27:18.151  1328  1328 D PackageManagerCommonSoft: load persistname from file=/data/engineermode/persistname_common_common_-OPTUS_PREPAID.txt
07-09 09:27:18.152  1328  1328 D PackageManagerCommonSoft: load persistname from file=/data/engineermode/persistname_common_common_-TELSTRA.txt
07-09 09:27:18.155  1328  1328 D PackageManagerCommonSoft: load persistname from file=/data/engineermode/persistname_common_common_-TELSTRA_POSTPAID.txt
07-09 09:27:18.156  1328  1328 D PackageManagerCommonSoft: load persistname from file=/data/engineermode/persistname_common_common_-TELSTRA_PREPAID.txt
07-09 09:27:18.158  1328  1328 D PackageManagerCommonSoft: load persistname from file=/data/engineermode/persistname_common_common_-VODAFONE_POSTPAID.txt
07-09 09:27:18.160  1328  1328 D PackageManagerCommonSoft: load persistname from file=/data/engineermode/persistname_common_common_-VODAFONE_PREPAID.txt
07-09 09:27:18.162  1328  1328 D PackageManagerCommonSoft: load persistname from file=/data/engineermode/persistname_common_common_common.txt
07-09 09:27:18.167  1328  1328 D PackageManagerCommonSoft: load gboard from file=/data/engineermode/gboard_common_-EUEX_common.txt
07-09 09:27:18.169  1328  1328 D PackageManagerCommonSoft: load gboard from file=/data/engineermode/gboard_common_-ID_common.txt
07-09 09:27:18.171  1328  1328 D PackageManagerCommonSoft: load gboard from file=/data/engineermode/gboard_common_-IN_common.txt
07-09 09:27:18.173  1328  1328 D PackageManagerCommonSoft: load gboard from file=/data/engineermode/gboard_common_-JP_common.txt
07-09 09:27:18.175  1328  1328 D PackageManagerCommonSoft: load gboard from file=/data/engineermode/gboard_common_-MM_common.txt
