05-10 15:05:06.826  1481  2154 V ColorCornerRadiusAnimation: applyTransformation currentRadius =:186.65988,callerandroid.view.animation.Animation.getTransformation:911 android.view.animation.Animation.getTransformation:985 android.view.animation.AnimationSet.getTransformation:384 com.android.server.wm.WindowAnimationSpec.apply:98 com.android.server.wm.SurfaceAnimationRunner.applyTransformation:231 com.android.server.wm.SurfaceAnimationRunner.lambda$startAnimationLocked$3:181 
05-10 15:05:06.826  1481  2154 V ColorCornerRadiusAnimation:  t =:Transformation{alpha=1.0 matrix=[1.0, 0.0, 0.0][0.0, 1.0, 0.0][0.0, 0.0, 1.0]}
05-10 15:05:06.843  1481  2154 V ColorCornerRadiusAnimation: applyTransformation currentRadius =:160.9914,callerandroid.view.animation.Animation.getTransformation:911 android.view.animation.Animation.getTransformation:985 android.view.animation.AnimationSet.getTransformation:384 com.android.server.wm.WindowAnimationSpec.apply:98 com.android.server.wm.SurfaceAnimationRunner.applyTransformation:231 com.android.server.wm.SurfaceAnimationRunner.lambda$startAnimationLocked$3:181 
05-10 15:05:06.843  1481  2154 V ColorCornerRadiusAnimation:  t =:Transformation{alpha=1.0 matrix=[1.0, 0.0, 0.0][0.0, 1.0, 0.0][0.0, 0.0, 1.0]}
05-10 15:05:06.860  1481  2154 V ColorCornerRadiusAnimation: applyTransformation currentRadius =:134.05933,callerandroid.view.animation.Animation.getTransformation:911 android.view.animation.Animation.getTransformation:985 android.view.animation.AnimationSet.getTransformation:384 com.android.server.wm.WindowAnimationSpec.apply:98 com.android.server.wm.SurfaceAnimationRunner.applyTransformation:231 com.android.server.wm.SurfaceAnimationRunner.lambda$startAnimationLocked$3:181 
05-10 15:05:06.860  1481  2154 V ColorCornerRadiusAnimation:  t =:Transformation{alpha=1.0 matrix=[1.0, 0.0, 0.0][0.0, 1.0, 0.0][0.0, 0.0, 1.0]}
05-10 15:05:06.864  1481  9627 D CameraService_proxy: notifyHypnus camera status open
05-10 15:05:06.876  1481  2154 V ColorCornerRadiusAnimation: applyTransformation currentRadius =:121.80917,callerandroid.view.animation.Animation.getTransformation:911 android.view.animation.Animation.getTransformation:985 android.view.animation.AnimationSet.getTransformation:384 com.android.server.wm.WindowAnimationSpec.apply:98 com.android.server.wm.SurfaceAnimationRunner.applyTransformation:231 com.android.server.wm.SurfaceAnimationRunner.lambda$startAnimationLocked$3:181 
05-10 15:05:06.876  1481  2154 V ColorCornerRadiusAnimation:  t =:Transformation{alpha=1.0 matrix=[1.0, 0.0, 0.0][0.0, 1.0, 0.0][0.0, 0.0, 1.0]}
05-10 15:05:06.893  1481  2154 V ColorCornerRadiusAnimation: applyTransformation currentRadius =:115.34747,callerandroid.view.animation.Animation.getTransformation:911 android.view.animation.Animation.getTransformation:985 android.view.animation.AnimationSet.getTransformation:384 com.android.server.wm.WindowAnimationSpec.apply:98 com.android.server.wm.SurfaceAnimationRunner.applyTransformation:231 com.android.server.wm.SurfaceAnimationRunner.lambda$startAnimationLocked$3:181 
05-10 15:05:06.893  1481  2154 V ColorCornerRadiusAnimation:  t =:Transformation{alpha=1.0 matrix=[1.0, 0.0, 0.0][0.0, 1.0, 0.0][0.0, 0.0, 1.0]}
05-10 15:05:06.910  1481  2154 V ColorCornerRadiusAnimation: applyTransformation currentRadius =:111.18646,callerandroid.view.animation.Animation.getTransformation:911 android.view.animation.Animation.getTransformation:985 android.view.animation.AnimationSet.getTransformation:384 com.android.server.wm.WindowAnimationSpec.apply:98 com.android.server.wm.SurfaceAnimationRunner.applyTransformation:231 com.android.server.wm.SurfaceAnimationRunner.lambda$startAnimationLocked$3:181 
05-10 15:05:06.910  1481  2154 V ColorCornerRadiusAnimation:  t =:Transformation{alpha=1.0 matrix=[1.0, 0.0, 0.0][0.0, 1.0, 0.0][0.0, 0.0, 1.0]}
05-10 15:05:06.926  1481  2154 V ColorCornerRadiusAnimation: applyTransformation currentRadius =:108.526505,callerandroid.view.animation.Animation.getTransformation:911 android.view.animation.Animation.getTransformation:985 android.view.animation.AnimationSet.getTransformation:384 com.android.server.wm.WindowAnimationSpec.apply:98 com.android.server.wm.SurfaceAnimationRunner.applyTransformation:231 com.android.server.wm.SurfaceAnimationRunner.lambda$startAnimationLocked$3:181 
05-10 15:05:06.926  1481  2154 V ColorCornerRadiusAnimation:  t =:Transformation{alpha=1.0 matrix=[1.0, 0.0, 0.0][0.0, 1.0, 0.0][0.0, 0.0, 1.0]}
05-10 15:05:06.943  1481  2154 V ColorCornerRadiusAnimation: applyTransformation currentRadius =:106.49565,callerandroid.view.animation.Animation.getTransformation:911 android.view.animation.Animation.getTransformation:985 android.view.animation.AnimationSet.getTransformation:384 com.android.server.wm.WindowAnimationSpec.apply:98 com.android.server.wm.SurfaceAnimationRunner.applyTransformation:231 com.android.server.wm.SurfaceAnimationRunner.lambda$startAnimationLocked$3:181 
05-10 15:05:06.943  1481  2154 V ColorCornerRadiusAnimation:  t =:Transformation{alpha=1.0 matrix=[1.0, 0.0, 0.0][0.0, 1.0, 0.0][0.0, 0.0, 1.0]}
05-10 15:05:06.960  1481  2154 V ColorCornerRadiusAnimation: applyTransformation currentRadius =:105.04329,callerandroid.view.animation.Animation.getTransformation:911 android.view.animation.Animation.getTransformation:985 android.view.animation.AnimationSet.getTransformation:384 com.android.server.wm.WindowAnimationSpec.apply:98 com.android.server.wm.SurfaceAnimationRunner.applyTransformation:231 com.android.server.wm.SurfaceAnimationRunner.lambda$startAnimationLocked$3:181 
05-10 15:05:06.960  1481  2154 V ColorCornerRadiusAnimation:  t =:Transformation{alpha=1.0 matrix=[1.0, 0.0, 0.0][0.0, 1.0, 0.0][0.0, 0.0, 1.0]}
05-10 15:05:06.976  1481  2154 V ColorCornerRadiusAnimation: applyTransformation currentRadius =:104.00415,callerandroid.view.animation.Animation.getTransformation:911 android.view.animation.Animation.getTransformation:985 android.view.animation.AnimationSet.getTransformation:384 com.android.server.wm.WindowAnimationSpec.apply:98 com.android.server.wm.SurfaceAnimationRunner.applyTransformation:231 com.android.server.wm.SurfaceAnimationRunner.lambda$startAnimationLocked$3:181 
05-10 15:05:06.976  1481  2154 V ColorCornerRadiusAnimation:  t =:Transformation{alpha=1.0 matrix=[1.0, 0.0, 0.0][0.0, 1.0, 0.0][0.0, 0.0, 1.0]}
05-10 15:05:06.993  1481  2154 V ColorCornerRadiusAnimation: applyTransformation currentRadius =:103.122284,callerandroid.view.animation.Animation.getTransformation:911 android.view.animation.Animation.getTransformation:985 android.view.animation.AnimationSet.getTransformation:384 com.android.server.wm.WindowAnimationSpec.apply:98 com.android.server.wm.SurfaceAnimationRunner.applyTransformation:231 com.android.server.wm.SurfaceAnimationRunner.lambda$startAnimationLocked$3:181 
05-10 15:05:06.993  1481  2154 V ColorCornerRadiusAnimation:  t =:Transformation{alpha=1.0 matrix=[1.0, 0.0, 0.0][0.0, 1.0, 0.0][0.0, 0.0, 1.0]}
05-10 15:05:07.010  1481  2154 V ColorCornerRadiusAnimation: applyTransformation currentRadius =:102.646194,callerandroid.view.animation.Animation.getTransformation:911 android.view.animation.Animation.getTransformation:985 android.view.animation.AnimationSet.getTransformation:384 com.android.server.wm.WindowAnimationSpec.apply:98 com.android.server.wm.SurfaceAnimationRunner.applyTransformation:231 com.android.server.wm.SurfaceAnimationRunner.lambda$startAnimationLocked$3:181 
05-10 15:05:07.010  1481  2154 V ColorCornerRadiusAnimation:  t =:Transformation{alpha=1.0 matrix=[1.0, 0.0, 0.0][0.0, 1.0, 0.0][0.0, 0.0, 1.0]}
05-10 15:05:07.026  1481  2154 V ColorCornerRadiusAnimation: applyTransformation currentRadius =:102.24609,callerandroid.view.animation.Animation.getTransformation:911 android.view.animation.Animation.getTransformation:985 android.view.animation.AnimationSet.getTransformation:384 com.android.server.wm.WindowAnimationSpec.apply:98 com.android.server.wm.SurfaceAnimationRunner.applyTransformation:231 com.android.server.wm.SurfaceAnimationRunner.lambda$startAnimationLocked$3:181 
05-10 15:05:07.026  1481  2154 V ColorCornerRadiusAnimation:  t =:Transformation{alpha=1.0 matrix=[1.0, 0.0, 0.0][0.0, 1.0, 0.0][0.0, 0.0, 1.0]}
05-10 15:05:07.039  1481  9627 D ActivityManager: getContentProviderImpl, cpr:ContentProviderRecord{9a5bbca u0 com.coloros.safecenter/.common.provider.SafeProvider}, name:com.color.provider.SafeProvider callingPid 7505
05-10 15:05:07.039  1481  9627 D ActivityManager: getContentProviderImpl 02, cpr:ContentProviderRecord{9a5bbca u0 com.coloros.safecenter/.common.provider.SafeProvider}
05-10 15:05:07.043  1481  2154 V ColorCornerRadiusAnimation: applyTransformation currentRadius =:102.05765,callerandroid.view.animation.Animation.getTransformation:911 android.view.animation.Animation.getTransformation:985 android.view.animation.AnimationSet.getTransformation:384 com.android.server.wm.WindowAnimationSpec.apply:98 com.android.server.wm.SurfaceAnimationRunner.applyTransformation:231 com.android.server.wm.SurfaceAnimationRunner.lambda$startAnimationLocked$3:181 
05-10 15:05:07.043  1481  2154 V ColorCornerRadiusAnimation:  t =:Transformation{alpha=1.0 matrix=[1.0, 0.0, 0.0][0.0, 1.0, 0.0][0.0, 0.0, 1.0]}
05-10 15:05:07.060  1481  2154 V ColorCornerRadiusAnimation: applyTransformation currentRadius =:102.0,callerandroid.view.animation.Animation.getTransformation:911 android.view.animation.Animation.getTransformation:985 android.view.animation.AnimationSet.getTransformation:384 com.android.server.wm.WindowAnimationSpec.apply:98 com.android.server.wm.SurfaceAnimationRunner.applyTransformation:231 com.android.server.wm.SurfaceAnimationRunner.lambda$startAnimationLocked$3:181 
05-10 15:05:07.060  1481  2154 V ColorCornerRadiusAnimation:  t =:Transformation{alpha=1.0 matrix=[1.0, 0.0, 0.0][0.0, 1.0, 0.0][0.0, 0.0, 1.0]}
05-10 15:05:07.062  1481  2153 V WindowManager: adjustNotShowWallpaperByOppo: false
05-10 15:05:07.067  1481  2153 I WindowManager: handleOpeningSpecialApp (statusbar != null ) true pkg: com.oppo.launcher start: 4
05-10 15:05:07.068  1481  2153 V WindowManager: adjustNotShowWallpaperByOppo: false
05-10 15:05:07.077  1481  2153 V WindowManager: adjustNotShowWallpaperByOppo: false
05-10 15:05:07.154  1481  3321 D Dex2oatManagerService: registerCallback from pid:7505 from uid:10106
05-10 15:05:07.224  1481  3321 V WindowManager: Changing focus from null to Window{aa7b2f0 u0 com.oppo.camera/com.oppo.camera.Camera}
05-10 15:05:07.316  1481  1592 V TaskTapPointerEventListener: isSwipeFromBottom true motionEventMotionEvent { action=ACTION_DOWN, actionButton=0, id[0]=0, x[0]=584.0, y[0]=2339.0, toolType[0]=TOOL_TYPE_FINGER, buttonState=0, metaState=0, flags=0x0, edgeFlags=0x0, pointerCount=1, historySize=0, eventTime=56771299, downTime=56771299, deviceId=7, source=0x1002 }
05-10 15:05:07.347  7505  7505 D ViewRootImpl: swipeFromBottom mIgnoring true downY 2339 mScreenHeight 2340 mStatusBarHeight 54 globalScale 1.125
05-10 15:05:07.349  1481  2192 W ActivityManager: preloadAction is 0, starting intent = act=android.intent.action.MAIN cat=[android.intent.category.HOME] flg=0x10200000 cmp=com.oppo.launcher/.Launcher (has extras)
05-10 15:05:07.361  1481  2192 I ActivityManager: START u0 {act=android.intent.action.MAIN cat=[android.intent.category.HOME] flg=0x10200000 cmp=com.oppo.launcher/.Launcher (has extras)} from uid 1000 and from pid 1481
05-10 15:05:07.382  1481  2192 V ActivityManager: moveToFront in activity stack reason =:bringingFoundTaskToFront,realToHome =:true
05-10 15:05:07.395  1481  2566 I MotorManagerService: notifyActivityChanged: mBackgroudPkg = com.oppo.camera mFocusPkg = com.oppo.launcher mIsSplitMode = false mBackActivity =  mFocusActivity = com.oppo.launcher.Launcher
05-10 15:05:07.397  1481  2192 V WindowManager: Changing focus from Window{aa7b2f0 u0 com.oppo.camera/com.oppo.camera.Camera} to null
05-10 15:05:07.416  1481  2192 D DEBUG_VISIBILITY: mOccluded:false lastOccluded:false
05-10 15:05:07.419  1481  2192 I chatty  : uid=1000(system) InputDispatcher identical 1 line
05-10 15:05:07.422  1481  2192 D DEBUG_VISIBILITY: mOccluded:false lastOccluded:false
05-10 15:05:07.425  1481  2192 V WindowManager: adjustNotShowWallpaperByOppo: false
05-10 15:05:07.458  1481  1698 W OppoStartExitAnimation: it is so long for waiting app-start animation start,so reset animation state
05-10 15:05:07.474  1481  9627 V WindowManager: adjustNotShowWallpaperByOppo: false
05-10 15:05:07.474  1481  9627 V OppoStartExitAnimation: CallbackLog,postOppoLauncherTransitionStartCallback mLauncherTransitionStartedCallback =:android.os.IRemoteCallback$Stub$Proxy@b2304b4,mLauncherTransitionFinishedCallback =:android.os.IRemoteCallback$Stub$Proxy@9008dd
05-10 15:05:07.487  1481  9627 V ColorCornerRadiusAnimation: applyTransformation currentRadius =:102.0,callerandroid.view.animation.Animation.getTransformation:911 android.view.animation.Animation.getTransformation:985 android.view.animation.AnimationSet.getTransformation:384 com.android.server.wm.WindowAnimationSpec.apply:98 com.android.server.wm.SurfaceAnimationRunner.applyTransformation:231 com.android.server.wm.SurfaceAnimationRunner.startAnimation:134 
05-10 15:05:07.487  1481  9627 V ColorCornerRadiusAnimation:  t =:Transformation{alpha=1.0 matrix=[1.0, 0.0, 0.0][0.0, 1.0, 0.0][0.0, 0.0, 1.0]}
05-10 15:05:07.496  1481  9627 I WindowManager: handleOpeningSpecialApp (statusbar != null ) true pkg: com.oppo.launcher start: 0
05-10 15:05:07.509  1481  2154 V ColorCornerRadiusAnimation: applyTransformation currentRadius =:102.0,callerandroid.view.animation.Animation.getTransformation:911 android.view.animation.Animation.getTransformation:985 android.view.animation.AnimationSet.getTransformation:384 com.android.server.wm.WindowAnimationSpec.apply:98 com.android.server.wm.SurfaceAnimationRunner.applyTransformation:231 com.android.server.wm.SurfaceAnimationRunner.lambda$startAnimationLocked$3:181 
05-10 15:05:07.509  1481  2154 V ColorCornerRadiusAnimation:  t =:Transformation{alpha=1.0 matrix=[1.0, 0.0, 0.0][0.0, 1.0, 0.0][0.0, 0.0, 1.0]}
05-10 15:05:07.510  1481  2154 V ColorCornerRadiusAnimation: applyTransformation currentRadius =:114.467964,callerandroid.view.animation.Animation.getTransformation:911 android.view.animation.Animation.getTransformation:985 android.view.animation.AnimationSet.getTransformation:384 com.android.server.wm.WindowAnimationSpec.apply:98 com.android.server.wm.SurfaceAnimationRunner.applyTransformation:231 com.android.server.wm.SurfaceAnimationRunner.lambda$startAnimationLocked$3:181 
05-10 15:05:07.510  1481  2154 V ColorCornerRadiusAnimation:  t =:Transformation{alpha=1.0 matrix=[1.0, 0.0, 0.0][0.0, 1.0, 0.0][0.0, 0.0, 1.0]}
05-10 15:05:07.510  1481  2154 V ColorCornerRadiusAnimation: applyTransformation currentRadius =:114.467964,callerandroid.view.animation.Animation.getTransformation:911 android.view.animation.Animation.getTransformation:985 android.view.animation.AnimationSet.getTransformation:384 com.android.server.wm.WindowAnimationSpec.apply:98 com.android.server.wm.SurfaceAnimationRunner.applyTransformation:231 com.android.server.wm.SurfaceAnimationRunner.lambda$startAnimationLocked$3:181 
05-10 15:05:07.510  1481  2154 V ColorCornerRadiusAnimation:  t =:Transformation{alpha=1.0 matrix=[1.0, 0.0, 0.0][0.0, 1.0, 0.0][0.0, 0.0, 1.0]}
05-10 15:05:07.526  1481  2154 V ColorCornerRadiusAnimation: applyTransformation currentRadius =:129.86041,callerandroid.view.animation.Animation.getTransformation:911 android.view.animation.Animation.getTransformation:985 android.view.animation.AnimationSet.getTransformation:384 com.android.server.wm.WindowAnimationSpec.apply:98 com.android.server.wm.SurfaceAnimationRunner.applyTransformation:231 com.android.server.wm.SurfaceAnimationRunner.lambda$startAnimationLocked$3:181 
05-10 15:05:07.526  1481  2154 V ColorCornerRadiusAnimation:  t =:Transformation{alpha=1.0 matrix=[1.0, 0.0, 0.0][0.0, 1.0, 0.0][0.0, 0.0, 1.0]}
05-10 15:05:07.542  1481  9627 I WindowManager: TopFullScreen status bar state changed, topIsFullscreen:false topWin:Window{208d308 u0 com.oppo.launcher/com.oppo.launcher.Launcher} topActivityIsFullscreen:false
05-10 15:05:07.542  1481  9627 I StatusBarManagerService:  topIsFullscreen fullscreen false
05-10 15:05:07.542  1481  2154 V ColorCornerRadiusAnimation: applyTransformation currentRadius =:146.15388,callerandroid.view.animation.Animation.getTransformation:911 android.view.animation.Animation.getTransformation:985 android.view.animation.AnimationSet.getTransformation:384 com.android.server.wm.WindowAnimationSpec.apply:98 com.android.server.wm.SurfaceAnimationRunner.applyTransformation:231 com.android.server.wm.SurfaceAnimationRunner.lambda$startAnimationLocked$3:181 
05-10 15:05:07.542  1481  2154 V ColorCornerRadiusAnimation:  t =:Transformation{alpha=1.0 matrix=[1.0, 0.0, 0.0][0.0, 1.0, 0.0][0.0, 0.0, 1.0]}
05-10 15:05:07.543  1481  9627 I WindowManager: finishPostLayoutPolicyLw (statusbar != null ) true topIsFullscreen false top = Window{208d308 u0 com.oppo.launcher/com.oppo.launcher.Launcher} topActivityIsFullscreen false
05-10 15:05:07.543  1481  9627 I StatusBarManagerService:  topIsFullscreen fullscreen false
05-10 15:05:07.559  1481  2154 V ColorCornerRadiusAnimation: applyTransformation currentRadius =:167.141,callerandroid.view.animation.Animation.getTransformation:911 android.view.animation.Animation.getTransformation:985 android.view.animation.AnimationSet.getTransformation:384 com.android.server.wm.WindowAnimationSpec.apply:98 com.android.server.wm.SurfaceAnimationRunner.applyTransformation:231 com.android.server.wm.SurfaceAnimationRunner.lambda$startAnimationLocked$3:181 
05-10 15:05:07.559  1481  2154 V ColorCornerRadiusAnimation:  t =:Transformation{alpha=1.0 matrix=[1.0, 0.0, 0.0][0.0, 1.0, 0.0][0.0, 0.0, 1.0]}
05-10 15:05:07.567  1481  2153 V WindowManager: adjustNotShowWallpaperByOppo: false
05-10 15:05:07.576  1481  2154 V ColorCornerRadiusAnimation: applyTransformation currentRadius =:190.61868,callerandroid.view.animation.Animation.getTransformation:911 android.view.animation.Animation.getTransformation:985 android.view.animation.AnimationSet.getTransformation:384 com.android.server.wm.WindowAnimationSpec.apply:98 com.android.server.wm.SurfaceAnimationRunner.applyTransformation:231 com.android.server.wm.SurfaceAnimationRunner.lambda$startAnimationLocked$3:181 
05-10 15:05:07.576  1481  2154 V ColorCornerRadiusAnimation:  t =:Transformation{alpha=1.0 matrix=[1.0, 0.0, 0.0][0.0, 1.0, 0.0][0.0, 0.0, 1.0]}
05-10 15:05:07.593  1481  2154 V ColorCornerRadiusAnimation: applyTransformation currentRadius =:210.74811,callerandroid.view.animation.Animation.getTransformation:911 android.view.animation.Animation.getTransformation:985 android.view.animation.AnimationSet.getTransformation:384 com.android.server.wm.WindowAnimationSpec.apply:98 com.android.server.wm.SurfaceAnimationRunner.applyTransformation:231 com.android.server.wm.SurfaceAnimationRunner.lambda$startAnimationLocked$3:181 
05-10 15:05:07.593  1481  2154 V ColorCornerRadiusAnimation:  t =:Transformation{alpha=1.0 matrix=[1.0, 0.0, 0.0][0.0, 1.0, 0.0][0.0, 0.0, 1.0]}
05-10 15:05:07.609  1481  2154 V ColorCornerRadiusAnimation: applyTransformation currentRadius =:220.3727,callerandroid.view.animation.Animation.getTransformation:911 android.view.animation.Animation.getTransformation:985 android.view.animation.AnimationSet.getTransformation:384 com.android.server.wm.WindowAnimationSpec.apply:98 com.android.server.wm.SurfaceAnimationRunner.applyTransformation:231 com.android.server.wm.SurfaceAnimationRunner.lambda$startAnimationLocked$3:181 
05-10 15:05:07.609  1481  2154 V ColorCornerRadiusAnimation:  t =:Transformation{alpha=1.0 matrix=[1.0, 0.0, 0.0][0.0, 1.0, 0.0][0.0, 0.0, 1.0]}
05-10 15:05:07.626  1481  2154 V ColorCornerRadiusAnimation: applyTransformation currentRadius =:225.76907,callerandroid.view.animation.Animation.getTransformation:911 android.view.animation.Animation.getTransformation:985 android.view.animation.AnimationSet.getTransformation:384 com.android.server.wm.WindowAnimationSpec.apply:98 com.android.server.wm.SurfaceAnimationRunner.applyTransformation:231 com.android.server.wm.SurfaceAnimationRunner.lambda$startAnimationLocked$3:181 
05-10 15:05:07.626  1481  2154 V ColorCornerRadiusAnimation:  t =:Transformation{alpha=1.0 matrix=[1.0, 0.0, 0.0][0.0, 1.0, 0.0][0.0, 0.0, 1.0]}
05-10 15:05:07.641  1481  3321 V WindowManager: Changing focus from null to Window{208d308 u0 com.oppo.launcher/com.oppo.launcher.Launcher}
05-10 15:05:07.644  1481  2153 V WindowManager: adjustNotShowWallpaperByOppo: false
05-10 15:05:07.647  1481  2154 V ColorCornerRadiusAnimation: applyTransformation currentRadius =:229.23132,callerandroid.view.animation.Animation.getTransformation:911 android.view.animation.Animation.getTransformation:985 android.view.animation.AnimationSet.getTransformation:384 com.android.server.wm.WindowAnimationSpec.apply:98 com.android.server.wm.SurfaceAnimationRunner.applyTransformation:231 com.android.server.wm.SurfaceAnimationRunner.lambda$startAnimationLocked$3:181 
05-10 15:05:07.647  1481  2154 V ColorCornerRadiusAnimation:  t =:Transformation{alpha=1.0 matrix=[1.0, 0.0, 0.0][0.0, 1.0, 0.0][0.0, 0.0, 1.0]}
05-10 15:05:07.661  1481  2154 V ColorCornerRadiusAnimation: applyTransformation currentRadius =:231.8639,callerandroid.view.animation.Animation.getTransformation:911 android.view.animation.Animation.getTransformation:985 android.view.animation.AnimationSet.getTransformation:384 com.android.server.wm.WindowAnimationSpec.apply:98 com.android.server.wm.SurfaceAnimationRunner.applyTransformation:231 com.android.server.wm.SurfaceAnimationRunner.lambda$startAnimationLocked$3:181 
05-10 15:05:07.661  1481  2154 V ColorCornerRadiusAnimation:  t =:Transformation{alpha=1.0 matrix=[1.0, 0.0, 0.0][0.0, 1.0, 0.0][0.0, 0.0, 1.0]}
05-10 15:05:07.670  1481  9567 D DEBUG_VISIBILITY: mOccluded:false lastOccluded:false
05-10 15:05:07.676  1481  2154 V ColorCornerRadiusAnimation: applyTransformation currentRadius =:233.80252,callerandroid.view.animation.Animation.getTransformation:911 android.view.animation.Animation.getTransformation:985 android.view.animation.AnimationSet.getTransformation:384 com.android.server.wm.WindowAnimationSpec.apply:98 com.android.server.wm.SurfaceAnimationRunner.applyTransformation:231 com.android.server.wm.SurfaceAnimationRunner.lambda$startAnimationLocked$3:181 
05-10 15:05:07.676  1481  2154 V ColorCornerRadiusAnimation:  t =:Transformation{alpha=1.0 matrix=[1.0, 0.0, 0.0][0.0, 1.0, 0.0][0.0, 0.0, 1.0]}
05-10 15:05:07.693  1481  2154 V ColorCornerRadiusAnimation: applyTransformation currentRadius =:235.22983,callerandroid.view.animation.Animation.getTransformation:911 android.view.animation.Animation.getTransformation:985 android.view.animation.AnimationSet.getTransformation:384 com.android.server.wm.WindowAnimationSpec.apply:98 com.android.server.wm.SurfaceAnimationRunner.applyTransformation:231 com.android.server.wm.SurfaceAnimationRunner.lambda$startAnimationLocked$3:181 
05-10 15:05:07.693  1481  2154 V ColorCornerRadiusAnimation:  t =:Transformation{alpha=1.0 matrix=[1.0, 0.0, 0.0][0.0, 1.0, 0.0][0.0, 0.0, 1.0]}
05-10 15:05:07.710  1481  2154 V ColorCornerRadiusAnimation: applyTransformation currentRadius =:236.44812,callerandroid.view.animation.Animation.getTransformation:911 android.view.animation.Animation.getTransformation:985 android.view.animation.AnimationSet.getTransformation:384 com.android.server.wm.WindowAnimationSpec.apply:98 com.android.server.wm.SurfaceAnimationRunner.applyTransformation:231 com.android.server.wm.SurfaceAnimationRunner.lambda$startAnimationLocked$3:181 
05-10 15:05:07.710  1481  2154 V ColorCornerRadiusAnimation:  t =:Transformation{alpha=1.0 matrix=[1.0, 0.0, 0.0][0.0, 1.0, 0.0][0.0, 0.0, 1.0]}
05-10 15:05:07.728  1481  2154 V ColorCornerRadiusAnimation: applyTransformation currentRadius =:237.24957,callerandroid.view.animation.Animation.getTransformation:911 android.view.animation.Animation.getTransformation:985 android.view.animation.AnimationSet.getTransformation:384 com.android.server.wm.WindowAnimationSpec.apply:98 com.android.server.wm.SurfaceAnimationRunner.applyTransformation:231 com.android.server.wm.SurfaceAnimationRunner.lambda$startAnimationLocked$3:181 
05-10 15:05:07.728  1481  2154 V ColorCornerRadiusAnimation:  t =:Transformation{alpha=1.0 matrix=[1.0, 0.0, 0.0][0.0, 1.0, 0.0][0.0, 0.0, 1.0]}
05-10 15:05:07.743  1481  2154 V ColorCornerRadiusAnimation: applyTransformation currentRadius =:237.93024,callerandroid.view.animation.Animation.getTransformation:911 android.view.animation.Animation.getTransformation:985 android.view.animation.AnimationSet.getTransformation:384 com.android.server.wm.WindowAnimationSpec.apply:98 com.android.server.wm.SurfaceAnimationRunner.applyTransformation:231 com.android.server.wm.SurfaceAnimationRunner.lambda$startAnimationLocked$3:181 
05-10 15:05:07.743  1481  2154 V ColorCornerRadiusAnimation:  t =:Transformation{alpha=1.0 matrix=[1.0, 0.0, 0.0][0.0, 1.0, 0.0][0.0, 0.0, 1.0]}
05-10 15:05:07.761  1481  2154 V ColorCornerRadiusAnimation: applyTransformation currentRadius =:238.34682,callerandroid.view.animation.Animation.getTransformation:911 android.view.animation.Animation.getTransformation:985 android.view.animation.AnimationSet.getTransformation:384 com.android.server.wm.WindowAnimationSpec.apply:98 com.android.server.wm.SurfaceAnimationRunner.applyTransformation:231 com.android.server.wm.SurfaceAnimationRunner.lambda$startAnimationLocked$3:181 
05-10 15:05:07.761  1481  2154 V ColorCornerRadiusAnimation:  t =:Transformation{alpha=1.0 matrix=[1.0, 0.0, 0.0][0.0, 1.0, 0.0][0.0, 0.0, 1.0]}
05-10 15:05:07.763  1481  2153 V OppoStartExitAnimation: CallbackLog,postOppoLauncherTransitionFinishCallback mLauncherTransitionStartedCallback =:android.os.IRemoteCallback$Stub$Proxy@685d6f,mLauncherTransitionFinishedCallback =:android.os.IRemoteCallback$Stub$Proxy@bc1ca7c
05-10 15:05:07.763  1481  2153 V OppoStartExitAnimation: CallbackLog,clearOppoLauncherCallbacks  ****** 
05-10 15:05:07.776  1481  2154 V ColorCornerRadiusAnimation: applyTransformation currentRadius =:238.73605,callerandroid.view.animation.Animation.getTransformation:911 android.view.animation.Animation.getTransformation:985 android.view.animation.AnimationSet.getTransformation:384 com.android.server.wm.WindowAnimationSpec.apply:98 com.android.server.wm.SurfaceAnimationRunner.applyTransformation:231 com.android.server.wm.SurfaceAnimationRunner.lambda$startAnimationLocked$3:181 
05-10 15:05:07.776  1481  2154 V ColorCornerRadiusAnimation:  t =:Transformation{alpha=1.0 matrix=[1.0, 0.0, 0.0][0.0, 1.0, 0.0][0.0, 0.0, 1.0]}
05-10 15:05:07.793  1481  2154 V ColorCornerRadiusAnimation: applyTransformation currentRadius =:238.91792,callerandroid.view.animation.Animation.getTransformation:911 android.view.animation.Animation.getTransformation:985 android.view.animation.AnimationSet.getTransformation:384 com.android.server.wm.WindowAnimationSpec.apply:98 com.android.server.wm.SurfaceAnimationRunner.applyTransformation:231 com.android.server.wm.SurfaceAnimationRunner.lambda$startAnimationLocked$3:181 
05-10 15:05:07.793  1481  2154 V ColorCornerRadiusAnimation:  t =:Transformation{alpha=1.0 matrix=[1.0, 0.0, 0.0][0.0, 1.0, 0.0][0.0, 0.0, 1.0]}
05-10 15:05:07.810  1481  2154 V ColorCornerRadiusAnimation: applyTransformation currentRadius =:238.98558,callerandroid.view.animation.Animation.getTransformation:911 android.view.animation.Animation.getTransformation:985 android.view.animation.AnimationSet.getTransformation:384 com.android.server.wm.WindowAnimationSpec.apply:98 com.android.server.wm.SurfaceAnimationRunner.applyTransformation:231 com.android.server.wm.SurfaceAnimationRunner.lambda$startAnimationLocked$3:181 
05-10 15:05:07.810  1481  2154 V ColorCornerRadiusAnimation:  t =:Transformation{alpha=1.0 matrix=[1.0, 0.0, 0.0][0.0, 1.0, 0.0][0.0, 0.0, 1.0]}
05-10 15:05:07.813  1481  2153 V WindowManager: adjustNotShowWallpaperByOppo: false
05-10 15:05:07.827  1481  2154 V OppoStartExitAnimation: CallbackLog,postOppoLauncherTransitionFinishCallback mLauncherTransitionStartedCallback =:null,mLauncherTransitionFinishedCallback =:null
05-10 15:05:07.827  1481  2154 V ColorCornerRadiusAnimation: applyTransformation currentRadius =:239.0,callerandroid.view.animation.Animation.getTransformation:911 android.view.animation.Animation.getTransformation:985 android.view.animation.AnimationSet.getTransformation:384 com.android.server.wm.WindowAnimationSpec.apply:98 com.android.server.wm.SurfaceAnimationRunner.applyTransformation:231 com.android.server.wm.SurfaceAnimationRunner.lambda$startAnimationLocked$3:181 
05-10 15:05:07.827  1481  2154 V ColorCornerRadiusAnimation:  t =:Transformation{alpha=1.0 matrix=[1.0, 0.0, 0.0][0.0, 1.0, 0.0][0.0, 0.0, 1.0]}
05-10 15:05:07.830  1481  2153 V WindowManager: adjustNotShowWallpaperByOppo: false
05-10 15:05:07.834  1481  2153 I WindowManager: handleOpeningSpecialApp (statusbar != null ) true pkg: com.oppo.launcher start: 3
05-10 15:05:07.838  1481  2153 V WindowManager: adjustNotShowWallpaperByOppo: false
05-10 15:05:07.892  1481  1591 W ActivityManager: Activity pause timeout for ActivityRecord{908a1eb u0 com.oppo.camera/.Camera t874}
05-10 15:05:07.894  1481  1591 D DEBUG_VISIBILITY: mOccluded:false lastOccluded:false
05-10 15:05:07.898  1481  1591 D DEBUG_VISIBILITY: mOccluded:false lastOccluded:false
05-10 15:05:07.905  1481  9567 D DisplayPowerController: adjustment == 1203.5294
05-10 15:05:07.905  1481  9567 D DisplayPowerController: Camera(boot gallery from camera)
05-10 15:05:07.919  1481  3525 D DisplayPowerController: adjustment == 2005.8823
05-10 15:05:07.954  1481  3525 D DEBUG_VISIBILITY: mOccluded:false lastOccluded:false
05-10 15:05:07.957  1481  3526 D DEBUG_VISIBILITY: mOccluded:false lastOccluded:false
05-10 15:05:07.999  1481  3525 W ActivityManager: preloadAction is 0, starting intent = act=android.intent.action.MAIN cat=[android.intent.category.LAUNCHER] flg=0x10200000 cmp=com.android.contacts/.DialtactsActivityAlias bnds=[294,2049][540,2283]
05-10 15:05:08.000  1481  3525 I ActivityManager: START u0 {act=android.intent.action.MAIN cat=[android.intent.category.LAUNCHER] flg=0x10200000 cmp=com.android.contacts/.DialtactsActivityAlias bnds=[294,2049][540,2283]} from uid 10047 and from pid 3153
05-10 15:05:08.009  1481  2567 D MotorSocketServer: new client coming!
05-10 15:05:08.009  1481  2567 D MotorSocketServer: readBytes = 23
05-10 15:05:08.009  1481  2567 D MotorSocketServer: ClientSocket read info = 0,0,com.oppo.camera,0,0
05-10 15:05:08.009  1481  2567 D MotorManagerService: msg from socket = 0,0,com.oppo.camera,0,0
05-10 15:05:08.009  1481  2567 D MotorSocketServer: wait for new client coming!
05-10 15:05:08.009  1481  2566 D MotorManagerService: socket from camera, cameraUserPid: 0 mCameraID: 0  mSceneFlag: 0 mFocusPkg: com.oppo.launcher sCameraUserPkg:  autoFlashFlag: 0
05-10 15:05:08.009  1481  2566 D MotorManagerService: camera_flash comes
05-10 15:05:08.009  1481  2566 D MotorManagerService: delayDownMotorByCamera
05-10 15:05:08.009  1481  2566 D MotorManagerService: has no OppoAlbumFocusMess
05-10 15:05:08.012  1481  9567 D CameraService_proxy: notifyHypnus camera status close
05-10 15:05:08.056  1481  1592 D Dex2oatManagerService: Foreground changed, PID: 7336 UID: 10021 foreground: true
05-10 15:05:08.056  1481  1592 D Dex2oatManagerService: Current app:com.android.contacts/com.oppo.contacts.activities.OppoContactsTabActivity
05-10 15:05:08.056  1481  1592 D Dex2oatManagerService: Not cold launch condition
05-10 15:05:08.056  1481  1592 D Dex2oatManagerService: Foreground changed, PID: 7505 UID: 10106 foreground: false
05-10 15:05:08.074  1481  2566 I MotorManagerService: notifyActivityChanged: mBackgroudPkg = com.oppo.launcher mFocusPkg = com.android.contacts mIsSplitMode = false mBackActivity = com.oppo.launcher.Launcher mFocusActivity = com.android.contacts.DialtactsActivityAlias
05-10 15:05:08.078  1481  3321 V WindowManager: Changing focus from Window{208d308 u0 com.oppo.launcher/com.oppo.launcher.Launcher} to null
05-10 15:05:08.082  1481  3321 D DEBUG_VISIBILITY: mOccluded:false lastOccluded:false
05-10 15:05:08.085  1481  3321 I chatty  : uid=1000(system) Binder:1481_A identical 2 lines
05-10 15:05:08.088  1481  3321 D DEBUG_VISIBILITY: mOccluded:false lastOccluded:false
05-10 15:05:08.162  1481  1597 V ActivityManager: getAllTopPkgName 1 com.android.contacts
05-10 15:05:08.162  1481  1597 I chatty  : uid=1000(system) BroadcastQueue identical 3 lines
05-10 15:05:08.162  1481  1597 V ActivityManager: getAllTopPkgName 1 com.android.contacts
05-10 15:05:08.196  1481  3525 V WindowManager: Changing focus from null to Window{3da78af u0 com.android.contacts/com.android.contacts.DialtactsActivityAlias}
05-10 15:05:08.249  1481  2153 V ColorCornerRadiusAnimation: applyTransformation currentRadius =:239.0,callerandroid.view.animation.Animation.getTransformation:911 android.view.animation.Animation.getTransformation:985 android.view.animation.AnimationSet.getTransformation:384 com.android.server.wm.WindowAnimationSpec.apply:98 com.android.server.wm.SurfaceAnimationRunner.applyTransformation:231 com.android.server.wm.SurfaceAnimationRunner.startAnimation:134 
05-10 15:05:08.249  1481  2153 V ColorCornerRadiusAnimation:  t =:Transformation{alpha=1.0 matrix=[1.0, 0.0, 0.0][0.0, 1.0, 0.0][0.0, 0.0, 1.0]}
05-10 15:05:08.259  1481  2154 V ColorCornerRadiusAnimation: applyTransformation currentRadius =:239.0,callerandroid.view.animation.Animation.getTransformation:911 android.view.animation.Animation.getTransformation:985 android.view.animation.AnimationSet.getTransformation:384 com.android.server.wm.WindowAnimationSpec.apply:98 com.android.server.wm.SurfaceAnimationRunner.applyTransformation:231 com.android.server.wm.SurfaceAnimationRunner.lambda$startAnimationLocked$3:181 
05-10 15:05:08.259  1481  2154 V ColorCornerRadiusAnimation:  t =:Transformation{alpha=1.0 matrix=[1.0, 0.0, 0.0][0.0, 1.0, 0.0][0.0, 0.0, 1.0]}
05-10 15:05:08.260  1481  2154 V ColorCornerRadiusAnimation: applyTransformation currentRadius =:224.60345,callerandroid.view.animation.Animation.getTransformation:911 android.view.animation.Animation.getTransformation:985 android.view.animation.AnimationSet.getTransformation:384 com.android.server.wm.WindowAnimationSpec.apply:98 com.android.server.wm.SurfaceAnimationRunner.applyTransformation:231 com.android.server.wm.SurfaceAnimationRunner.lambda$startAnimationLocked$3:181 
05-10 15:05:08.260  1481  2154 V ColorCornerRadiusAnimation:  t =:Transformation{alpha=1.0 matrix=[1.0, 0.0, 0.0][0.0, 1.0, 0.0][0.0, 0.0, 1.0]}
05-10 15:05:08.260  1481  2154 V ColorCornerRadiusAnimation: applyTransformation currentRadius =:224.60345,callerandroid.view.animation.Animation.getTransformation:911 android.view.animation.Animation.getTransformation:985 android.view.animation.AnimationSet.getTransformation:384 com.android.server.wm.WindowAnimationSpec.apply:98 com.android.server.wm.SurfaceAnimationRunner.applyTransformation:231 com.android.server.wm.SurfaceAnimationRunner.lambda$startAnimationLocked$3:181 
05-10 15:05:08.260  1481  2154 V ColorCornerRadiusAnimation:  t =:Transformation{alpha=1.0 matrix=[1.0, 0.0, 0.0][0.0, 1.0, 0.0][0.0, 0.0, 1.0]}
05-10 15:05:08.265  1481  3526 D DEBUG_VISIBILITY: mOccluded:false lastOccluded:false
05-10 15:05:08.276  1481  2154 V ColorCornerRadiusAnimation: applyTransformation currentRadius =:206.48746,callerandroid.view.animation.Animation.getTransformation:911 android.view.animation.Animation.getTransformation:985 android.view.animation.AnimationSet.getTransformation:384 com.android.server.wm.WindowAnimationSpec.apply:98 com.android.server.wm.SurfaceAnimationRunner.applyTransformation:231 com.android.server.wm.SurfaceAnimationRunner.lambda$startAnimationLocked$3:181 
05-10 15:05:08.276  1481  2154 V ColorCornerRadiusAnimation:  t =:Transformation{alpha=1.0 matrix=[1.0, 0.0, 0.0][0.0, 1.0, 0.0][0.0, 0.0, 1.0]}
05-10 15:05:08.292  1481  2154 V ColorCornerRadiusAnimation: applyTransformation currentRadius =:186.65988,callerandroid.view.animation.Animation.getTransformation:911 android.view.animation.Animation.getTransformation:985 android.view.animation.AnimationSet.getTransformation:384 com.android.server.wm.WindowAnimationSpec.apply:98 com.android.server.wm.SurfaceAnimationRunner.applyTransformation:231 com.android.server.wm.SurfaceAnimationRunner.lambda$startAnimationLocked$3:181 
05-10 15:05:08.292  1481  2154 V ColorCornerRadiusAnimation:  t =:Transformation{alpha=1.0 matrix=[1.0, 0.0, 0.0][0.0, 1.0, 0.0][0.0, 0.0, 1.0]}
05-10 15:05:08.309  1481  2154 V ColorCornerRadiusAnimation: applyTransformation currentRadius =:160.9914,callerandroid.view.animation.Animation.getTransformation:911 android.view.animation.Animation.getTransformation:985 android.view.animation.AnimationSet.getTransformation:384 com.android.server.wm.WindowAnimationSpec.apply:98 com.android.server.wm.SurfaceAnimationRunner.applyTransformation:231 com.android.server.wm.SurfaceAnimationRunner.lambda$startAnimationLocked$3:181 
05-10 15:05:08.309  1481  2154 V ColorCornerRadiusAnimation:  t =:Transformation{alpha=1.0 matrix=[1.0, 0.0, 0.0][0.0, 1.0, 0.0][0.0, 0.0, 1.0]}
05-10 15:05:08.326  1481  2154 V ColorCornerRadiusAnimation: applyTransformation currentRadius =:134.05933,callerandroid.view.animation.Animation.getTransformation:911 android.view.animation.Animation.getTransformation:985 android.view.animation.AnimationSet.getTransformation:384 com.android.server.wm.WindowAnimationSpec.apply:98 com.android.server.wm.SurfaceAnimationRunner.applyTransformation:231 com.android.server.wm.SurfaceAnimationRunner.lambda$startAnimationLocked$3:181 
05-10 15:05:08.326  1481  2154 V ColorCornerRadiusAnimation:  t =:Transformation{alpha=1.0 matrix=[1.0, 0.0, 0.0][0.0, 1.0, 0.0][0.0, 0.0, 1.0]}
05-10 15:05:08.342  1481  2154 V ColorCornerRadiusAnimation: applyTransformation currentRadius =:121.80917,callerandroid.view.animation.Animation.getTransformation:911 android.view.animation.Animation.getTransformation:985 android.view.animation.AnimationSet.getTransformation:384 com.android.server.wm.WindowAnimationSpec.apply:98 com.android.server.wm.SurfaceAnimationRunner.applyTransformation:231 com.android.server.wm.SurfaceAnimationRunner.lambda$startAnimationLocked$3:181 
05-10 15:05:08.342  1481  2154 V ColorCornerRadiusAnimation:  t =:Transformation{alpha=1.0 matrix=[1.0, 0.0, 0.0][0.0, 1.0, 0.0][0.0, 0.0, 1.0]}
05-10 15:05:08.359  1481  2154 V ColorCornerRadiusAnimation: applyTransformation currentRadius =:115.34747,callerandroid.view.animation.Animation.getTransformation:911 android.view.animation.Animation.getTransformation:985 android.view.animation.AnimationSet.getTransformation:384 com.android.server.wm.WindowAnimationSpec.apply:98 com.android.server.wm.SurfaceAnimationRunner.applyTransformation:231 com.android.server.wm.SurfaceAnimationRunner.lambda$startAnimationLocked$3:181 
05-10 15:05:08.359  1481  2154 V ColorCornerRadiusAnimation:  t =:Transformation{alpha=1.0 matrix=[1.0, 0.0, 0.0][0.0, 1.0, 0.0][0.0, 0.0, 1.0]}
05-10 15:05:08.376  1481  2154 V ColorCornerRadiusAnimation: applyTransformation currentRadius =:111.18646,callerandroid.view.animation.Animation.getTransformation:911 android.view.animation.Animation.getTransformation:985 android.view.animation.AnimationSet.getTransformation:384 com.android.server.wm.WindowAnimationSpec.apply:98 com.android.server.wm.SurfaceAnimationRunner.applyTransformation:231 com.android.server.wm.SurfaceAnimationRunner.lambda$startAnimationLocked$3:181 
05-10 15:05:08.376  1481  2154 V ColorCornerRadiusAnimation:  t =:Transformation{alpha=1.0 matrix=[1.0, 0.0, 0.0][0.0, 1.0, 0.0][0.0, 0.0, 1.0]}
05-10 15:05:08.392  1481  2154 V ColorCornerRadiusAnimation: applyTransformation currentRadius =:108.526505,callerandroid.view.animation.Animation.getTransformation:911 android.view.animation.Animation.getTransformation:985 android.view.animation.AnimationSet.getTransformation:384 com.android.server.wm.WindowAnimationSpec.apply:98 com.android.server.wm.SurfaceAnimationRunner.applyTransformation:231 com.android.server.wm.SurfaceAnimationRunner.lambda$startAnimationLocked$3:181 
05-10 15:05:08.392  1481  2154 V ColorCornerRadiusAnimation:  t =:Transformation{alpha=1.0 matrix=[1.0, 0.0, 0.0][0.0, 1.0, 0.0][0.0, 0.0, 1.0]}
05-10 15:05:08.409  1481  2154 V ColorCornerRadiusAnimation: applyTransformation currentRadius =:106.49565,callerandroid.view.animation.Animation.getTransformation:911 android.view.animation.Animation.getTransformation:985 android.view.animation.AnimationSet.getTransformation:384 com.android.server.wm.WindowAnimationSpec.apply:98 com.android.server.wm.SurfaceAnimationRunner.applyTransformation:231 com.android.server.wm.SurfaceAnimationRunner.lambda$startAnimationLocked$3:181 
05-10 15:05:08.409  1481  2154 V ColorCornerRadiusAnimation:  t =:Transformation{alpha=1.0 matrix=[1.0, 0.0, 0.0][0.0, 1.0, 0.0][0.0, 0.0, 1.0]}
05-10 15:05:08.426  1481  2154 V ColorCornerRadiusAnimation: applyTransformation currentRadius =:105.04329,callerandroid.view.animation.Animation.getTransformation:911 android.view.animation.Animation.getTransformation:985 android.view.animation.AnimationSet.getTransformation:384 com.android.server.wm.WindowAnimationSpec.apply:98 com.android.server.wm.SurfaceAnimationRunner.applyTransformation:231 com.android.server.wm.SurfaceAnimationRunner.lambda$startAnimationLocked$3:181 
05-10 15:05:08.426  1481  2154 V ColorCornerRadiusAnimation:  t =:Transformation{alpha=1.0 matrix=[1.0, 0.0, 0.0][0.0, 1.0, 0.0][0.0, 0.0, 1.0]}
05-10 15:05:08.442  1481  2154 V ColorCornerRadiusAnimation: applyTransformation currentRadius =:104.00415,callerandroid.view.animation.Animation.getTransformation:911 android.view.animation.Animation.getTransformation:985 android.view.animation.AnimationSet.getTransformation:384 com.android.server.wm.WindowAnimationSpec.apply:98 com.android.server.wm.SurfaceAnimationRunner.applyTransformation:231 com.android.server.wm.SurfaceAnimationRunner.lambda$startAnimationLocked$3:181 
05-10 15:05:08.442  1481  2154 V ColorCornerRadiusAnimation:  t =:Transformation{alpha=1.0 matrix=[1.0, 0.0, 0.0][0.0, 1.0, 0.0][0.0, 0.0, 1.0]}
05-10 15:05:08.459  1481  2154 V ColorCornerRadiusAnimation: applyTransformation currentRadius =:103.122284,callerandroid.view.animation.Animation.getTransformation:911 android.view.animation.Animation.getTransformation:985 android.view.animation.AnimationSet.getTransformation:384 com.android.server.wm.WindowAnimationSpec.apply:98 com.android.server.wm.SurfaceAnimationRunner.applyTransformation:231 com.android.server.wm.SurfaceAnimationRunner.lambda$startAnimationLocked$3:181 
05-10 15:05:08.459  1481  2154 V ColorCornerRadiusAnimation:  t =:Transformation{alpha=1.0 matrix=[1.0, 0.0, 0.0][0.0, 1.0, 0.0][0.0, 0.0, 1.0]}
05-10 15:05:08.476  1481  2154 V ColorCornerRadiusAnimation: applyTransformation currentRadius =:102.646194,callerandroid.view.animation.Animation.getTransformation:911 android.view.animation.Animation.getTransformation:985 android.view.animation.AnimationSet.getTransformation:384 com.android.server.wm.WindowAnimationSpec.apply:98 com.android.server.wm.SurfaceAnimationRunner.applyTransformation:231 com.android.server.wm.SurfaceAnimationRunner.lambda$startAnimationLocked$3:181 
05-10 15:05:08.476  1481  2154 V ColorCornerRadiusAnimation:  t =:Transformation{alpha=1.0 matrix=[1.0, 0.0, 0.0][0.0, 1.0, 0.0][0.0, 0.0, 1.0]}
05-10 15:05:08.492  1481  2154 V ColorCornerRadiusAnimation: applyTransformation currentRadius =:102.24609,callerandroid.view.animation.Animation.getTransformation:911 android.view.animation.Animation.getTransformation:985 android.view.animation.AnimationSet.getTransformation:384 com.android.server.wm.WindowAnimationSpec.apply:98 com.android.server.wm.SurfaceAnimationRunner.applyTransformation:231 com.android.server.wm.SurfaceAnimationRunner.lambda$startAnimationLocked$3:181 
05-10 15:05:08.492  1481  2154 V ColorCornerRadiusAnimation:  t =:Transformation{alpha=1.0 matrix=[1.0, 0.0, 0.0][0.0, 1.0, 0.0][0.0, 0.0, 1.0]}
05-10 15:05:08.509  1481  2154 V ColorCornerRadiusAnimation: applyTransformation currentRadius =:102.05765,callerandroid.view.animation.Animation.getTransformation:911 android.view.animation.Animation.getTransformation:985 android.view.animation.AnimationSet.getTransformation:384 com.android.server.wm.WindowAnimationSpec.apply:98 com.android.server.wm.SurfaceAnimationRunner.applyTransformation:231 com.android.server.wm.SurfaceAnimationRunner.lambda$startAnimationLocked$3:181 
05-10 15:05:08.509  1481  2154 V ColorCornerRadiusAnimation:  t =:Transformation{alpha=1.0 matrix=[1.0, 0.0, 0.0][0.0, 1.0, 0.0][0.0, 0.0, 1.0]}
05-10 15:05:08.526  1481  2154 V ColorCornerRadiusAnimation: applyTransformation currentRadius =:102.0,callerandroid.view.animation.Animation.getTransformation:911 android.view.animation.Animation.getTransformation:985 android.view.animation.AnimationSet.getTransformation:384 com.android.server.wm.WindowAnimationSpec.apply:98 com.android.server.wm.SurfaceAnimationRunner.applyTransformation:231 com.android.server.wm.SurfaceAnimationRunner.lambda$startAnimationLocked$3:181 
05-10 15:05:08.526  1481  2154 V ColorCornerRadiusAnimation:  t =:Transformation{alpha=1.0 matrix=[1.0, 0.0, 0.0][0.0, 1.0, 0.0][0.0, 0.0, 1.0]}
05-10 15:05:08.527  1481  2153 V WindowManager: adjustNotShowWallpaperByOppo: false
05-10 15:05:08.530  1481  2153 I WindowManager: handleOpeningSpecialApp (statusbar != null ) true pkg: com.oppo.launcher start: 4
05-10 15:05:08.531  1481  2153 V WindowManager: adjustNotShowWallpaperByOppo: false
05-10 15:05:08.536  1481  1591 D DEBUG_VISIBILITY: mOccluded:false lastOccluded:false
05-10 15:05:08.545  1481  2153 V WindowManager: adjustNotShowWallpaperByOppo: false
05-10 15:05:08.552  1481  1592 D Dex2oatManagerService: Foreground changed, PID: 3153 UID: 10047 foreground: false
05-10 15:05:08.614  1481  2566 D MotorManagerService: downMotorByAllScene :MotorManagerService mAppMotorCommand: 0 mLatestMotorCommand: 0 mGoogleFlashOn: false
05-10 15:05:08.755  1481  1698 W OppoStartExitAnimation: it is so long for waiting app-start animation start,so reset animation state
05-10 15:05:09.629  1481  1481 W WindowManager: removeWindowToken: Attempted to remove non-existing token: android.os.Binder@f57f8aa
05-10 15:05:09.876  1481  2654 E TaskPersister: File error accessing recents directory (directory doesn't exist?).
05-10 15:05:10.675  1481  9567 W ActivityManager: preloadAction is 0, starting intent = act=android.intent.action.MAIN flg=0x10000000 cmp=com.oppo.logkit/.main.OppoLogkitMainActivity
05-10 15:05:10.676  1481  9567 I ActivityManager: START u0 {act=android.intent.action.MAIN flg=0x10000000 cmp=com.oppo.logkit/.main.OppoLogkitMainActivity} from uid 1000 and from pid 31825
05-10 15:05:10.700  1481  2566 I MotorManagerService: notifyActivityChanged: mBackgroudPkg = com.android.contacts mFocusPkg = com.oppo.logkit mIsSplitMode = false mBackActivity = com.android.contacts.DialtactsActivityAlias mFocusActivity = com.oppo.logkit.main.OppoLogkitMainActivity
05-10 15:05:10.703  1481  3525 V WindowManager: Changing focus from Window{3da78af u0 com.android.contacts/com.android.contacts.DialtactsActivityAlias} to null
05-10 15:05:10.705  1481  3525 D DEBUG_VISIBILITY: mOccluded:false lastOccluded:false
05-10 15:05:10.707  1481  3525 I chatty  : uid=1000(system) Binder:1481_F identical 2 lines
05-10 15:05:10.708  1481  3525 D DEBUG_VISIBILITY: mOccluded:false lastOccluded:false
05-10 15:05:10.712  1481  1592 D Dex2oatManagerService: Foreground changed, PID: 31825 UID: 1000 foreground: true
05-10 15:05:10.712  1481  1592 D Dex2oatManagerService: Current app:com.oppo.logkit/com.oppo.logkit.main.OppoLogkitMainActivity
05-10 15:05:10.712  1481  1592 D Dex2oatManagerService: Not cold launch condition
05-10 15:05:10.735  1481  3518 V WindowManager: Changing focus from null to Window{a15c924 u0 com.oppo.logkit/com.oppo.logkit.main.OppoLogkitMainActivity}
05-10 15:05:10.798  1481  3525 D DEBUG_VISIBILITY: mOccluded:false lastOccluded:false
05-10 15:05:11.092  1481  2153 V WindowManager: adjustNotShowWallpaperByOppo: false
05-10 15:05:11.094  1481  2153 I WindowManager: handleOpeningSpecialApp (statusbar != null ) true pkg: com.oppo.launcher start: 4
05-10 15:05:11.095  1481  2153 V WindowManager: adjustNotShowWallpaperByOppo: false
05-10 15:05:11.098  1481  1591 D DEBUG_VISIBILITY: mOccluded:false lastOccluded:false
05-10 15:05:11.128  1481  1592 D Dex2oatManagerService: Foreground changed, PID: 7336 UID: 10021 foreground: false
05-10 15:05:12.953  1481  9567 V ActivityManager: getAllTopPkgName 1 com.oppo.logkit
05-10 15:05:12.953  1481  9567 I ActivityManager: Killing 16090:com.ss.android.article.lite:push/u0a191 (adj 902): Athena[LMK]:cch-empty
05-10 15:05:12.955  1481  9567 I ActivityManager: Killing 15776:com.ss.android.article.lite/u0a191 (adj 900): Athena[LMK]:cch-act
05-10 15:05:13.036  1481  2755 D ConnectivityService: ConnectivityService NetworkRequestInfo binderDied(NetworkRequest [ LISTEN id=361, [ Capabilities: INTERNET&NOT_RESTRICTED&TRUSTED Unwanted:  Uid: 10191] ], android.os.BinderProxy@f4e0ff8)
05-10 15:05:13.040  1481  4112 I OppoProcessManager: ProcessRecord{eea8cd1 16090:com.ss.android.article.lite:push/u0a191} died but not restart......
05-10 15:05:13.040  1481  4112 W ActivityManager: app.persistent false app.isolated false app.removed false app ProcessRecord{eea8cd1 16090:com.ss.android.article.lite:push/u0a191}
05-10 15:05:13.041  1481  1592 D Dex2oatManagerService: Process died; UID 10191 PID 16090
05-10 15:05:13.154  1481  9627 D Dex2oatManagerService: Display listener for pid 15776 died.
